111.206.36.146 - - [24/Aug/2014:12:07:12 +0800] "GET /wp-content/themes/zeke/random/7.jpg HTTP/1.1" 200 15162 "http://www.521php.com/archives/category/linux/page/2/" "Mozilla/5.0 (Windows NT 5.1; rv:8.0.1) Gecko/20100101 Firefox/8.0.1" -
61.135.165.23 - - [24/Aug/2014:12:07:12 +0800] "GET /wp-content/themes/zeke/random/10.jpg HTTP/1.1" 200 26269 "http://www.521php.com/archives/category/linux/page/2/" "Mozilla/5.0 (Windows NT 5.1; rv:8.0.1) Gecko/20100101 Firefox/8.0.1" -
111.206.36.143 - - [24/Aug/2014:12:07:12 +0800] "GET /wp-content/themes/zeke/random/8.jpg HTTP/1.1" 200 48700 "http://www.521php.com/archives/category/linux/page/2/" "Mozilla/5.0 (Windows NT 5.1; rv:8.0.1) Gecko/20100101 Firefox/8.0.1" -
111.206.36.4 - - [24/Aug/2014:12:07:12 +0800] "GET /wp-content/themes/zeke/none HTTP/1.1" 301 184 "http://www.521php.com/archives/category/linux/page/2/" "Mozilla/5.0 (Windows NT 5.1; rv:8.0.1) Gecko/20100101 Firefox/8.0.1" -
61.135.186.50 - - [24/Aug/2014:12:07:12 +0800] "GET /wp-content/themes/zeke/MRimg/image2.gif HTTP/1.1" 200 145 "http://www.521php.com/archives/category/linux/page/2/" "Mozilla/5.0 (Windows NT 5.1; rv:8.0.1) Gecko/20100101 Firefox/8.0.1" -
61.135.169.46 - - [24/Aug/2014:12:07:12 +0800] "GET /wp-content/themes/zeke/MRimg/image1.gif HTTP/1.1" 200 145 "http://www.521php.com/archives/category/linux/page/2/" "Mozilla/5.0 (Windows NT 5.1; rv:8.0.1) Gecko/20100101 Firefox/8.0.1" -
111.206.36.10 - - [24/Aug/2014:12:07:12 +0800] "GET /wp-content/themes/zeke/none/ HTTP/1.1" 200 1 "http://www.521php.com/archives/category/linux/page/2/" "Mozilla/5.0 (Windows NT 5.1; rv:8.0.1) Gecko/20100101 Firefox/8.0.1" -
111.206.36.4 - - [24/Aug/2014:12:07:18 +0800] "GET /wp-content/themes/MRuu2011/MRimg/blank.gif HTTP/1.1" 200 22282 "http://www.521php.com/archives/category/linux/page/2/" "Mozilla/5.0 (Windows NT 5.1; rv:8.0.1) Gecko/20100101 Firefox/8.0.1" -
180.153.229.140 - - [24/Aug/2014:12:09:30 +0800] "GET /sitemap.html HTTP/1.1" 200 46085 "-" "Mozilla/5.0 (compatible; MSIE 7.0; Windows NT 5.1; .NET CLR 1.1.4322) 360JK yunjiankong" -
42.62.36.237 - - [24/Aug/2014:12:10:22 +0800] "HEAD /wailian/index.php/html/k/whyduosou.html HTTP/1.1" 200 0 "-" "Mozilla/5.0 (compatible; ChinasoSpider; +http://shoulu.jike.com/spider.html)" -
42.62.36.237 - - [24/Aug/2014:12:10:27 +0800] "GET /wailian/index.php/html/k/whyduosou.html HTTP/1.1" 200 119 "-" "Mozilla/5.0 (compatible; ChinasoSpider; +http://shoulu.jike.com/spider.html)" -
42.62.36.237 - - [24/Aug/2014:12:10:29 +0800] "GET /siteinfo/584.html HTTP/1.1" 404 4030 "-" "Mozilla/5.0 (compatible; ChinasoSpider; +http://shoulu.jike.com/spider.html)" -
42.62.36.237 - - [24/Aug/2014:12:10:40 +0800] "GET /post/html5_demo HTTP/1.1" 404 4030 "-" "Mozilla/5.0 (compatible; ChinasoSpider; +http://shoulu.jike.com/spider.html)" -
42.62.36.237 - - [24/Aug/2014:12:10:40 +0800] "GET /page/4/?url=homme-cinema.com&vt=a HTTP/1.1" 200 15594 "-" "Mozilla/5.0 (compatible; ChinasoSpider; +http://shoulu.jike.com/spider.html)" -
123.125.80.235 - - [24/Aug/2014:12:11:17 +0800] "GET /sitemap.html HTTP/1.1" 200 46085 "-" "Mozilla/5.0 (compatible; MSIE 7.0; Windows NT 5.1; .NET CLR 1.1.4322) 360JK yunjiankong" -
42.156.136.24 - - [24/Aug/2014:12:12:25 +0800] "GET / HTTP/1.1" 200 14179 "-" "Mozilla/5.0 (Linux; U; Android 4.0.2; en-us; Galaxy Nexus Build/ICL53F) AppleWebKit/534.30 (KHTML, like Gecko) Version/4.0 Mobile Safari/534.30" -
123.125.80.235 - - [24/Aug/2014:12:13:41 +0800] "GET /sitemap.html HTTP/1.1" 200 46085 "-" "Mozilla/5.0 (compatible; MSIE 7.0; Windows NT 5.1; .NET CLR 1.1.4322) 360JK yunjiankong" -
180.153.229.140 - - [24/Aug/2014:12:14:31 +0800] "GET /sitemap.html HTTP/1.1" 200 46085 "-" "Mozilla/5.0 (compatible; MSIE 7.0; Windows NT 5.1; .NET CLR 1.1.4322) 360JK yunjiankong" -
220.181.165.7 - - [24/Aug/2014:12:16:49 +0800] "GET /api/fav/?url=http://www.myth007.com HTTP/1.1" 200 9684 "http://www.gkroot.com/links" "Baidu-YunGuanCe-Bot(ce.baidu.com)" -
220.181.165.138 - - [24/Aug/2014:12:16:49 +0800] "GET /api/fav/?url=http://www.sum16.com HTTP/1.1" 200 26725 "http://www.gkroot.com/links" "Baidu-YunGuanCe-Bot(ce.baidu.com)" -
220.181.165.134 - - [24/Aug/2014:12:16:50 +0800] "GET /api/fav/?url=http://www.shenqhy.com HTTP/1.1" 200 1164 "http://www.gkroot.com/links" "Baidu-YunGuanCe-Bot(ce.baidu.com)" -
112.253.28.43 - - [24/Aug/2014:12:16:50 +0800] "GET /url.jpg HTTP/1.0" 200 773 "-" "-" -
220.181.165.8 - - [24/Aug/2014:12:16:51 +0800] "GET /api/fav/?url=http://www.izhuyue.com HTTP/1.1" 200 31061 "http://www.gkroot.com/links" "Baidu-YunGuanCe-Bot(ce.baidu.com)" -
220.181.165.133 - - [24/Aug/2014:12:16:51 +0800] "GET /api/fav/?url=http://hexuan.in HTTP/1.1" 200 787 "http://www.gkroot.com/links" "Baidu-YunGuanCe-Bot(ce.baidu.com)" -
112.253.28.43 - - [24/Aug/2014:12:16:51 +0800] "GET /url.jpg HTTP/1.0" 200 773 "-" "-" -
220.181.165.7 - - [24/Aug/2014:12:16:51 +0800] "GET /api/fav/?url=http://www.sxb.pw HTTP/1.1" 200 787 "http://www.gkroot.com/links" "Baidu-YunGuanCe-Bot(ce.baidu.com)" -
220.181.165.5 - - [24/Aug/2014:12:16:52 +0800] "GET /api/fav/?url=http://www.papwin.com HTTP/1.1" 200 137080 "http://www.gkroot.com/links" "Baidu-YunGuanCe-Bot(ce.baidu.com)" -
112.253.28.43 - - [24/Aug/2014:12:16:53 +0800] "GET /url.jpg HTTP/1.0" 200 773 "-" "-" -
220.181.165.138 - - [24/Aug/2014:12:16:53 +0800] "GET /api/fav/?url=http://www.15ix.org HTTP/1.1" 200 787 "http://www.gkroot.com/links" "Baidu-YunGuanCe-Bot(ce.baidu.com)" -
112.253.28.43 - - [24/Aug/2014:12:16:55 +0800] "GET /url.jpg HTTP/1.0" 200 773 "-" "-" -
220.181.165.11 - - [24/Aug/2014:12:16:55 +0800] "GET /api/fav/?url=http://blog.dennx.com HTTP/1.1" 200 787 "http://www.gkroot.com/links" "Baidu-YunGuanCe-Bot(ce.baidu.com)" -
123.125.80.235 - - [24/Aug/2014:12:18:33 +0800] "GET /sitemap.html HTTP/1.1" 200 46085 "-" "Mozilla/5.0 (compatible; MSIE 7.0; Windows NT 5.1; .NET CLR 1.1.4322) 360JK yunjiankong" -
220.181.165.137 - - [24/Aug/2014:12:18:43 +0800] "GET /api/fav/?url=http://www.shenqhy.com HTTP/1.1" 200 1164 "http://www.gkroot.com/links?replytocom=538" "Baidu-YunGuanCe-Bot(ce.baidu.com)" -
220.181.165.7 - - [24/Aug/2014:12:18:44 +0800] "GET /api/fav/?url=http://www.myth007.com HTTP/1.1" 200 9684 "http://www.gkroot.com/links?replytocom=538" "Baidu-YunGuanCe-Bot(ce.baidu.com)" -
112.253.28.43 - - [24/Aug/2014:12:18:44 +0800] "GET /url.jpg HTTP/1.0" 200 773 "-" "-" -
220.181.165.139 - - [24/Aug/2014:12:18:44 +0800] "GET /api/fav/?url=http://hexuan.in HTTP/1.1" 200 787 "http://www.gkroot.com/links?replytocom=538" "Baidu-YunGuanCe-Bot(ce.baidu.com)" -
220.181.165.11 - - [24/Aug/2014:12:18:45 +0800] "GET /api/fav/?url=http://www.shenqhy.com HTTP/1.1" 200 1164 "http://www.gkroot.com/links?replytocom=77" "Baidu-YunGuanCe-Bot(ce.baidu.com)" -
220.181.165.134 - - [24/Aug/2014:12:18:45 +0800] "GET /api/fav/?url=http://www.izhuyue.com HTTP/1.1" 200 31045 "http://www.gkroot.com/links?replytocom=538" "Baidu-YunGuanCe-Bot(ce.baidu.com)" -
220.181.165.139 - - [24/Aug/2014:12:18:45 +0800] "GET /api/fav/?url=http://www.sum16.com HTTP/1.1" 200 26725 "http://www.gkroot.com/links?replytocom=77" "Baidu-YunGuanCe-Bot(ce.baidu.com)" -
220.181.165.136 - - [24/Aug/2014:12:18:45 +0800] "GET /api/fav/?url=http://www.myth007.com HTTP/1.1" 200 9677 "http://www.gkroot.com/links?replytocom=77" "Baidu-YunGuanCe-Bot(ce.baidu.com)" -
112.253.28.43 - - [24/Aug/2014:12:18:45 +0800] "GET /url.jpg HTTP/1.0" 200 773 "-" "-" -
220.181.165.6 - - [24/Aug/2014:12:18:45 +0800] "GET /api/fav/?url=http://www.sxb.pw HTTP/1.1" 200 787 "http://www.gkroot.com/links?replytocom=538" "Baidu-YunGuanCe-Bot(ce.baidu.com)" -
112.253.28.43 - - [24/Aug/2014:12:18:45 +0800] "GET /url.jpg HTTP/1.0" 200 773 "-" "-" -
220.181.165.139 - - [24/Aug/2014:12:18:45 +0800] "GET /api/fav/?url=http://hexuan.in HTTP/1.1" 200 787 "http://www.gkroot.com/links?replytocom=77" "Baidu-YunGuanCe-Bot(ce.baidu.com)" -
112.253.28.43 - - [24/Aug/2014:12:18:45 +0800] "GET /url.jpg HTTP/1.0" 200 773 "-" "-" -
220.181.165.8 - - [24/Aug/2014:12:18:45 +0800] "GET /api/fav/?url=http://www.15ix.org HTTP/1.1" 200 787 "http://www.gkroot.com/links?replytocom=77" "Baidu-YunGuanCe-Bot(ce.baidu.com)" -
220.181.165.4 - - [24/Aug/2014:12:18:46 +0800] "GET /api/fav/?url=http://www.izhuyue.com HTTP/1.1" 200 31061 "http://www.gkroot.com/links?replytocom=77" "Baidu-YunGuanCe-Bot(ce.baidu.com)" -
112.253.28.43 - - [24/Aug/2014:12:18:46 +0800] "GET /url.jpg HTTP/1.0" 200 773 "-" "-" -
220.181.165.138 - - [24/Aug/2014:12:18:46 +0800] "GET /api/fav/?url=http://www.sxb.pw HTTP/1.1" 200 787 "http://www.gkroot.com/links?replytocom=77" "Baidu-YunGuanCe-Bot(ce.baidu.com)" -
220.181.165.136 - - [24/Aug/2014:12:18:46 +0800] "GET /api/fav/?url=http://www.sum16.com HTTP/1.1" 200 26725 "http://www.gkroot.com/links?replytocom=538" "Baidu-YunGuanCe-Bot(ce.baidu.com)" -
112.253.28.43 - - [24/Aug/2014:12:18:46 +0800] "GET /url.jpg HTTP/1.0" 200 773 "-" "-" -
220.181.165.8 - - [24/Aug/2014:12:18:46 +0800] "GET /api/fav/?url=http://www.15ix.org HTTP/1.1" 200 787 "http://www.gkroot.com/links?replytocom=538" "Baidu-YunGuanCe-Bot(ce.baidu.com)" -
220.181.165.138 - - [24/Aug/2014:12:18:47 +0800] "GET /api/fav/?url=http://www.papwin.com HTTP/1.1" 200 137080 "http://www.gkroot.com/links?replytocom=538" "Baidu-YunGuanCe-Bot(ce.baidu.com)" -
220.181.165.139 - - [24/Aug/2014:12:18:48 +0800] "GET /api/fav/?url=http://www.papwin.com HTTP/1.1" 200 137080 "http://www.gkroot.com/links?replytocom=77" "Baidu-YunGuanCe-Bot(ce.baidu.com)" -
112.253.28.43 - - [24/Aug/2014:12:18:48 +0800] "GET /url.jpg HTTP/1.0" 200 773 "-" "-" -
220.181.165.137 - - [24/Aug/2014:12:18:48 +0800] "GET /api/fav/?url=http://blog.dennx.com HTTP/1.1" 200 787 "http://www.gkroot.com/links?replytocom=538" "Baidu-YunGuanCe-Bot(ce.baidu.com)" -
220.181.165.135 - - [24/Aug/2014:12:18:49 +0800] "GET /api/fav/?url=http://www.shenqhy.com HTTP/1.1" 200 1164 "http://www.gkroot.com/links?replytocom=151" "Baidu-YunGuanCe-Bot(ce.baidu.com)" -
220.181.165.5 - - [24/Aug/2014:12:18:49 +0800] "GET /api/fav/?url=http://www.myth007.com HTTP/1.1" 200 9684 "http://www.gkroot.com/links?replytocom=151" "Baidu-YunGuanCe-Bot(ce.baidu.com)" -
112.253.28.43 - - [24/Aug/2014:12:18:49 +0800] "GET /url.jpg HTTP/1.0" 200 773 "-" "-" -
220.181.165.4 - - [24/Aug/2014:12:18:49 +0800] "GET /api/fav/?url=http://www.sum16.com HTTP/1.1" 200 26725 "http://www.gkroot.com/links?replytocom=151" "Baidu-YunGuanCe-Bot(ce.baidu.com)" -
112.253.28.43 - - [24/Aug/2014:12:18:49 +0800] "GET /url.jpg HTTP/1.0" 200 773 "-" "-" -
220.181.165.4 - - [24/Aug/2014:12:18:49 +0800] "GET /api/fav/?url=http://blog.dennx.com HTTP/1.1" 200 787 "http://www.gkroot.com/links?replytocom=77" "Baidu-YunGuanCe-Bot(ce.baidu.com)" -
220.181.165.5 - - [24/Aug/2014:12:18:49 +0800] "GET /api/fav/?url=http://www.15ix.org HTTP/1.1" 200 787 "http://www.gkroot.com/links?replytocom=151" "Baidu-YunGuanCe-Bot(ce.baidu.com)" -
112.253.28.43 - - [24/Aug/2014:12:18:49 +0800] "GET /url.jpg HTTP/1.0" 200 773 "-" "-" -
220.181.165.5 - - [24/Aug/2014:12:18:49 +0800] "GET /api/fav/?url=http://hexuan.in HTTP/1.1" 200 787 "http://www.gkroot.com/links?replytocom=151" "Baidu-YunGuanCe-Bot(ce.baidu.com)" -
112.253.28.43 - - [24/Aug/2014:12:18:49 +0800] "GET /url.jpg HTTP/1.0" 200 773 "-" "-" -
220.181.165.137 - - [24/Aug/2014:12:18:50 +0800] "GET /api/fav/?url=http://www.sxb.pw HTTP/1.1" 200 787 "http://www.gkroot.com/links?replytocom=151" "Baidu-YunGuanCe-Bot(ce.baidu.com)" -
220.181.165.8 - - [24/Aug/2014:12:18:50 +0800] "GET /api/fav/?url=http://www.izhuyue.com HTTP/1.1" 200 31045 "http://www.gkroot.com/links?replytocom=151" "Baidu-YunGuanCe-Bot(ce.baidu.com)" -
220.181.165.138 - - [24/Aug/2014:12:18:51 +0800] "GET /api/fav/?url=http://www.papwin.com HTTP/1.1" 200 137080 "http://www.gkroot.com/links?replytocom=151" "Baidu-YunGuanCe-Bot(ce.baidu.com)" -
112.253.28.43 - - [24/Aug/2014:12:18:58 +0800] "GET /url.jpg HTTP/1.0" 200 773 "-" "-" -
220.181.165.11 - - [24/Aug/2014:12:18:58 +0800] "GET /api/fav/?url=http://blog.dennx.com HTTP/1.1" 200 787 "http://www.gkroot.com/links?replytocom=151" "Baidu-YunGuanCe-Bot(ce.baidu.com)" -
180.153.229.140 - - [24/Aug/2014:12:19:30 +0800] "GET /sitemap.html HTTP/1.1" 200 46085 "-" "Mozilla/5.0 (compatible; MSIE 7.0; Windows NT 5.1; .NET CLR 1.1.4322) 360JK yunjiankong" -
36.250.185.71 - - [24/Aug/2014:12:21:11 +0800] "GET /archives/1687/ HTTP/1.0" 200 65417 "http://www.521php.com/archives/1687/" "Mozilla/4.0 (compatible; MSIE 6.0; Windows NT 5.1; SV1; .NET CLR 2.0.50727)" -
202.77.138.101 - - [24/Aug/2014:12:22:59 +0800] "GET / HTTP/1.1" 200 78000 "http://www.521php.com/" "Mozilla/4.0 (compatible; MSIE 7.0; Windows NT 5.1; .NET CLR 1.1.4322; .NET CLR 2.0.50727; .NET CLR 3.0.04506.30)" -
123.125.80.235 - - [24/Aug/2014:12:23:33 +0800] "GET /sitemap.html HTTP/1.1" 200 46085 "-" "Mozilla/5.0 (compatible; MSIE 7.0; Windows NT 5.1; .NET CLR 1.1.4322) 360JK yunjiankong" -
180.153.229.140 - - [24/Aug/2014:12:25:16 +0800] "GET /sitemap.html HTTP/1.1" 200 46085 "-" "Mozilla/5.0 (compatible; MSIE 7.0; Windows NT 5.1; .NET CLR 1.1.4322) 360JK yunjiankong" -
123.125.80.235 - - [24/Aug/2014:12:28:33 +0800] "GET /sitemap.html HTTP/1.1" 200 46085 "-" "Mozilla/5.0 (compatible; MSIE 7.0; Windows NT 5.1; .NET CLR 1.1.4322) 360JK yunjiankong" -
180.153.229.140 - - [24/Aug/2014:12:29:33 +0800] "GET /sitemap.html HTTP/1.1" 200 46085 "-" "Mozilla/5.0 (compatible; MSIE 7.0; Windows NT 5.1; .NET CLR 1.1.4322) 360JK yunjiankong" -
112.253.28.43 - - [24/Aug/2014:12:30:03 +0800] "POST /wp-cron.php?doing_wp_cron HTTP/1.0" 200 93 "-" "Wget/1.12 (linux-gnu)" -
123.125.80.235 - - [24/Aug/2014:12:33:33 +0800] "GET /sitemap.html HTTP/1.1" 200 46085 "-" "Mozilla/5.0 (compatible; MSIE 7.0; Windows NT 5.1; .NET CLR 1.1.4322) 360JK yunjiankong" -
180.153.229.140 - - [24/Aug/2014:12:34:31 +0800] "GET /sitemap.html HTTP/1.1" 200 46085 "-" "Mozilla/5.0 (compatible; MSIE 7.0; Windows NT 5.1; .NET CLR 1.1.4322) 360JK yunjiankong" -
123.125.80.235 - - [24/Aug/2014:12:38:33 +0800] "GET /sitemap.html HTTP/1.1" 200 46085 "-" "Mozilla/5.0 (compatible; MSIE 7.0; Windows NT 5.1; .NET CLR 1.1.4322) 360JK yunjiankong" -
180.153.229.140 - - [24/Aug/2014:12:39:33 +0800] "GET /sitemap.html HTTP/1.1" 200 46085 "-" "Mozilla/5.0 (compatible; MSIE 7.0; Windows NT 5.1; .NET CLR 1.1.4322) 360JK yunjiankong" -
123.125.80.235 - - [24/Aug/2014:12:43:33 +0800] "GET /sitemap.html HTTP/1.1" 200 46085 "-" "Mozilla/5.0 (compatible; MSIE 7.0; Windows NT 5.1; .NET CLR 1.1.4322) 360JK yunjiankong" -
180.153.229.140 - - [24/Aug/2014:12:44:31 +0800] "GET /sitemap.html HTTP/1.1" 200 46085 "-" "Mozilla/5.0 (compatible; MSIE 7.0; Windows NT 5.1; .NET CLR 1.1.4322) 360JK yunjiankong" -
183.60.212.161 - - [24/Aug/2014:12:46:56 +0800] "GET /webdir/liuxue/57-1.html HTTP/1.1" 404 4030 "-" "Mozilla/5.0 (compatible; EasouSpider; +http://www.easou.com/search/spider.html)" -
123.125.80.235 - - [24/Aug/2014:12:48:33 +0800] "GET /sitemap.html HTTP/1.1" 200 46085 "-" "Mozilla/5.0 (compatible; MSIE 7.0; Windows NT 5.1; .NET CLR 1.1.4322) 360JK yunjiankong" -
180.153.229.140 - - [24/Aug/2014:12:49:30 +0800] "GET /sitemap.html HTTP/1.1" 200 46085 "-" "Mozilla/5.0 (compatible; MSIE 7.0; Windows NT 5.1; .NET CLR 1.1.4322) 360JK yunjiankong" -
183.60.212.161 - - [24/Aug/2014:12:50:12 +0800] "GET /1947/1949.html HTTP/1.1" 404 4030 "-" "Mozilla/5.0 (compatible; EasouSpider; +http://www.easou.com/search/spider.html)" -
123.125.80.235 - - [24/Aug/2014:12:53:33 +0800] "GET /sitemap.html HTTP/1.1" 200 46085 "-" "Mozilla/5.0 (compatible; MSIE 7.0; Windows NT 5.1; .NET CLR 1.1.4322) 360JK yunjiankong" -
66.249.64.228 - - [24/Aug/2014:12:54:20 +0800] "GET /page/22/?iapolo_com HTTP/1.1" 200 15702 "-" "Mozilla/5.0 (compatible; Googlebot/2.1; +http://www.google.com/bot.html)" -
180.153.229.140 - - [24/Aug/2014:12:54:30 +0800] "GET /sitemap.html HTTP/1.1" 200 46085 "-" "Mozilla/5.0 (compatible; MSIE 7.0; Windows NT 5.1; .NET CLR 1.1.4322) 360JK yunjiankong" -
123.125.80.235 - - [24/Aug/2014:12:58:33 +0800] "GET /sitemap.html HTTP/1.1" 200 46085 "-" "Mozilla/5.0 (compatible; MSIE 7.0; Windows NT 5.1; .NET CLR 1.1.4322) 360JK yunjiankong" -
180.153.229.140 - - [24/Aug/2014:12:59:33 +0800] "GET /sitemap.html HTTP/1.1" 200 46085 "-" "Mozilla/5.0 (compatible; MSIE 7.0; Windows NT 5.1; .NET CLR 1.1.4322) 360JK yunjiankong" -
112.253.28.43 - - [24/Aug/2014:13:00:04 +0800] "POST /wp-cron.php?doing_wp_cron HTTP/1.0" 200 93 "-" "Wget/1.12 (linux-gnu)" -
192.102.204.38 - - [24/Aug/2014:13:01:00 +0800] "GET /feed/ HTTP/1.1" 304 20 "-" "FeedDemon/4.5 (http://www.feeddemon.com/; Microsoft Windows)" -
60.28.16.4 - - [24/Aug/2014:13:01:03 +0800] "GET / HTTP/1.1" 200 14187 "http://www.sogou.com/sogou?query=%E4%B8%AA%E4%BA%BA%E5%8D%9A%E5%AE%A2&pid=AQKo5-7352&duppid=1&sut=3088&lkt=0%2C0%2C0&ie=utf8&sst0=1408856640479&cid=&page=4&w=01029901&dr=1" "Mozilla/5.0 (Windows NT 6.1; WOW64) AppleWebKit/537.36 (KHTML, like Gecko) Chrome/31.0.1650.63 Safari/537.36 SE 2.X MetaSr 1.0" -
123.125.80.235 - - [24/Aug/2014:13:03:32 +0800] "GET /sitemap.html HTTP/1.1" 200 46085 "-" "Mozilla/5.0 (compatible; MSIE 7.0; Windows NT 5.1; .NET CLR 1.1.4322) 360JK yunjiankong" -
180.153.236.103 - - [24/Aug/2014:13:03:50 +0800] "GET /archives/249/ HTTP/1.1" 200 16761 "http://www.521php.com/archives/249/" "Mozilla/5.0 (compatible; MSIE 9.0; Windows NT 6.1; Trident/5.0); 360Spider" -
180.153.229.140 - - [24/Aug/2014:13:04:30 +0800] "GET /sitemap.html HTTP/1.1" 200 46085 "-" "Mozilla/5.0 (compatible; MSIE 7.0; Windows NT 5.1; .NET CLR 1.1.4322) 360JK yunjiankong" -
106.120.160.109 - - [24/Aug/2014:13:05:02 +0800] "GET / HTTP/1.1" 200 84982 "http://www.521php.com/" "Mozilla/4.0 (compatible; MSIE 8.0; Windows NT 6.1; Trident/4.0; SLCC2; .NET CLR 2.0.50727; .NET CLR 3.5.30729; .NET CLR 3.0.30729; Media Center PC 6.0; Tablet PC 2.0)" -
101.199.108.118 - - [24/Aug/2014:13:05:21 +0800] "GET / HTTP/1.1" 200 14187 "-" "Mozilla/5.0 (X11; Windows x86_64) AppleWebKit/536.11 (KHTML, like Gecko) chrome/22.0.1190.0 Safari/536.11" -
101.199.108.118 - - [24/Aug/2014:13:05:21 +0800] "GET /wp-content/themes/zeke/style.css HTTP/1.1" 200 27194 "http://www.521php.com/" "Mozilla/5.0 (X11; Windows x86_64) AppleWebKit/536.11 (KHTML, like Gecko) chrome/22.0.1190.0 Safari/536.11" -
101.199.108.118 - - [24/Aug/2014:13:05:21 +0800] "GET /wp-content/themes/zeke/miaov_style.css HTTP/1.1" 200 261 "http://www.521php.com/" "Mozilla/5.0 (X11; Windows x86_64) AppleWebKit/536.11 (KHTML, like Gecko) chrome/22.0.1190.0 Safari/536.11" -
101.199.108.118 - - [24/Aug/2014:13:05:21 +0800] "GET /wp-content/plugins/crayon-syntax-highlighter/fonts/courier-new.css?ver=2.2.0 HTTP/1.1" 200 86 "http://www.521php.com/" "Mozilla/5.0 (X11; Windows x86_64) AppleWebKit/536.11 (KHTML, like Gecko) chrome/22.0.1190.0 Safari/536.11" -
101.199.108.118 - - [24/Aug/2014:13:05:21 +0800] "GET /wp-content/plugins/crayon-syntax-highlighter/themes/ado/ado.css?ver=2.2.0 HTTP/1.1" 200 4751 "http://www.521php.com/" "Mozilla/5.0 (X11; Windows x86_64) AppleWebKit/536.11 (KHTML, like Gecko) chrome/22.0.1190.0 Safari/536.11" -
101.199.108.118 - - [24/Aug/2014:13:05:21 +0800] "GET /wp-content/plugins/crayon-syntax-highlighter/css/min/crayon.min.css?ver=2.2.0 HTTP/1.1" 200 20907 "http://www.521php.com/" "Mozilla/5.0 (X11; Windows x86_64) AppleWebKit/536.11 (KHTML, like Gecko) chrome/22.0.1190.0 Safari/536.11" -
101.199.108.118 - - [24/Aug/2014:13:05:21 +0800] "GET /api/tz/ HTTP/1.1" 200 1168 "http://www.521php.com/" "Mozilla/5.0 (X11; Windows x86_64) AppleWebKit/536.11 (KHTML, like Gecko) chrome/22.0.1190.0 Safari/536.11" -
101.199.108.118 - - [24/Aug/2014:13:05:21 +0800] "GET /wailian/public/scripts/tj.js HTTP/1.1" 200 627 "http://www.521php.com/" "Mozilla/5.0 (X11; Windows x86_64) AppleWebKit/536.11 (KHTML, like Gecko) chrome/22.0.1190.0 Safari/536.11" -
101.199.108.118 - - [24/Aug/2014:13:05:21 +0800] "GET /wp-content/plugins/crayon-syntax-highlighter/js/min/crayon.min.js?ver=2.2.0 HTTP/1.1" 200 24247 "http://www.521php.com/" "Mozilla/5.0 (X11; Windows x86_64) AppleWebKit/536.11 (KHTML, like Gecko) chrome/22.0.1190.0 Safari/536.11" -
101.199.108.118 - - [24/Aug/2014:13:05:21 +0800] "GET /wp-content/themes/zeke/MRjs/jquery.lazyload.js HTTP/1.1" 200 1626 "http://www.521php.com/" "Mozilla/5.0 (X11; Windows x86_64) AppleWebKit/536.11 (KHTML, like Gecko) chrome/22.0.1190.0 Safari/536.11" -
101.199.108.118 - - [24/Aug/2014:13:05:21 +0800] "GET /wp-content/themes/zeke/MRjs/custom.js HTTP/1.1" 200 1694 "http://www.521php.com/" "Mozilla/5.0 (X11; Windows x86_64) AppleWebKit/536.11 (KHTML, like Gecko) chrome/22.0.1190.0 Safari/536.11" -
101.199.108.118 - - [24/Aug/2014:13:05:21 +0800] "GET /wp-includes/js/jquery/jquery.js?ver=1.7.1 HTTP/1.1" 200 93889 "http://www.521php.com/" "Mozilla/5.0 (X11; Windows x86_64) AppleWebKit/536.11 (KHTML, like Gecko) chrome/22.0.1190.0 Safari/536.11" -
101.199.108.118 - - [24/Aug/2014:13:05:21 +0800] "GET /wp-content/themes/zeke/MRjs/jquery.min.js HTTP/1.1" 200 57075 "http://www.521php.com/" "Mozilla/5.0 (X11; Windows x86_64) AppleWebKit/536.11 (KHTML, like Gecko) chrome/22.0.1190.0 Safari/536.11" -
101.199.108.118 - - [24/Aug/2014:13:05:21 +0800] "GET /wp-content/themes/zeke/miaov.js HTTP/1.1" 200 4099 "http://www.521php.com/" "Mozilla/5.0 (X11; Windows x86_64) AppleWebKit/536.11 (KHTML, like Gecko) chrome/22.0.1190.0 Safari/536.11" -
123.125.80.235 - - [24/Aug/2014:13:08:33 +0800] "GET /sitemap.html HTTP/1.1" 200 46085 "-" "Mozilla/5.0 (compatible; MSIE 7.0; Windows NT 5.1; .NET CLR 1.1.4322) 360JK yunjiankong" -
183.60.215.31 - - [24/Aug/2014:13:08:55 +0800] "GET /new-soft/2014_01_26_1420.html HTTP/1.1" 404 4030 "-" "Mozilla/5.0 (compatible; EasouSpider; +http://www.easou.com/search/spider.html)" -
180.153.229.140 - - [24/Aug/2014:13:09:30 +0800] "GET /sitemap.html HTTP/1.1" 200 46085 "-" "Mozilla/5.0 (compatible; MSIE 7.0; Windows NT 5.1; .NET CLR 1.1.4322) 360JK yunjiankong" -
123.125.80.235 - - [24/Aug/2014:13:13:33 +0800] "GET /sitemap.html HTTP/1.1" 200 46085 "-" "Mozilla/5.0 (compatible; MSIE 7.0; Windows NT 5.1; .NET CLR 1.1.4322) 360JK yunjiankong" -
180.153.229.140 - - [24/Aug/2014:13:14:30 +0800] "GET /sitemap.html HTTP/1.1" 200 46085 "-" "Mozilla/5.0 (compatible; MSIE 7.0; Windows NT 5.1; .NET CLR 1.1.4322) 360JK yunjiankong" -
66.249.89.228 - - [24/Aug/2014:13:15:01 +0800] "GET /feed/ HTTP/1.1" 200 9398 "-" "Feedfetcher-Google; (+http://www.google.com/feedfetcher.html; 1 subscribers; feed-id=7401592756936591704)" -
123.125.80.235 - - [24/Aug/2014:13:18:33 +0800] "GET /sitemap.html HTTP/1.1" 200 46085 "-" "Mozilla/5.0 (compatible; MSIE 7.0; Windows NT 5.1; .NET CLR 1.1.4322) 360JK yunjiankong" -
180.153.229.140 - - [24/Aug/2014:13:19:30 +0800] "GET /sitemap.html HTTP/1.1" 200 46085 "-" "Mozilla/5.0 (compatible; MSIE 7.0; Windows NT 5.1; .NET CLR 1.1.4322) 360JK yunjiankong" -
65.19.138.34 - - [24/Aug/2014:13:22:35 +0800] "GET /feed/ HTTP/1.1" 304 20 "-" "Feedly/1.0 (+http://www.feedly.com/fetcher.html; like FeedFetcher-Google)" -
123.125.80.235 - - [24/Aug/2014:13:23:33 +0800] "GET /sitemap.html HTTP/1.1" 200 46085 "-" "Mozilla/5.0 (compatible; MSIE 7.0; Windows NT 5.1; .NET CLR 1.1.4322) 360JK yunjiankong" -
180.153.229.140 - - [24/Aug/2014:13:24:30 +0800] "GET /sitemap.html HTTP/1.1" 200 46085 "-" "Mozilla/5.0 (compatible; MSIE 7.0; Windows NT 5.1; .NET CLR 1.1.4322) 360JK yunjiankong" -
95.47.156.21 - - [24/Aug/2014:13:26:57 +0800] "GET /wp-login.php HTTP/1.1" 301 31 "-" "Mozilla/5.0 (Windows NT 6.1; WOW64) AppleWebKit/536.3 (KHTML, like Gecko) Chrome/19.0.1061.1 Safari/536.3" -
95.47.156.21 - - [24/Aug/2014:13:26:59 +0800] "GET /wp-login.php HTTP/1.1" 404 4030 "-" "Mozilla/5.0 (Windows NT 6.1; WOW64) AppleWebKit/536.3 (KHTML, like Gecko) Chrome/19.0.1061.1 Safari/536.3" -
42.62.36.172 - - [24/Aug/2014:13:27:44 +0800] "HEAD /avatar/6b60769fe4536ae3385f9d6f13d52bdc.jpg HTTP/1.1" 200 0 "-" "Mozilla/5.0 (X11; Linux x86_64) AppleWebKit/535.2 (KHTML, like Gecko) Ubuntu/10.04 Chromium/15.0.874.106 Chrome/15.0.874.106 Safari/535.2" -
123.125.80.235 - - [24/Aug/2014:13:28:33 +0800] "GET /sitemap.html HTTP/1.1" 200 46085 "-" "Mozilla/5.0 (compatible; MSIE 7.0; Windows NT 5.1; .NET CLR 1.1.4322) 360JK yunjiankong" -
180.153.229.140 - - [24/Aug/2014:13:29:30 +0800] "GET /sitemap.html HTTP/1.1" 200 46085 "-" "Mozilla/5.0 (compatible; MSIE 7.0; Windows NT 5.1; .NET CLR 1.1.4322) 360JK yunjiankong" -
112.253.28.43 - - [24/Aug/2014:13:30:05 +0800] "POST /wp-cron.php?doing_wp_cron HTTP/1.0" 200 93 "-" "Wget/1.12 (linux-gnu)" -
42.62.36.172 - - [24/Aug/2014:13:30:12 +0800] "GET /avatar/6b60769fe4536ae3385f9d6f13d52bdc.jpg HTTP/1.1" 200 6106 "-" "Mozilla/5.0 (X11; Linux x86_64) AppleWebKit/535.2 (KHTML, like Gecko) Ubuntu/10.04 Chromium/15.0.874.106 Chrome/15.0.874.106 Safari/535.2" -
42.62.36.172 - - [24/Aug/2014:13:30:13 +0800] "GET /avatar/9210fd97d8dc1a7b89da792451383728.jpg HTTP/1.1" 200 10145 "-" "Mozilla/5.0 (X11; Linux x86_64) AppleWebKit/535.2 (KHTML, like Gecko) Ubuntu/10.04 Chromium/15.0.874.106 Chrome/15.0.874.106 Safari/535.2" -
123.125.80.235 - - [24/Aug/2014:13:33:33 +0800] "GET /sitemap.html HTTP/1.1" 200 46085 "-" "Mozilla/5.0 (compatible; MSIE 7.0; Windows NT 5.1; .NET CLR 1.1.4322) 360JK yunjiankong" -
180.153.229.140 - - [24/Aug/2014:13:34:33 +0800] "GET /sitemap.html HTTP/1.1" 200 46085 "-" "Mozilla/5.0 (compatible; MSIE 7.0; Windows NT 5.1; .NET CLR 1.1.4322) 360JK yunjiankong" -
171.34.196.59 - - [24/Aug/2014:13:37:35 +0800] "GET /archives/1210/ HTTP/1.1" 200 17246 "-" "Mozilla/5.0 (Windows NT 6.1; WOW64) AppleWebKit/537.31 (KHTML, like Gecko) Chrome/26.0.1410.43 BIDUBrowser/6.x Safari/537.31" -
171.34.196.59 - - [24/Aug/2014:13:37:35 +0800] "GET /api/fav/?url=www.docin.com/ HTTP/1.1" 200 24876 "-" "Mozilla/5.0 (Windows NT 6.1; WOW64) AppleWebKit/537.31 (KHTML, like Gecko) Chrome/26.0.1410.43 BIDUBrowser/6.x Safari/537.31" -
171.34.196.59 - - [24/Aug/2014:13:37:35 +0800] "GET /wp-content/themes/zeke/miaov_style.css HTTP/1.1" 200 261 "http://www.521php.com/archives/1210/" "Mozilla/5.0 (Windows NT 6.1; WOW64) AppleWebKit/537.31 (KHTML, like Gecko) Chrome/26.0.1410.43 BIDUBrowser/6.x Safari/537.31" -
171.34.196.59 - - [24/Aug/2014:13:37:35 +0800] "GET /wp-content/plugins/crayon-syntax-highlighter/themes/ado/ado.css?ver=2.2.0 HTTP/1.1" 200 4751 "http://www.521php.com/archives/1210/" "Mozilla/5.0 (Windows NT 6.1; WOW64) AppleWebKit/537.31 (KHTML, like Gecko) Chrome/26.0.1410.43 BIDUBrowser/6.x Safari/537.31" -
171.34.196.59 - - [24/Aug/2014:13:37:35 +0800] "GET /wp-content/themes/zeke/style.css HTTP/1.1" 200 27194 "http://www.521php.com/archives/1210/" "Mozilla/5.0 (Windows NT 6.1; WOW64) AppleWebKit/537.31 (KHTML, like Gecko) Chrome/26.0.1410.43 BIDUBrowser/6.x Safari/537.31" -
171.34.196.59 - - [24/Aug/2014:13:37:35 +0800] "GET /wp-content/plugins/crayon-syntax-highlighter/css/min/crayon.min.css?ver=2.2.0 HTTP/1.1" 200 20907 "http://www.521php.com/archives/1210/" "Mozilla/5.0 (Windows NT 6.1; WOW64) AppleWebKit/537.31 (KHTML, like Gecko) Chrome/26.0.1410.43 BIDUBrowser/6.x Safari/537.31" -
171.34.196.59 - - [24/Aug/2014:13:37:35 +0800] "GET /wp-content/plugins/crayon-syntax-highlighter/fonts/courier-new.css?ver=2.2.0 HTTP/1.1" 200 86 "http://www.521php.com/archives/1210/" "Mozilla/5.0 (Windows NT 6.1; WOW64) AppleWebKit/537.31 (KHTML, like Gecko) Chrome/26.0.1410.43 BIDUBrowser/6.x Safari/537.31" -
171.34.196.59 - - [24/Aug/2014:13:37:35 +0800] "GET /wp-includes/js/jquery/jquery.js?ver=1.7.1 HTTP/1.1" 304 0 "http://www.521php.com/archives/1210/" "Mozilla/5.0 (Windows NT 6.1; WOW64) AppleWebKit/537.31 (KHTML, like Gecko) Chrome/26.0.1410.43 BIDUBrowser/6.x Safari/537.31" -
171.34.196.59 - - [24/Aug/2014:13:37:35 +0800] "GET /wp-content/plugins/crayon-syntax-highlighter/js/min/crayon.min.js?ver=2.2.0 HTTP/1.1" 200 24247 "http://www.521php.com/archives/1210/" "Mozilla/5.0 (Windows NT 6.1; WOW64) AppleWebKit/537.31 (KHTML, like Gecko) Chrome/26.0.1410.43 BIDUBrowser/6.x Safari/537.31" -
171.34.196.59 - - [24/Aug/2014:13:37:35 +0800] "GET /wp-includes/js/comment-reply.js?ver=20090102 HTTP/1.1" 200 786 "http://www.521php.com/archives/1210/" "Mozilla/5.0 (Windows NT 6.1; WOW64) AppleWebKit/537.31 (KHTML, like Gecko) Chrome/26.0.1410.43 BIDUBrowser/6.x Safari/537.31" -
171.34.196.59 - - [24/Aug/2014:13:37:35 +0800] "GET /wp-content/themes/zeke/comments-ajax.js HTTP/1.1" 200 6279 "http://www.521php.com/archives/1210/" "Mozilla/5.0 (Windows NT 6.1; WOW64) AppleWebKit/537.31 (KHTML, like Gecko) Chrome/26.0.1410.43 BIDUBrowser/6.x Safari/537.31" -
171.34.196.59 - - [24/Aug/2014:13:37:40 +0800] "GET /wailian/public/scripts/tj.js HTTP/1.1" 200 627 "http://www.521php.com/archives/1210/" "Mozilla/5.0 (Windows NT 6.1; WOW64) AppleWebKit/537.31 (KHTML, like Gecko) Chrome/26.0.1410.43 BIDUBrowser/6.x Safari/537.31" -
171.34.196.59 - - [24/Aug/2014:13:37:40 +0800] "GET /wp-content/themes/zeke/MRjs/jquery.lazyload.js HTTP/1.1" 200 1626 "http://www.521php.com/archives/1210/" "Mozilla/5.0 (Windows NT 6.1; WOW64) AppleWebKit/537.31 (KHTML, like Gecko) Chrome/26.0.1410.43 BIDUBrowser/6.x Safari/537.31" -
171.34.196.59 - - [24/Aug/2014:13:37:40 +0800] "GET /api/tz/ HTTP/1.1" 200 1168 "http://www.521php.com/archives/1210/" "Mozilla/5.0 (Windows NT 6.1; WOW64) AppleWebKit/537.31 (KHTML, like Gecko) Chrome/26.0.1410.43 BIDUBrowser/6.x Safari/537.31" -
171.34.196.59 - - [24/Aug/2014:13:37:40 +0800] "GET /wp-content/themes/zeke/MRjs/custom.js HTTP/1.1" 200 1694 "http://www.521php.com/archives/1210/" "Mozilla/5.0 (Windows NT 6.1; WOW64) AppleWebKit/537.31 (KHTML, like Gecko) Chrome/26.0.1410.43 BIDUBrowser/6.x Safari/537.31" -
171.34.196.59 - - [24/Aug/2014:13:37:40 +0800] "GET /wp-content/themes/zeke/MRjs/jquery.min.js HTTP/1.1" 304 0 "http://www.521php.com/archives/1210/" "Mozilla/5.0 (Windows NT 6.1; WOW64) AppleWebKit/537.31 (KHTML, like Gecko) Chrome/26.0.1410.43 BIDUBrowser/6.x Safari/537.31" -
171.34.196.59 - - [24/Aug/2014:13:37:40 +0800] "GET /wp-content/themes/zeke/miaov.js HTTP/1.1" 200 4099 "http://www.521php.com/archives/1210/" "Mozilla/5.0 (Windows NT 6.1; WOW64) AppleWebKit/537.31 (KHTML, like Gecko) Chrome/26.0.1410.43 BIDUBrowser/6.x Safari/537.31" -
171.34.196.59 - - [24/Aug/2014:13:37:40 +0800] "GET /wp-content/themes/zeke/logo.png HTTP/1.1" 200 22282 "http://www.521php.com/archives/1210/" "Mozilla/5.0 (Windows NT 6.1; WOW64) AppleWebKit/537.31 (KHTML, like Gecko) Chrome/26.0.1410.43 BIDUBrowser/6.x Safari/537.31" -
171.34.196.59 - - [24/Aug/2014:13:37:41 +0800] "GET /images/bgic.gif HTTP/1.1" 200 391 "http://www.521php.com/archives/1210/" "Mozilla/5.0 (Windows NT 6.1; WOW64) AppleWebKit/537.31 (KHTML, like Gecko) Chrome/26.0.1410.43 BIDUBrowser/6.x Safari/537.31" -
171.34.196.59 - - [24/Aug/2014:13:37:41 +0800] "GET /wp-content/uploads/2013/04/20130416134804.jpg HTTP/1.1" 304 0 "http://www.521php.com/archives/1210/" "Mozilla/5.0 (Windows NT 6.1; WOW64) AppleWebKit/537.31 (KHTML, like Gecko) Chrome/26.0.1410.43 BIDUBrowser/6.x Safari/537.31" -
171.34.196.59 - - [24/Aug/2014:13:37:43 +0800] "GET /avatar/0db0c95d23dc1886c03c1090a321dc84.jpg HTTP/1.1" 200 1575 "http://www.521php.com/archives/1210/" "Mozilla/5.0 (Windows NT 6.1; WOW64) AppleWebKit/537.31 (KHTML, like Gecko) Chrome/26.0.1410.43 BIDUBrowser/6.x Safari/537.31" -
171.34.196.59 - - [24/Aug/2014:13:37:44 +0800] "GET /wp-content/themes/zeke/MRimg/background.png HTTP/1.1" 304 0 "http://www.521php.com/archives/1210/" "Mozilla/5.0 (Windows NT 6.1; WOW64) AppleWebKit/537.31 (KHTML, like Gecko) Chrome/26.0.1410.43 BIDUBrowser/6.x Safari/537.31" -
171.34.196.59 - - [24/Aug/2014:13:37:46 +0800] "GET /favicon.ico HTTP/1.1" 200 1150 "-" "Mozilla/5.0 (Windows NT 6.1; WOW64; Trident/7.0; rv:11.0; BIDUBrowser 2.x) like Gecko" -
171.34.196.59 - - [24/Aug/2014:13:37:46 +0800] "GET /avatar/025b5e79b57564ce5b3207651016a453.jpg HTTP/1.1" 200 12352 "http://www.521php.com/archives/1210/" "Mozilla/5.0 (Windows NT 6.1; WOW64) AppleWebKit/537.31 (KHTML, like Gecko) Chrome/26.0.1410.43 BIDUBrowser/6.x Safari/537.31" -
171.34.196.59 - - [24/Aug/2014:13:37:46 +0800] "GET /avatar/f37ef64589726f1ece0d271371b4a7c9.jpg HTTP/1.1" 200 6106 "http://www.521php.com/archives/1210/" "Mozilla/5.0 (Windows NT 6.1; WOW64) AppleWebKit/537.31 (KHTML, like Gecko) Chrome/26.0.1410.43 BIDUBrowser/6.x Safari/537.31" -
171.34.196.59 - - [24/Aug/2014:13:37:46 +0800] "GET /wp-content/themes/zeke/MRimg/topbg.png HTTP/1.1" 200 3376 "http://www.521php.com/archives/1210/" "Mozilla/5.0 (Windows NT 6.1; WOW64) AppleWebKit/537.31 (KHTML, like Gecko) Chrome/26.0.1410.43 BIDUBrowser/6.x Safari/537.31" -
171.34.196.59 - - [24/Aug/2014:13:37:47 +0800] "GET /wp-content/themes/zeke/fly.gif HTTP/1.1" 304 0 "http://www.521php.com/archives/1210/" "Mozilla/5.0 (Windows NT 6.1; WOW64) AppleWebKit/537.31 (KHTML, like Gecko) Chrome/26.0.1410.43 BIDUBrowser/6.x Safari/537.31" -
171.34.196.59 - - [24/Aug/2014:13:37:47 +0800] "GET /avatar/47e41416c5c18f88f56796c0f6065374.jpg HTTP/1.1" 200 1838 "http://www.521php.com/archives/1210/" "Mozilla/5.0 (Windows NT 6.1; WOW64) AppleWebKit/537.31 (KHTML, like Gecko) Chrome/26.0.1410.43 BIDUBrowser/6.x Safari/537.31" -
171.34.196.59 - - [24/Aug/2014:13:37:47 +0800] "GET /wp-content/themes/zeke/gx.gif HTTP/1.1" 200 15729 "http://www.521php.com/archives/1210/" "Mozilla/5.0 (Windows NT 6.1; WOW64) AppleWebKit/537.31 (KHTML, like Gecko) Chrome/26.0.1410.43 BIDUBrowser/6.x Safari/537.31" -
171.34.196.59 - - [24/Aug/2014:13:37:47 +0800] "GET /avatar/50b2df44915f9ff8bfe2f0a532f60a52.jpg HTTP/1.1" 200 9788 "http://www.521php.com/archives/1210/" "Mozilla/5.0 (Windows NT 6.1; WOW64) AppleWebKit/537.31 (KHTML, like Gecko) Chrome/26.0.1410.43 BIDUBrowser/6.x Safari/537.31" -
171.34.196.59 - - [24/Aug/2014:13:37:49 +0800] "GET /avatar/2ce7f7ef9e7ea89209900565fe09e2aa.jpg HTTP/1.1" 200 9788 "http://www.521php.com/archives/1210/" "Mozilla/5.0 (Windows NT 6.1; WOW64) AppleWebKit/537.31 (KHTML, like Gecko) Chrome/26.0.1410.43 BIDUBrowser/6.x Safari/537.31" -
171.34.196.59 - - [24/Aug/2014:13:37:49 +0800] "GET /avatar/7dcfae221697844defa96c9d9536bbb8.jpg HTTP/1.1" 200 7724 "http://www.521php.com/archives/1210/" "Mozilla/5.0 (Windows NT 6.1; WOW64) AppleWebKit/537.31 (KHTML, like Gecko) Chrome/26.0.1410.43 BIDUBrowser/6.x Safari/537.31" -
171.34.196.59 - - [24/Aug/2014:13:37:50 +0800] "GET /avatar/7d7ef830ae846e5c566a328d01bf4c52.jpg HTTP/1.1" 200 9991 "http://www.521php.com/archives/1210/" "Mozilla/5.0 (Windows NT 6.1; WOW64) AppleWebKit/537.31 (KHTML, like Gecko) Chrome/26.0.1410.43 BIDUBrowser/6.x Safari/537.31" -
171.34.196.59 - - [24/Aug/2014:13:37:50 +0800] "GET /avatar/2fec3c5cff0acecd857ee51126e7ec5c.jpg HTTP/1.1" 200 9788 "http://www.521php.com/archives/1210/" "Mozilla/5.0 (Windows NT 6.1; WOW64) AppleWebKit/537.31 (KHTML, like Gecko) Chrome/26.0.1410.43 BIDUBrowser/6.x Safari/537.31" -
171.34.196.59 - - [24/Aug/2014:13:37:51 +0800] "GET /wp-content/themes/zeke/MRimg/content_text.png HTTP/1.1" 200 3806 "http://www.521php.com/archives/1210/" "Mozilla/5.0 (Windows NT 6.1; WOW64) AppleWebKit/537.31 (KHTML, like Gecko) Chrome/26.0.1410.43 BIDUBrowser/6.x Safari/537.31" -
171.34.196.59 - - [24/Aug/2014:13:37:51 +0800] "GET /wp-content/themes/zeke/none HTTP/1.1" 301 184 "http://www.521php.com/archives/1210/" "Mozilla/5.0 (Windows NT 6.1; WOW64) AppleWebKit/537.31 (KHTML, like Gecko) Chrome/26.0.1410.43 BIDUBrowser/6.x Safari/537.31" -
171.34.196.59 - - [24/Aug/2014:13:37:51 +0800] "GET /wp-content/plugins/crayon-syntax-highlighter/css/images/toolbar/buttons.png HTTP/1.1" 200 2236 "http://www.521php.com/archives/1210/" "Mozilla/5.0 (Windows NT 6.1; WOW64) AppleWebKit/537.31 (KHTML, like Gecko) Chrome/26.0.1410.43 BIDUBrowser/6.x Safari/537.31" -
171.34.196.59 - - [24/Aug/2014:13:37:51 +0800] "GET /wp-content/themes/zeke/btn-index.png HTTP/1.1" 200 3283 "http://www.521php.com/archives/1210/" "Mozilla/5.0 (Windows NT 6.1; WOW64) AppleWebKit/537.31 (KHTML, like Gecko) Chrome/26.0.1410.43 BIDUBrowser/6.x Safari/537.31" -
171.34.196.59 - - [24/Aug/2014:13:37:51 +0800] "GET /wp-content/themes/zeke/MRimg/fotbg.png HTTP/1.1" 200 3055 "http://www.521php.com/archives/1210/" "Mozilla/5.0 (Windows NT 6.1; WOW64) AppleWebKit/537.31 (KHTML, like Gecko) Chrome/26.0.1410.43 BIDUBrowser/6.x Safari/537.31" -
171.34.196.59 - - [24/Aug/2014:13:37:52 +0800] "GET /wp-content/themes/zeke/none/ HTTP/1.1" 200 1 "http://www.521php.com/archives/1210/" "Mozilla/5.0 (Windows NT 6.1; WOW64) AppleWebKit/537.31 (KHTML, like Gecko) Chrome/26.0.1410.43 BIDUBrowser/6.x Safari/537.31" -
171.34.196.59 - - [24/Aug/2014:13:38:04 +0800] "GET /wp-content/themes/MRuu2011/MRimg/blank.gif HTTP/1.1" 200 22282 "http://www.521php.com/archives/1210/" "Mozilla/5.0 (Windows NT 6.1; WOW64) AppleWebKit/537.31 (KHTML, like Gecko) Chrome/26.0.1410.43 BIDUBrowser/6.x Safari/537.31" -
123.125.80.235 - - [24/Aug/2014:13:38:33 +0800] "GET /sitemap.html HTTP/1.1" 200 46085 "-" "Mozilla/5.0 (compatible; MSIE 7.0; Windows NT 5.1; .NET CLR 1.1.4322) 360JK yunjiankong" -
180.153.229.140 - - [24/Aug/2014:13:39:30 +0800] "GET /sitemap.html HTTP/1.1" 200 46085 "-" "Mozilla/5.0 (compatible; MSIE 7.0; Windows NT 5.1; .NET CLR 1.1.4322) 360JK yunjiankong" -
66.249.64.238 - - [24/Aug/2014:13:43:03 +0800] "GET /wailian/index.php/reto/id/303 HTTP/1.1" 200 1814 "-" "Mozilla/5.0 (compatible; Googlebot/2.1; +http://www.google.com/bot.html)" -
123.125.80.235 - - [24/Aug/2014:13:43:33 +0800] "GET /sitemap.html HTTP/1.1" 200 46085 "-" "Mozilla/5.0 (compatible; MSIE 7.0; Windows NT 5.1; .NET CLR 1.1.4322) 360JK yunjiankong" -
180.153.229.140 - - [24/Aug/2014:13:45:20 +0800] "GET /sitemap.html HTTP/1.1" 200 46085 "-" "Mozilla/5.0 (compatible; MSIE 7.0; Windows NT 5.1; .NET CLR 1.1.4322) 360JK yunjiankong" -
183.60.212.161 - - [24/Aug/2014:13:45:47 +0800] "GET /go-hao.medcmz.com.html HTTP/1.1" 404 4030 "-" "Mozilla/5.0 (compatible; EasouSpider; +http://www.easou.com/search/spider.html)" -
123.125.80.235 - - [24/Aug/2014:13:48:33 +0800] "GET /sitemap.html HTTP/1.1" 200 46085 "-" "Mozilla/5.0 (compatible; MSIE 7.0; Windows NT 5.1; .NET CLR 1.1.4322) 360JK yunjiankong" -
180.153.229.140 - - [24/Aug/2014:13:49:30 +0800] "GET /sitemap.html HTTP/1.1" 200 46085 "-" "Mozilla/5.0 (compatible; MSIE 7.0; Windows NT 5.1; .NET CLR 1.1.4322) 360JK yunjiankong" -
220.181.125.201 - - [24/Aug/2014:13:51:25 +0800] "GET /robots.txt HTTP/1.1" 200 197 "-" "Sogou web spider/4.0(+http://www.sogou.com/docs/help/webmasters.htm#07)" -
220.181.125.201 - - [24/Aug/2014:13:51:33 +0800] "GET / HTTP/1.1" 200 14187 "-" "Sogou web spider/4.0(+http://www.sogou.com/docs/help/webmasters.htm#07)" -
123.125.80.235 - - [24/Aug/2014:13:53:33 +0800] "GET /sitemap.html HTTP/1.1" 200 46085 "-" "Mozilla/5.0 (compatible; MSIE 7.0; Windows NT 5.1; .NET CLR 1.1.4322) 360JK yunjiankong" -
182.118.44.61 - - [24/Aug/2014:13:53:52 +0800] "GET /archives/510/ HTTP/1.1" 200 18378 "http://www.521php.com/archives/510/" "Mozilla/5.0 (Linux; U; Android 4.0.2; en-us; Galaxy Nexus Build/ICL53F) AppleWebKit/534.30 (KHTML, like Gecko) Version/4.0 Mobile Safari/534.30" -
182.118.44.125 - - [24/Aug/2014:13:54:25 +0800] "GET / HTTP/1.1" 200 14179 "http://www.521php.com/" "Mozilla/5.0 (Linux; U; Android 4.0.2; en-us; Galaxy Nexus Build/ICL53F) AppleWebKit/534.30 (KHTML, like Gecko) Version/4.0 Mobile Safari/534.30" -
180.153.229.140 - - [24/Aug/2014:13:54:31 +0800] "GET /sitemap.html HTTP/1.1" 200 46085 "-" "Mozilla/5.0 (compatible; MSIE 7.0; Windows NT 5.1; .NET CLR 1.1.4322) 360JK yunjiankong" -
123.125.80.235 - - [24/Aug/2014:13:58:33 +0800] "GET /sitemap.html HTTP/1.1" 200 46085 "-" "Mozilla/5.0 (compatible; MSIE 7.0; Windows NT 5.1; .NET CLR 1.1.4322) 360JK yunjiankong" -
180.153.229.140 - - [24/Aug/2014:13:59:30 +0800] "GET /sitemap.html HTTP/1.1" 200 46085 "-" "Mozilla/5.0 (compatible; MSIE 7.0; Windows NT 5.1; .NET CLR 1.1.4322) 360JK yunjiankong" -
182.118.44.176 - - [24/Aug/2014:13:59:45 +0800] "GET /wailian/ HTTP/1.1" 200 29589 "http://www.521php.com/wailian/" "Mozilla/5.0 (Linux; U; Android 4.0.2; en-us; Galaxy Nexus Build/ICL53F) AppleWebKit/534.30 (KHTML, like Gecko) Version/4.0 Mobile Safari/534.30" -
158.255.208.83 - - [24/Aug/2014:13:59:50 +0800] "GET /api/pr/?url=http://www.sina.com.cn HTTP/1.1" 200 51 "-" "Mozilla/4.0 (compatible; MSIE 7.0; Windows NT 5.1)" -
112.253.28.43 - - [24/Aug/2014:14:00:05 +0800] "POST /wp-cron.php?doing_wp_cron HTTP/1.0" 200 93 "-" "Wget/1.12 (linux-gnu)" -
123.125.71.41 - - [24/Aug/2014:14:00:11 +0800] "GET /wailian/ HTTP/1.1" 200 29575 "-" "Mozilla/5.0 (compatible; Baiduspider/2.0; +http://www.baidu.com/search/spider.html)" -
158.255.208.83 - - [24/Aug/2014:14:00:28 +0800] "GET /api/pr/?url=http://www.sohu.com HTTP/1.1" 200 51 "-" "Mozilla/4.0 (compatible; MSIE 7.0; Windows NT 5.1)" -
182.118.70.88 - - [24/Aug/2014:14:02:44 +0800] "GET /wailian/ HTTP/1.1" 200 29567 "http://www.521php.com/wailian/" "Mozilla/5.0 (compatible; MSIE 9.0; Windows NT 6.1; Trident/5.0); 360Spider" -
123.125.80.235 - - [24/Aug/2014:14:03:33 +0800] "GET /sitemap.html HTTP/1.1" 200 46085 "-" "Mozilla/5.0 (compatible; MSIE 7.0; Windows NT 5.1; .NET CLR 1.1.4322) 360JK yunjiankong" -
180.153.229.140 - - [24/Aug/2014:14:04:30 +0800] "GET /sitemap.html HTTP/1.1" 200 46085 "-" "Mozilla/5.0 (compatible; MSIE 7.0; Windows NT 5.1; .NET CLR 1.1.4322) 360JK yunjiankong" -
42.62.36.237 - - [24/Aug/2014:14:06:22 +0800] "GET /robots.txt HTTP/1.1" 200 197 "-" "Mozilla/5.0 ()" -
42.62.36.237 - - [24/Aug/2014:14:06:25 +0800] "GET /wailian/index.php/html/k/ShowNews.asp?id=6 HTTP/1.1" 200 119 "-" "Mozilla/5.0 (compatible; ChinasoSpider; +http://shoulu.jike.com/spider.html)" -
42.62.36.237 - - [24/Aug/2014:14:06:29 +0800] "GET /artinfo/145.html HTTP/1.1" 404 4030 "-" "Mozilla/5.0 (compatible; ChinasoSpider; +http://shoulu.jike.com/spider.html)" -
123.125.80.235 - - [24/Aug/2014:14:08:32 +0800] "GET /sitemap.html HTTP/1.1" 200 46085 "-" "Mozilla/5.0 (compatible; MSIE 7.0; Windows NT 5.1; .NET CLR 1.1.4322) 360JK yunjiankong" -
180.153.229.140 - - [24/Aug/2014:14:09:30 +0800] "GET /sitemap.html HTTP/1.1" 200 46085 "-" "Mozilla/5.0 (compatible; MSIE 7.0; Windows NT 5.1; .NET CLR 1.1.4322) 360JK yunjiankong" -
66.249.64.233 - - [24/Aug/2014:14:10:09 +0800] "GET /page/14/?iapolo_com HTTP/1.1" 200 15253 "-" "Mozilla/5.0 (compatible; Googlebot/2.1; +http://www.google.com/bot.html)" -
183.60.215.31 - - [24/Aug/2014:14:11:34 +0800] "GET /page/22/?zizhulian=map HTTP/1.1" 200 15709 "-" "Mozilla/5.0 (compatible; EasouSpider; +http://www.easou.com/search/spider.html)" -
123.125.80.235 - - [24/Aug/2014:14:13:33 +0800] "GET /sitemap.html HTTP/1.1" 200 46085 "-" "Mozilla/5.0 (compatible; MSIE 7.0; Windows NT 5.1; .NET CLR 1.1.4322) 360JK yunjiankong" -
113.104.166.22 - - [24/Aug/2014:14:14:23 +0800] "GET / HTTP/1.1" 200 85006 "http://www.521php.com/" "Mozilla/4.0 (compatible; MSIE 7.0; Windows NT 5.1; .NET CLR 1.1.4322; .NET CLR 2.0.50727; .NET CLR 3.0.04506.30)" -
158.255.208.83 - - [24/Aug/2014:14:14:27 +0800] "GET /api/pr/?url=http://www.aikuirui.com HTTP/1.1" 200 56 "-" "Mozilla/4.0 (compatible; MSIE 7.0; Windows NT 5.1)" -
180.153.229.140 - - [24/Aug/2014:14:14:30 +0800] "GET /sitemap.html HTTP/1.1" 200 46085 "-" "Mozilla/5.0 (compatible; MSIE 7.0; Windows NT 5.1; .NET CLR 1.1.4322) 360JK yunjiankong" -
158.255.208.83 - - [24/Aug/2014:14:14:57 +0800] "GET /api/pr/?url=http://www.zhubajie.com HTTP/1.1" 200 53 "-" "Mozilla/4.0 (compatible; MSIE 7.0; Windows NT 5.1)" -
123.125.80.235 - - [24/Aug/2014:14:18:32 +0800] "GET /sitemap.html HTTP/1.1" 200 46085 "-" "Mozilla/5.0 (compatible; MSIE 7.0; Windows NT 5.1; .NET CLR 1.1.4322) 360JK yunjiankong" -
180.153.229.140 - - [24/Aug/2014:14:19:30 +0800] "GET /sitemap.html HTTP/1.1" 200 46085 "-" "Mozilla/5.0 (compatible; MSIE 7.0; Windows NT 5.1; .NET CLR 1.1.4322) 360JK yunjiankong" -
193.150.120.63 - - [24/Aug/2014:14:19:44 +0800] "GET /archives/63/ HTTP/1.0" 200 56227 "http://www.521php.com/archives/63/" "Mozilla/4.0 (compatible; MSIE 6.0; Windows ME) Opera 7.11  [en]" -
193.150.120.63 - - [24/Aug/2014:14:19:47 +0800] "POST /wp-comments-post.php HTTP/1.0" 500 2985 "http://www.521php.com/archives/63/" "Mozilla/4.0 (compatible; MSIE 6.0; Windows ME) Opera 7.11  [en]" -
220.181.108.86 - - [24/Aug/2014:14:20:28 +0800] "GET /page/2 HTTP/1.1" 301 31 "-" "Mozilla/5.0 (compatible; Baiduspider/2.0; +http://www.baidu.com/search/spider.html)" -
220.181.108.119 - - [24/Aug/2014:14:20:28 +0800] "GET /page/2/ HTTP/1.1" 200 16301 "-" "Mozilla/5.0 (compatible; Baiduspider/2.0; +http://www.baidu.com/search/spider.html)" -
123.125.80.235 - - [24/Aug/2014:14:23:33 +0800] "GET /sitemap.html HTTP/1.1" 200 46085 "-" "Mozilla/5.0 (compatible; MSIE 7.0; Windows NT 5.1; .NET CLR 1.1.4322) 360JK yunjiankong" -
69.197.128.138 - - [24/Aug/2014:14:23:48 +0800] "GET /video/ HTTP/1.0" 200 53539 "http://thebarnbistro.com.au/stats/michael-kors-kids-ivy-shari-sneaker.html" "Mozilla/5.0 (Windows NT 6.1; WOW64) AppleWebKit/537.36 (KHTML, like Gecko) Chrome/32.0.1700.76 Safari/537.36" -
69.197.128.138 - - [24/Aug/2014:14:23:50 +0800] "POST /wp-comments-post.php HTTP/1.0" 500 2985 "http://www.521php.com/video/" "Mozilla/5.0 (Windows NT 6.1; WOW64) AppleWebKit/537.36 (KHTML, like Gecko) Chrome/32.0.1700.76 Safari/537.36" -
158.255.208.83 - - [24/Aug/2014:14:24:08 +0800] "GET /api/pr/?url=http://www.oschina.net HTTP/1.1" 200 53 "-" "Mozilla/4.0 (compatible; MSIE 7.0; Windows NT 5.1)" -
158.255.208.83 - - [24/Aug/2014:14:24:26 +0800] "GET /api/pr/?url=http://www.chinaz.com HTTP/1.1" 200 52 "-" "Mozilla/4.0 (compatible; MSIE 7.0; Windows NT 5.1)" -
180.153.229.140 - - [24/Aug/2014:14:24:30 +0800] "GET /sitemap.html HTTP/1.1" 200 46085 "-" "Mozilla/5.0 (compatible; MSIE 7.0; Windows NT 5.1; .NET CLR 1.1.4322) 360JK yunjiankong" -
123.125.80.235 - - [24/Aug/2014:14:28:33 +0800] "GET /sitemap.html HTTP/1.1" 200 46085 "-" "Mozilla/5.0 (compatible; MSIE 7.0; Windows NT 5.1; .NET CLR 1.1.4322) 360JK yunjiankong" -
180.153.229.140 - - [24/Aug/2014:14:29:30 +0800] "GET /sitemap.html HTTP/1.1" 200 46085 "-" "Mozilla/5.0 (compatible; MSIE 7.0; Windows NT 5.1; .NET CLR 1.1.4322) 360JK yunjiankong" -
183.60.212.161 - - [24/Aug/2014:14:29:42 +0800] "GET /archives/279/ HTTP/1.1" 200 19032 "-" "Mozilla/5.0 (compatible; EasouSpider; +http://www.easou.com/search/spider.html)" -
112.253.28.43 - - [24/Aug/2014:14:30:06 +0800] "POST /wp-cron.php?doing_wp_cron HTTP/1.0" 200 93 "-" "Wget/1.12 (linux-gnu)" -
158.255.208.83 - - [24/Aug/2014:14:32:13 +0800] "GET /api/pr/?url=http://www.artron.net HTTP/1.1" 200 53 "-" "Mozilla/4.0 (compatible; MSIE 7.0; Windows NT 5.1)" -
158.255.208.83 - - [24/Aug/2014:14:33:06 +0800] "GET /api/pr/?url=http://www.artxun.com HTTP/1.1" 200 54 "-" "Mozilla/4.0 (compatible; MSIE 7.0; Windows NT 5.1)" -
123.125.80.235 - - [24/Aug/2014:14:33:33 +0800] "GET /sitemap.html HTTP/1.1" 200 46085 "-" "Mozilla/5.0 (compatible; MSIE 7.0; Windows NT 5.1; .NET CLR 1.1.4322) 360JK yunjiankong" -
180.153.229.140 - - [24/Aug/2014:14:34:30 +0800] "GET /sitemap.html HTTP/1.1" 200 46085 "-" "Mozilla/5.0 (compatible; MSIE 7.0; Windows NT 5.1; .NET CLR 1.1.4322) 360JK yunjiankong" -
182.118.41.154 - - [24/Aug/2014:14:36:29 +0800] "GET / HTTP/1.1" 200 14187 "http://www.521php.com/" "Mozilla/5.0 (compatible; MSIE 9.0; Windows NT 6.1; Trident/5.0)" -
123.125.80.235 - - [24/Aug/2014:14:38:33 +0800] "GET /sitemap.html HTTP/1.1" 200 46085 "-" "Mozilla/5.0 (compatible; MSIE 7.0; Windows NT 5.1; .NET CLR 1.1.4322) 360JK yunjiankong" -
180.153.229.140 - - [24/Aug/2014:14:39:30 +0800] "GET /sitemap.html HTTP/1.1" 200 46085 "-" "Mozilla/5.0 (compatible; MSIE 7.0; Windows NT 5.1; .NET CLR 1.1.4322) 360JK yunjiankong" -
61.135.190.70 - - [24/Aug/2014:14:41:19 +0800] "GET /archives/437/ HTTP/1.0" 200 13501 "http://www.baidu.com/s?wd=js%20%E8%8C%83%E5%9B%B4%20%E9%9A%8F%E6%9C%BA%E6%95%B0" "Mozilla/4.0 (compatible; MSIE 7.0; Windows NT 5.1)" -
61.135.190.200 - - [24/Aug/2014:14:41:20 +0800] "GET /wp-content/themes/zeke/style.css HTTP/1.0" 200 27194 "http://www.521php.com/archives/437/" "Mozilla/4.0 (compatible; MSIE 7.0; Windows NT 5.1)" -
61.135.190.200 - - [24/Aug/2014:14:41:20 +0800] "GET /wp-content/plugins/crayon-syntax-highlighter/js/min/crayon.min.js?ver=2.2.0 HTTP/1.0" 200 24247 "http://www.521php.com/archives/437/" "Mozilla/4.0 (compatible; MSIE 7.0; Windows NT 5.1)" -
61.135.190.69 - - [24/Aug/2014:14:41:20 +0800] "GET /wp-includes/js/comment-reply.js?ver=20090102 HTTP/1.0" 200 786 "http://www.521php.com/archives/437/" "Mozilla/4.0 (compatible; MSIE 7.0; Windows NT 5.1)" -
61.135.190.69 - - [24/Aug/2014:14:41:20 +0800] "GET /wp-content/themes/zeke/comments-ajax.js HTTP/1.0" 200 6279 "http://www.521php.com/archives/437/" "Mozilla/4.0 (compatible; MSIE 7.0; Windows NT 5.1)" -
61.135.190.70 - - [24/Aug/2014:14:41:20 +0800] "GET /api/tz/ HTTP/1.0" 200 1156 "http://www.521php.com/archives/437/" "Mozilla/4.0 (compatible; MSIE 7.0; Windows NT 5.1)" -
61.135.190.200 - - [24/Aug/2014:14:41:20 +0800] "GET /wp-content/plugins/crayon-syntax-highlighter/fonts/courier-new.css?ver=2.2.0 HTTP/1.0" 200 86 "http://www.521php.com/archives/437/" "Mozilla/4.0 (compatible; MSIE 7.0; Windows NT 5.1)" -
61.135.190.71 - - [24/Aug/2014:14:41:20 +0800] "GET /wp-content/plugins/crayon-syntax-highlighter/themes/ado/ado.css?ver=2.2.0 HTTP/1.0" 200 4751 "http://www.521php.com/archives/437/" "Mozilla/4.0 (compatible; MSIE 7.0; Windows NT 5.1)" -
61.135.190.72 - - [24/Aug/2014:14:41:20 +0800] "GET /wp-content/themes/zeke/miaov_style.css HTTP/1.0" 200 261 "http://www.521php.com/archives/437/" "Mozilla/4.0 (compatible; MSIE 7.0; Windows NT 5.1)" -
61.135.190.68 - - [24/Aug/2014:14:41:20 +0800] "GET /wailian/public/scripts/tj.js HTTP/1.0" 200 627 "http://www.521php.com/archives/437/" "Mozilla/4.0 (compatible; MSIE 7.0; Windows NT 5.1)" -
61.135.190.199 - - [24/Aug/2014:14:41:20 +0800] "GET /wp-content/themes/zeke/MRjs/jquery.lazyload.js HTTP/1.0" 200 1626 "http://www.521php.com/archives/437/" "Mozilla/4.0 (compatible; MSIE 7.0; Windows NT 5.1)" -
