123.125.80.235 - - [24/Aug/2014:01:05:36 +0800] "GET /sitemap.html HTTP/1.1" 200 46085 "-" "Mozilla/5.0 (compatible; MSIE 7.0; Windows NT 5.1; .NET CLR 1.1.4322) 360JK yunjiankong" -
37.58.100.66 - - [24/Aug/2014:01:06:40 +0800] "GET /archives/1775/ HTTP/1.1" 200 22324 "-" "Mozilla/5.0 (compatible; AhrefsBot/5.0; +http://ahrefs.com/robot/)" -
180.153.229.140 - - [24/Aug/2014:01:08:00 +0800] "GET /sitemap.html HTTP/1.1" 200 46085 "-" "Mozilla/5.0 (compatible; MSIE 7.0; Windows NT 5.1; .NET CLR 1.1.4322) 360JK yunjiankong" -
123.125.80.235 - - [24/Aug/2014:01:10:36 +0800] "GET /sitemap.html HTTP/1.1" 200 46085 "-" "Mozilla/5.0 (compatible; MSIE 7.0; Windows NT 5.1; .NET CLR 1.1.4322) 360JK yunjiankong" -
180.153.229.140 - - [24/Aug/2014:01:12:59 +0800] "GET /sitemap.html HTTP/1.1" 200 46085 "-" "Mozilla/5.0 (compatible; MSIE 7.0; Windows NT 5.1; .NET CLR 1.1.4322) 360JK yunjiankong" -
66.249.64.238 - - [24/Aug/2014:01:13:04 +0800] "GET /archives/471/ HTTP/1.1" 200 16419 "-" "Mozilla/5.0 (compatible; Googlebot/2.1; +http://www.google.com/bot.html)" -
2.188.203.250 - - [24/Aug/2014:01:13:53 +0800] "GET /archives/996/ HTTP/1.1" 200 17157 "https://www.google.com/" "Mozilla/5.0 (Windows NT 6.1) AppleWebKit/537.36 (KHTML, like Gecko) Chrome/36.0.1985.143 Safari/537.36" -
2.188.203.250 - - [24/Aug/2014:01:13:55 +0800] "GET /wp-content/themes/zeke/miaov_style.css HTTP/1.1" 200 261 "http://www.521php.com/archives/996/" "Mozilla/5.0 (Windows NT 6.1) AppleWebKit/537.36 (KHTML, like Gecko) Chrome/36.0.1985.143 Safari/537.36" -
2.188.203.250 - - [24/Aug/2014:01:13:55 +0800] "GET /wp-content/plugins/crayon-syntax-highlighter/css/min/crayon.min.css?ver=2.2.0 HTTP/1.1" 200 20907 "http://www.521php.com/archives/996/" "Mozilla/5.0 (Windows NT 6.1) AppleWebKit/537.36 (KHTML, like Gecko) Chrome/36.0.1985.143 Safari/537.36" -
2.188.203.250 - - [24/Aug/2014:01:13:55 +0800] "GET /wp-content/plugins/crayon-syntax-highlighter/themes/ado/ado.css?ver=2.2.0 HTTP/1.1" 200 4751 "http://www.521php.com/archives/996/" "Mozilla/5.0 (Windows NT 6.1) AppleWebKit/537.36 (KHTML, like Gecko) Chrome/36.0.1985.143 Safari/537.36" -
2.188.203.250 - - [24/Aug/2014:01:13:55 +0800] "GET /wp-content/plugins/crayon-syntax-highlighter/fonts/courier-new.css?ver=2.2.0 HTTP/1.1" 200 86 "http://www.521php.com/archives/996/" "Mozilla/5.0 (Windows NT 6.1) AppleWebKit/537.36 (KHTML, like Gecko) Chrome/36.0.1985.143 Safari/537.36" -
2.188.203.250 - - [24/Aug/2014:01:13:57 +0800] "GET /wp-content/themes/zeke/style.css HTTP/1.1" 200 27194 "http://www.521php.com/archives/996/" "Mozilla/5.0 (Windows NT 6.1) AppleWebKit/537.36 (KHTML, like Gecko) Chrome/36.0.1985.143 Safari/537.36" -
2.188.203.250 - - [24/Aug/2014:01:14:00 +0800] "GET /wp-content/plugins/crayon-syntax-highlighter/js/min/crayon.min.js?ver=2.2.0 HTTP/1.1" 200 24247 "http://www.521php.com/archives/996/" "Mozilla/5.0 (Windows NT 6.1) AppleWebKit/537.36 (KHTML, like Gecko) Chrome/36.0.1985.143 Safari/537.36" -
2.188.203.250 - - [24/Aug/2014:01:14:04 +0800] "GET /wp-includes/js/comment-reply.js?ver=20090102 HTTP/1.1" 200 786 "http://www.521php.com/archives/996/" "Mozilla/5.0 (Windows NT 6.1) AppleWebKit/537.36 (KHTML, like Gecko) Chrome/36.0.1985.143 Safari/537.36" -
2.188.203.250 - - [24/Aug/2014:01:14:05 +0800] "GET /wp-content/themes/zeke/comments-ajax.js HTTP/1.1" 200 6279 "http://www.521php.com/archives/996/" "Mozilla/5.0 (Windows NT 6.1) AppleWebKit/537.36 (KHTML, like Gecko) Chrome/36.0.1985.143 Safari/537.36" -
2.188.203.250 - - [24/Aug/2014:01:14:05 +0800] "GET /api/tz/ HTTP/1.1" 200 1168 "http://www.521php.com/archives/996/" "Mozilla/5.0 (Windows NT 6.1) AppleWebKit/537.36 (KHTML, like Gecko) Chrome/36.0.1985.143 Safari/537.36" -
2.188.203.250 - - [24/Aug/2014:01:14:06 +0800] "GET /wailian/public/scripts/tj.js HTTP/1.1" 200 627 "http://www.521php.com/archives/996/" "Mozilla/5.0 (Windows NT 6.1) AppleWebKit/537.36 (KHTML, like Gecko) Chrome/36.0.1985.143 Safari/537.36" -
2.188.203.250 - - [24/Aug/2014:01:14:11 +0800] "GET /wp-content/themes/zeke/MRjs/jquery.lazyload.js HTTP/1.1" 200 1626 "http://www.521php.com/archives/996/" "Mozilla/5.0 (Windows NT 6.1) AppleWebKit/537.36 (KHTML, like Gecko) Chrome/36.0.1985.143 Safari/537.36" -
2.188.203.250 - - [24/Aug/2014:01:14:11 +0800] "GET /wp-content/themes/zeke/MRjs/jquery.min.js HTTP/1.1" 200 57075 "http://www.521php.com/archives/996/" "Mozilla/5.0 (Windows NT 6.1) AppleWebKit/537.36 (KHTML, like Gecko) Chrome/36.0.1985.143 Safari/537.36" -
2.188.203.250 - - [24/Aug/2014:01:14:20 +0800] "GET /wp-content/themes/zeke/MRjs/custom.js HTTP/1.1" 200 1694 "http://www.521php.com/archives/996/" "Mozilla/5.0 (Windows NT 6.1) AppleWebKit/537.36 (KHTML, like Gecko) Chrome/36.0.1985.143 Safari/537.36" -
2.188.203.250 - - [24/Aug/2014:01:14:25 +0800] "GET /wp-content/themes/zeke/miaov.js HTTP/1.1" 200 4099 "http://www.521php.com/archives/996/" "Mozilla/5.0 (Windows NT 6.1) AppleWebKit/537.36 (KHTML, like Gecko) Chrome/36.0.1985.143 Safari/537.36" -
2.188.203.250 - - [24/Aug/2014:01:14:31 +0800] "GET /images/bgic.gif HTTP/1.1" 200 391 "http://www.521php.com/archives/996/" "Mozilla/5.0 (Windows NT 6.1) AppleWebKit/537.36 (KHTML, like Gecko) Chrome/36.0.1985.143 Safari/537.36" -
2.188.203.250 - - [24/Aug/2014:01:14:35 +0800] "GET /avatar/db9629652f6bc52fa8616a3f79f67bbf.jpg HTTP/1.1" 200 2073 "http://www.521php.com/archives/996/" "Mozilla/5.0 (Windows NT 6.1) AppleWebKit/537.36 (KHTML, like Gecko) Chrome/36.0.1985.143 Safari/537.36" -
2.188.203.250 - - [24/Aug/2014:01:14:36 +0800] "GET /avatar/47e41416c5c18f88f56796c0f6065374.jpg HTTP/1.1" 200 1838 "http://www.521php.com/archives/996/" "Mozilla/5.0 (Windows NT 6.1) AppleWebKit/537.36 (KHTML, like Gecko) Chrome/36.0.1985.143 Safari/537.36" -
2.188.203.250 - - [24/Aug/2014:01:14:37 +0800] "GET /avatar/6c14cbf2cc38ce436ab8e852cbb72ebc.jpg HTTP/1.1" 200 12705 "http://www.521php.com/archives/996/" "Mozilla/5.0 (Windows NT 6.1) AppleWebKit/537.36 (KHTML, like Gecko) Chrome/36.0.1985.143 Safari/537.36" -
2.188.203.250 - - [24/Aug/2014:01:14:50 +0800] "GET /wp-content/themes/zeke/gx.gif HTTP/1.1" 200 15729 "http://www.521php.com/archives/996/" "Mozilla/5.0 (Windows NT 6.1) AppleWebKit/537.36 (KHTML, like Gecko) Chrome/36.0.1985.143 Safari/537.36" -
2.188.203.250 - - [24/Aug/2014:01:14:56 +0800] "GET /wp-includes/js/jquery/jquery.js?ver=1.7.1 HTTP/1.1" 200 45952 "http://www.521php.com/archives/996/" "Mozilla/5.0 (Windows NT 6.1) AppleWebKit/537.36 (KHTML, like Gecko) Chrome/36.0.1985.143 Safari/537.36" -
2.188.203.250 - - [24/Aug/2014:01:15:03 +0800] "GET /avatar/50b2df44915f9ff8bfe2f0a532f60a52.jpg HTTP/1.1" 200 9788 "http://www.521php.com/archives/996/" "Mozilla/5.0 (Windows NT 6.1) AppleWebKit/537.36 (KHTML, like Gecko) Chrome/36.0.1985.143 Safari/537.36" -
2.188.203.250 - - [24/Aug/2014:01:15:08 +0800] "GET /avatar/2ce7f7ef9e7ea89209900565fe09e2aa.jpg HTTP/1.1" 200 9788 "http://www.521php.com/archives/996/" "Mozilla/5.0 (Windows NT 6.1) AppleWebKit/537.36 (KHTML, like Gecko) Chrome/36.0.1985.143 Safari/537.36" -
2.188.203.250 - - [24/Aug/2014:01:15:10 +0800] "GET /avatar/7dcfae221697844defa96c9d9536bbb8.jpg HTTP/1.1" 200 7724 "http://www.521php.com/archives/996/" "Mozilla/5.0 (Windows NT 6.1) AppleWebKit/537.36 (KHTML, like Gecko) Chrome/36.0.1985.143 Safari/537.36" -
2.188.203.250 - - [24/Aug/2014:01:15:26 +0800] "GET /avatar/7d7ef830ae846e5c566a328d01bf4c52.jpg HTTP/1.1" 200 9991 "http://www.521php.com/archives/996/" "Mozilla/5.0 (Windows NT 6.1) AppleWebKit/537.36 (KHTML, like Gecko) Chrome/36.0.1985.143 Safari/537.36" -
2.188.203.250 - - [24/Aug/2014:01:15:32 +0800] "GET /wp-content/uploads/2012/12/20121228100831.jpg HTTP/1.1" 200 35900 "http://www.521php.com/archives/996/" "Mozilla/5.0 (Windows NT 6.1) AppleWebKit/537.36 (KHTML, like Gecko) Chrome/36.0.1985.143 Safari/537.36" -
2.188.203.250 - - [24/Aug/2014:01:15:35 +0800] "GET /avatar/2fec3c5cff0acecd857ee51126e7ec5c.jpg HTTP/1.1" 200 9788 "http://www.521php.com/archives/996/" "Mozilla/5.0 (Windows NT 6.1) AppleWebKit/537.36 (KHTML, like Gecko) Chrome/36.0.1985.143 Safari/537.36" -
123.125.80.235 - - [24/Aug/2014:01:15:36 +0800] "GET /sitemap.html HTTP/1.1" 200 46085 "-" "Mozilla/5.0 (compatible; MSIE 7.0; Windows NT 5.1; .NET CLR 1.1.4322) 360JK yunjiankong" -
2.188.203.250 - - [24/Aug/2014:01:16:24 +0800] "GET /wp-content/themes/zeke/fly.gif HTTP/1.1" 200 107700 "http://www.521php.com/archives/996/" "Mozilla/5.0 (Windows NT 6.1) AppleWebKit/537.36 (KHTML, like Gecko) Chrome/36.0.1985.143 Safari/537.36" -
66.249.89.233 - - [24/Aug/2014:01:16:39 +0800] "GET /feed/ HTTP/1.1" 200 9403 "-" "Feedfetcher-Google; (+http://www.google.com/feedfetcher.html; 1 subscribers; feed-id=7401592756936591704)" -
2.188.203.250 - - [24/Aug/2014:01:17:15 +0800] "GET /wp-content/themes/zeke/MRimg/topbg.png HTTP/1.1" 200 3376 "http://www.521php.com/archives/996/" "Mozilla/5.0 (Windows NT 6.1) AppleWebKit/537.36 (KHTML, like Gecko) Chrome/36.0.1985.143 Safari/537.36" -
2.188.203.250 - - [24/Aug/2014:01:17:15 +0800] "GET /wp-content/themes/zeke/logo.png HTTP/1.1" 200 22282 "http://www.521php.com/archives/996/" "Mozilla/5.0 (Windows NT 6.1) AppleWebKit/537.36 (KHTML, like Gecko) Chrome/36.0.1985.143 Safari/537.36" -
2.188.203.250 - - [24/Aug/2014:01:17:17 +0800] "GET /wp-content/themes/zeke/MRimg/background.png HTTP/1.1" 200 62951 "http://www.521php.com/archives/996/" "Mozilla/5.0 (Windows NT 6.1) AppleWebKit/537.36 (KHTML, like Gecko) Chrome/36.0.1985.143 Safari/537.36" -
2.188.203.250 - - [24/Aug/2014:01:17:18 +0800] "GET /wp-content/themes/zeke/MRimg/content_text.png HTTP/1.1" 200 3806 "http://www.521php.com/archives/996/" "Mozilla/5.0 (Windows NT 6.1) AppleWebKit/537.36 (KHTML, like Gecko) Chrome/36.0.1985.143 Safari/537.36" -
2.188.203.250 - - [24/Aug/2014:01:17:21 +0800] "GET /wp-content/themes/zeke/none HTTP/1.1" 301 184 "http://www.521php.com/archives/996/" "Mozilla/5.0 (Windows NT 6.1) AppleWebKit/537.36 (KHTML, like Gecko) Chrome/36.0.1985.143 Safari/537.36" -
2.188.203.250 - - [24/Aug/2014:01:17:23 +0800] "GET /wp-content/plugins/crayon-syntax-highlighter/css/images/toolbar/buttons.png HTTP/1.1" 200 2236 "http://www.521php.com/archives/996/" "Mozilla/5.0 (Windows NT 6.1) AppleWebKit/537.36 (KHTML, like Gecko) Chrome/36.0.1985.143 Safari/537.36" -
2.188.203.250 - - [24/Aug/2014:01:17:27 +0800] "GET /wp-content/themes/zeke/btn-index.png HTTP/1.1" 200 3283 "http://www.521php.com/archives/996/" "Mozilla/5.0 (Windows NT 6.1) AppleWebKit/537.36 (KHTML, like Gecko) Chrome/36.0.1985.143 Safari/537.36" -
2.188.203.250 - - [24/Aug/2014:01:17:28 +0800] "GET /wp-content/themes/zeke/none/ HTTP/1.1" 200 1 "http://www.521php.com/archives/996/" "Mozilla/5.0 (Windows NT 6.1) AppleWebKit/537.36 (KHTML, like Gecko) Chrome/36.0.1985.143 Safari/537.36" -
2.188.203.250 - - [24/Aug/2014:01:17:30 +0800] "GET /wp-content/themes/zeke/MRimg/fotbg.png HTTP/1.1" 200 3055 "http://www.521php.com/archives/996/" "Mozilla/5.0 (Windows NT 6.1) AppleWebKit/537.36 (KHTML, like Gecko) Chrome/36.0.1985.143 Safari/537.36" -
180.153.229.140 - - [24/Aug/2014:01:17:59 +0800] "GET /sitemap.html HTTP/1.1" 200 46085 "-" "Mozilla/5.0 (compatible; MSIE 7.0; Windows NT 5.1; .NET CLR 1.1.4322) 360JK yunjiankong" -
37.58.100.66 - - [24/Aug/2014:01:18:27 +0800] "GET /wailian/index.php/html/k/09ad7a875df30a3520448511d0e5958f.html HTTP/1.1" 200 9292 "-" "Mozilla/5.0 (compatible; AhrefsBot/5.0; +http://ahrefs.com/robot/)" -
42.62.36.237 - - [24/Aug/2014:01:18:31 +0800] "GET /wailian/index.php/html/k/8f7fb686fa550b65a3cfe2ce598e6f3b.html HTTP/1.1" 200 26645 "-" "Mozilla/5.0 (compatible; ChinasoSpider; +http://shoulu.jike.com/spider.html)" -
42.62.36.237 - - [24/Aug/2014:01:18:36 +0800] "GET /wailian/index.php/html/k/%E6%99%AE%E8%8E%AB%E9%87%8C%E5%B1%B1 HTTP/1.1" 200 119 "-" "Mozilla/5.0 (compatible; ChinasoSpider; +http://shoulu.jike.com/spider.html)" -
42.62.36.237 - - [24/Aug/2014:01:18:40 +0800] "GET /wailian/index.php/html/k/tiki-register.php HTTP/1.1" 200 119 "-" "Mozilla/5.0 (compatible; ChinasoSpider; +http://shoulu.jike.com/spider.html)" -
2.188.203.250 - - [24/Aug/2014:01:19:00 +0800] "GET /wailian/tj.php?url=https://www.google.com/&nowurl=http://www.521php.com/archives/996/ HTTP/1.1" 500 5 "http://www.521php.com/archives/996/" "Mozilla/5.0 (Windows NT 6.1) AppleWebKit/537.36 (KHTML, like Gecko) Chrome/36.0.1985.143 Safari/537.36" -
2.188.203.250 - - [24/Aug/2014:01:19:11 +0800] "GET /wp-content/themes/MRuu2011/MRimg/blank.gif HTTP/1.1" 200 22282 "http://www.521php.com/archives/996/" "Mozilla/5.0 (Windows NT 6.1) AppleWebKit/537.36 (KHTML, like Gecko) Chrome/36.0.1985.143 Safari/537.36" -
66.249.64.233 - - [24/Aug/2014:01:20:12 +0800] "GET /archives/1210/?replytocom=6480 HTTP/1.1" 200 17231 "-" "Mozilla/5.0 (compatible; Googlebot/2.1; +http://www.google.com/bot.html)" -
37.58.100.66 - - [24/Aug/2014:01:20:24 +0800] "GET /archives/date/2014/08/ HTTP/1.1" 200 11129 "-" "Mozilla/5.0 (compatible; AhrefsBot/5.0; +http://ahrefs.com/robot/)" -
123.125.80.235 - - [24/Aug/2014:01:20:36 +0800] "GET /sitemap.html HTTP/1.1" 200 46085 "-" "Mozilla/5.0 (compatible; MSIE 7.0; Windows NT 5.1; .NET CLR 1.1.4322) 360JK yunjiankong" -
65.19.138.34 - - [24/Aug/2014:01:21:21 +0800] "GET /feed/ HTTP/1.1" 304 20 "-" "Feedly/1.0 (+http://www.feedly.com/fetcher.html; like FeedFetcher-Google)" -
2.188.203.250 - - [24/Aug/2014:01:22:18 +0800] "GET /zhizhu/ HTTP/1.1" 200 784 "http://www.521php.com/archives/996/" "Mozilla/5.0 (Windows NT 6.1) AppleWebKit/537.36 (KHTML, like Gecko) Chrome/36.0.1985.143 Safari/537.36" -
2.188.203.250 - - [24/Aug/2014:01:22:21 +0800] "GET /favicon.ico HTTP/1.1" 200 1150 "-" "Mozilla/5.0 (Windows NT 6.1) AppleWebKit/537.36 (KHTML, like Gecko) Chrome/36.0.1985.143 Safari/537.36" -
180.153.229.140 - - [24/Aug/2014:01:22:59 +0800] "GET /sitemap.html HTTP/1.1" 200 46085 "-" "Mozilla/5.0 (compatible; MSIE 7.0; Windows NT 5.1; .NET CLR 1.1.4322) 360JK yunjiankong" -
192.102.204.37 - - [24/Aug/2014:01:24:29 +0800] "GET /feed/ HTTP/1.1" 304 20 "-" "FeedDemon/4.5 (http://www.feeddemon.com/; Microsoft Windows)" -
183.60.215.31 - - [24/Aug/2014:01:25:26 +0800] "GET /archives/467/ HTTP/1.1" 200 14576 "-" "Mozilla/5.0 (compatible; EasouSpider; +http://www.easou.com/search/spider.html)" -
123.125.80.235 - - [24/Aug/2014:01:25:36 +0800] "GET /sitemap.html HTTP/1.1" 200 46085 "-" "Mozilla/5.0 (compatible; MSIE 7.0; Windows NT 5.1; .NET CLR 1.1.4322) 360JK yunjiankong" -
157.55.39.40 - - [24/Aug/2014:01:26:59 +0800] "GET /archives/251/ HTTP/1.1" 200 14261 "-" "Mozilla/5.0 (compatible; bingbot/2.0; +http://www.bing.com/bingbot.htm)" -
180.153.229.140 - - [24/Aug/2014:01:27:59 +0800] "GET /sitemap.html HTTP/1.1" 200 46085 "-" "Mozilla/5.0 (compatible; MSIE 7.0; Windows NT 5.1; .NET CLR 1.1.4322) 360JK yunjiankong" -
112.253.28.43 - - [24/Aug/2014:01:30:04 +0800] "POST /wp-cron.php?doing_wp_cron HTTP/1.0" 200 93 "-" "Wget/1.12 (linux-gnu)" -
123.125.80.235 - - [24/Aug/2014:01:30:36 +0800] "GET /sitemap.html HTTP/1.1" 200 46085 "-" "Mozilla/5.0 (compatible; MSIE 7.0; Windows NT 5.1; .NET CLR 1.1.4322) 360JK yunjiankong" -
123.125.71.15 - - [24/Aug/2014:01:31:16 +0800] "GET /archives/56/comment-page-1/ HTTP/1.1" 200 12949 "-" "Mozilla/5.0 (compatible; Baiduspider/2.0; +http://www.baidu.com/search/spider.html)" -
123.125.71.115 - - [24/Aug/2014:01:32:13 +0800] "GET / HTTP/1.1" 301 5 "-" "Mozilla/5.0 (compatible; Baiduspider/2.0; +http://www.baidu.com/search/spider.html)" -
180.153.229.140 - - [24/Aug/2014:01:32:59 +0800] "GET /sitemap.html HTTP/1.1" 200 46085 "-" "Mozilla/5.0 (compatible; MSIE 7.0; Windows NT 5.1; .NET CLR 1.1.4322) 360JK yunjiankong" -
37.58.100.82 - - [24/Aug/2014:01:33:12 +0800] "GET /wailian/index.php/html/k/e93049bcdb992f555eea5742a99db3d5.html HTTP/1.1" 200 55248 "-" "Mozilla/5.0 (compatible; AhrefsBot/5.0; +http://ahrefs.com/robot/)" -
66.249.64.233 - - [24/Aug/2014:01:35:05 +0800] "GET /wp-content/themes/zeke/random/7.jpg HTTP/1.1" 200 15162 "-" "Googlebot-Image/1.0" -
123.125.80.235 - - [24/Aug/2014:01:35:36 +0800] "GET /sitemap.html HTTP/1.1" 200 46085 "-" "Mozilla/5.0 (compatible; MSIE 7.0; Windows NT 5.1; .NET CLR 1.1.4322) 360JK yunjiankong" -
180.153.229.140 - - [24/Aug/2014:01:37:59 +0800] "GET /sitemap.html HTTP/1.1" 200 46085 "-" "Mozilla/5.0 (compatible; MSIE 7.0; Windows NT 5.1; .NET CLR 1.1.4322) 360JK yunjiankong" -
183.60.215.31 - - [24/Aug/2014:01:40:31 +0800] "GET /page/about HTTP/1.1" 404 4030 "-" "Mozilla/5.0 (compatible; EasouSpider; +http://www.easou.com/search/spider.html)" -
123.125.80.235 - - [24/Aug/2014:01:40:36 +0800] "GET /sitemap.html HTTP/1.1" 200 46085 "-" "Mozilla/5.0 (compatible; MSIE 7.0; Windows NT 5.1; .NET CLR 1.1.4322) 360JK yunjiankong" -
193.150.120.63 - - [24/Aug/2014:01:42:34 +0800] "GET /archives/63/ HTTP/1.0" 200 56227 "http://www.521php.com/archives/63/" "Mozilla/4.0 (compatible; MSIE 5.0; Windows NT; DigExt)" -
193.150.120.63 - - [24/Aug/2014:01:42:40 +0800] "POST /wp-comments-post.php HTTP/1.0" 500 2985 "http://www.521php.com/archives/63/" "Mozilla/4.0 (compatible; MSIE 5.0; Windows NT; DigExt)" -
180.153.229.140 - - [24/Aug/2014:01:42:59 +0800] "GET /sitemap.html HTTP/1.1" 200 46085 "-" "Mozilla/5.0 (compatible; MSIE 7.0; Windows NT 5.1; .NET CLR 1.1.4322) 360JK yunjiankong" -
117.22.36.249 - - [24/Aug/2014:01:43:10 +0800] "GET /archives/437/ HTTP/1.1" 200 13501 "http://www.baidu.com/s?wd=js%20%E9%9A%8F%E6%9C%BA%E8%8C%83%E5%9B%B4%E6%95%B0%E5%AD%97&f=8&oq=js%E6%BB%9A%E5%8A%A8%E6%96%87%E5%AD%97&tn=myie2&ie=utf-8&ch=3&rsv_bp=1&rsv_enter=1&inputT=2899&rsv_sug3=14&rsv_sug4=640&rsv_sug1=8&rsv_sug2=0&bs=js%20%E9%9A%8F%E6%9C%BA%E7%94%9F%E6%88%90%E5%86%85%E5%AE%B9" "Mozilla/5.0 (Windows NT 5.1) AppleWebKit/535.12 (KHTML, like Gecko) Maxthon/3.0 Chrome/22.0.1229.79 Safari/535.12" -
117.22.36.249 - - [24/Aug/2014:01:43:10 +0800] "GET /wp-content/themes/zeke/miaov_style.css HTTP/1.1" 200 261 "http://www.521php.com/archives/437/" "Mozilla/5.0 (Windows NT 5.1) AppleWebKit/535.12 (KHTML, like Gecko) Maxthon/3.0 Chrome/22.0.1229.79 Safari/535.12" -
117.22.36.249 - - [24/Aug/2014:01:43:10 +0800] "GET /wp-content/themes/zeke/style.css HTTP/1.1" 200 27194 "http://www.521php.com/archives/437/" "Mozilla/5.0 (Windows NT 5.1) AppleWebKit/535.12 (KHTML, like Gecko) Maxthon/3.0 Chrome/22.0.1229.79 Safari/535.12" -
117.22.36.249 - - [24/Aug/2014:01:43:10 +0800] "GET /wp-content/plugins/crayon-syntax-highlighter/css/min/crayon.min.css?ver=2.2.0 HTTP/1.1" 200 20907 "http://www.521php.com/archives/437/" "Mozilla/5.0 (Windows NT 5.1) AppleWebKit/535.12 (KHTML, like Gecko) Maxthon/3.0 Chrome/22.0.1229.79 Safari/535.12" -
117.22.36.249 - - [24/Aug/2014:01:43:10 +0800] "GET /wp-content/plugins/crayon-syntax-highlighter/themes/ado/ado.css?ver=2.2.0 HTTP/1.1" 200 4751 "http://www.521php.com/archives/437/" "Mozilla/5.0 (Windows NT 5.1) AppleWebKit/535.12 (KHTML, like Gecko) Maxthon/3.0 Chrome/22.0.1229.79 Safari/535.12" -
117.22.36.249 - - [24/Aug/2014:01:43:10 +0800] "GET /wp-content/plugins/crayon-syntax-highlighter/fonts/courier-new.css?ver=2.2.0 HTTP/1.1" 200 86 "http://www.521php.com/archives/437/" "Mozilla/5.0 (Windows NT 5.1) AppleWebKit/535.12 (KHTML, like Gecko) Maxthon/3.0 Chrome/22.0.1229.79 Safari/535.12" -
117.22.36.249 - - [24/Aug/2014:01:43:10 +0800] "GET /wp-content/plugins/crayon-syntax-highlighter/js/min/crayon.min.js?ver=2.2.0 HTTP/1.1" 200 24247 "http://www.521php.com/archives/437/" "Mozilla/5.0 (Windows NT 5.1) AppleWebKit/535.12 (KHTML, like Gecko) Maxthon/3.0 Chrome/22.0.1229.79 Safari/535.12" -
117.22.36.249 - - [24/Aug/2014:01:43:10 +0800] "GET /wp-includes/js/comment-reply.js?ver=20090102 HTTP/1.1" 200 786 "http://www.521php.com/archives/437/" "Mozilla/5.0 (Windows NT 5.1) AppleWebKit/535.12 (KHTML, like Gecko) Maxthon/3.0 Chrome/22.0.1229.79 Safari/535.12" -
117.22.36.249 - - [24/Aug/2014:01:43:10 +0800] "GET /wp-content/themes/zeke/comments-ajax.js HTTP/1.1" 200 6279 "http://www.521php.com/archives/437/" "Mozilla/5.0 (Windows NT 5.1) AppleWebKit/535.12 (KHTML, like Gecko) Maxthon/3.0 Chrome/22.0.1229.79 Safari/535.12" -
117.22.36.249 - - [24/Aug/2014:01:43:10 +0800] "GET /api/tz/ HTTP/1.1" 200 1168 "http://www.521php.com/archives/437/" "Mozilla/5.0 (Windows NT 5.1) AppleWebKit/535.12 (KHTML, like Gecko) Maxthon/3.0 Chrome/22.0.1229.79 Safari/535.12" -
117.22.36.249 - - [24/Aug/2014:01:43:10 +0800] "GET /wp-content/themes/zeke/MRjs/jquery.lazyload.js HTTP/1.1" 200 1626 "http://www.521php.com/archives/437/" "Mozilla/5.0 (Windows NT 5.1) AppleWebKit/535.12 (KHTML, like Gecko) Maxthon/3.0 Chrome/22.0.1229.79 Safari/535.12" -
117.22.36.249 - - [24/Aug/2014:01:43:10 +0800] "GET /wp-content/themes/zeke/MRjs/custom.js HTTP/1.1" 200 1694 "http://www.521php.com/archives/437/" "Mozilla/5.0 (Windows NT 5.1) AppleWebKit/535.12 (KHTML, like Gecko) Maxthon/3.0 Chrome/22.0.1229.79 Safari/535.12" -
117.22.36.249 - - [24/Aug/2014:01:43:10 +0800] "GET /wp-content/themes/zeke/miaov.js HTTP/1.1" 200 4099 "http://www.521php.com/archives/437/" "Mozilla/5.0 (Windows NT 5.1) AppleWebKit/535.12 (KHTML, like Gecko) Maxthon/3.0 Chrome/22.0.1229.79 Safari/535.12" -
117.22.36.249 - - [24/Aug/2014:01:43:10 +0800] "GET /wp-includes/js/jquery/jquery.js?ver=1.7.1 HTTP/1.1" 200 93889 "http://www.521php.com/archives/437/" "Mozilla/5.0 (Windows NT 5.1) AppleWebKit/535.12 (KHTML, like Gecko) Maxthon/3.0 Chrome/22.0.1229.79 Safari/535.12" -
117.22.36.249 - - [24/Aug/2014:01:43:10 +0800] "GET /images/bgic.gif HTTP/1.1" 200 391 "http://www.521php.com/archives/437/" "Mozilla/5.0 (Windows NT 5.1) AppleWebKit/535.12 (KHTML, like Gecko) Maxthon/3.0 Chrome/22.0.1229.79 Safari/535.12" -
117.22.36.249 - - [24/Aug/2014:01:43:10 +0800] "GET /wp-content/themes/zeke/gx.gif HTTP/1.1" 200 15729 "http://www.521php.com/archives/437/" "Mozilla/5.0 (Windows NT 5.1) AppleWebKit/535.12 (KHTML, like Gecko) Maxthon/3.0 Chrome/22.0.1229.79 Safari/535.12" -
117.22.36.249 - - [24/Aug/2014:01:43:10 +0800] "GET /avatar/50b2df44915f9ff8bfe2f0a532f60a52.jpg HTTP/1.1" 200 9788 "http://www.521php.com/archives/437/" "Mozilla/5.0 (Windows NT 5.1) AppleWebKit/535.12 (KHTML, like Gecko) Maxthon/3.0 Chrome/22.0.1229.79 Safari/535.12" -
117.22.36.249 - - [24/Aug/2014:01:43:10 +0800] "GET /avatar/2ce7f7ef9e7ea89209900565fe09e2aa.jpg HTTP/1.1" 200 9788 "http://www.521php.com/archives/437/" "Mozilla/5.0 (Windows NT 5.1) AppleWebKit/535.12 (KHTML, like Gecko) Maxthon/3.0 Chrome/22.0.1229.79 Safari/535.12" -
117.22.36.249 - - [24/Aug/2014:01:43:10 +0800] "GET /wp-content/themes/zeke/MRjs/jquery.min.js HTTP/1.1" 200 57075 "http://www.521php.com/archives/437/" "Mozilla/5.0 (Windows NT 5.1) AppleWebKit/535.12 (KHTML, like Gecko) Maxthon/3.0 Chrome/22.0.1229.79 Safari/535.12" -
117.22.36.249 - - [24/Aug/2014:01:43:10 +0800] "GET /avatar/7dcfae221697844defa96c9d9536bbb8.jpg HTTP/1.1" 200 7724 "http://www.521php.com/archives/437/" "Mozilla/5.0 (Windows NT 5.1) AppleWebKit/535.12 (KHTML, like Gecko) Maxthon/3.0 Chrome/22.0.1229.79 Safari/535.12" -
117.22.36.249 - - [24/Aug/2014:01:43:10 +0800] "GET /avatar/7d7ef830ae846e5c566a328d01bf4c52.jpg HTTP/1.1" 200 9991 "http://www.521php.com/archives/437/" "Mozilla/5.0 (Windows NT 5.1) AppleWebKit/535.12 (KHTML, like Gecko) Maxthon/3.0 Chrome/22.0.1229.79 Safari/535.12" -
117.22.36.249 - - [24/Aug/2014:01:43:10 +0800] "GET /avatar/2fec3c5cff0acecd857ee51126e7ec5c.jpg HTTP/1.1" 200 9788 "http://www.521php.com/archives/437/" "Mozilla/5.0 (Windows NT 5.1) AppleWebKit/535.12 (KHTML, like Gecko) Maxthon/3.0 Chrome/22.0.1229.79 Safari/535.12" -
117.22.36.249 - - [24/Aug/2014:01:43:10 +0800] "GET /wp-content/themes/zeke/MRimg/topbg.png HTTP/1.1" 200 3376 "http://www.521php.com/archives/437/" "Mozilla/5.0 (Windows NT 5.1) AppleWebKit/535.12 (KHTML, like Gecko) Maxthon/3.0 Chrome/22.0.1229.79 Safari/535.12" -
117.22.36.249 - - [24/Aug/2014:01:43:10 +0800] "GET /wp-content/themes/zeke/fly.gif HTTP/1.1" 200 113021 "http://www.521php.com/archives/437/" "Mozilla/5.0 (Windows NT 5.1) AppleWebKit/535.12 (KHTML, like Gecko) Maxthon/3.0 Chrome/22.0.1229.79 Safari/535.12" -
117.22.36.249 - - [24/Aug/2014:01:43:10 +0800] "GET /wp-content/themes/zeke/logo.png HTTP/1.1" 200 22282 "http://www.521php.com/archives/437/" "Mozilla/5.0 (Windows NT 5.1) AppleWebKit/535.12 (KHTML, like Gecko) Maxthon/3.0 Chrome/22.0.1229.79 Safari/535.12" -
117.22.36.249 - - [24/Aug/2014:01:43:11 +0800] "GET /wp-content/themes/zeke/MRimg/content_text.png HTTP/1.1" 200 3806 "http://www.521php.com/archives/437/" "Mozilla/5.0 (Windows NT 5.1) AppleWebKit/535.12 (KHTML, like Gecko) Maxthon/3.0 Chrome/22.0.1229.79 Safari/535.12" -
117.22.36.249 - - [24/Aug/2014:01:43:11 +0800] "GET /wp-content/plugins/crayon-syntax-highlighter/css/images/toolbar/buttons.png HTTP/1.1" 200 2236 "http://www.521php.com/archives/437/" "Mozilla/5.0 (Windows NT 5.1) AppleWebKit/535.12 (KHTML, like Gecko) Maxthon/3.0 Chrome/22.0.1229.79 Safari/535.12" -
117.22.36.249 - - [24/Aug/2014:01:43:11 +0800] "GET /wp-content/themes/zeke/none HTTP/1.1" 301 184 "http://www.521php.com/archives/437/" "Mozilla/5.0 (Windows NT 5.1) AppleWebKit/535.12 (KHTML, like Gecko) Maxthon/3.0 Chrome/22.0.1229.79 Safari/535.12" -
117.22.36.249 - - [24/Aug/2014:01:43:11 +0800] "GET /wp-content/themes/zeke/MRimg/background.png HTTP/1.1" 200 62951 "http://www.521php.com/archives/437/" "Mozilla/5.0 (Windows NT 5.1) AppleWebKit/535.12 (KHTML, like Gecko) Maxthon/3.0 Chrome/22.0.1229.79 Safari/535.12" -
117.22.36.249 - - [24/Aug/2014:01:43:11 +0800] "GET /wp-content/themes/zeke/btn-index.png HTTP/1.1" 200 3283 "http://www.521php.com/archives/437/" "Mozilla/5.0 (Windows NT 5.1) AppleWebKit/535.12 (KHTML, like Gecko) Maxthon/3.0 Chrome/22.0.1229.79 Safari/535.12" -
117.22.36.249 - - [24/Aug/2014:01:43:11 +0800] "GET /wp-content/themes/zeke/MRimg/fotbg.png HTTP/1.1" 200 3055 "http://www.521php.com/archives/437/" "Mozilla/5.0 (Windows NT 5.1) AppleWebKit/535.12 (KHTML, like Gecko) Maxthon/3.0 Chrome/22.0.1229.79 Safari/535.12" -
117.22.36.249 - - [24/Aug/2014:01:43:11 +0800] "GET /wp-content/themes/zeke/none/ HTTP/1.1" 200 1 "http://www.521php.com/archives/437/" "Mozilla/5.0 (Windows NT 5.1) AppleWebKit/535.12 (KHTML, like Gecko) Maxthon/3.0 Chrome/22.0.1229.79 Safari/535.12" -
117.22.36.249 - - [24/Aug/2014:01:43:11 +0800] "GET /api/tz/tz.php?url=baidu&host=&uh=www.521php.com&keyword=js%20%E9%9A%8F%E6%9C%BA%E8%8C%83%E5%9B%B4%E6%95%B0%E5%AD%97&page=0 HTTP/1.1" 200 274 "http://www.521php.com/archives/437/" "Mozilla/5.0 (Windows NT 5.1) AppleWebKit/535.12 (KHTML, like Gecko) Maxthon/3.0 Chrome/22.0.1229.79 Safari/535.12" -
117.22.36.249 - - [24/Aug/2014:01:43:13 +0800] "GET /favicon.ico HTTP/1.1" 200 1150 "-" "Mozilla/5.0 (Windows NT 6.2; WOW64) AppleWebKit/537.36 (KHTML, like Gecko) Maxthon/4.3.1.2000 Chrome/30.0.1599.101 Safari/537.36" -
220.181.108.110 - - [24/Aug/2014:01:44:06 +0800] "GET /avatar/60521fdeccab00d819f6bf8cc42f5aa6.jpg HTTP/1.1" 200 2076 "http://image.baidu.com/i?ct=503316480&z=0&tn=baiduimagedetail" "Baiduspider-image+(+http://www.baidu.com/search/spider.htm)" -
101.226.168.230 - - [24/Aug/2014:01:44:13 +0800] "GET /archives/1159/ HTTP/1.1" 200 15825 "http://www.521php.com/archives/1159/" "Mozilla/5.0 (Windows NT 6.1) AppleWebKit/537.1 (KHTML, like Gecko) Chrome/21.0.1180.89 Safari/537.1; 360Spider" -
101.226.169.196 - - [24/Aug/2014:01:44:36 +0800] "GET /archives/1001/ HTTP/1.1" 200 13774 "http://www.521php.com/archives/1001/" "Mozilla/5.0 (Windows NT 6.1) AppleWebKit/537.1 (KHTML, like Gecko) Chrome/21.0.1180.89 Safari/537.1; 360Spider" -
123.125.80.235 - - [24/Aug/2014:01:45:36 +0800] "GET /sitemap.html HTTP/1.1" 200 46085 "-" "Mozilla/5.0 (compatible; MSIE 7.0; Windows NT 5.1; .NET CLR 1.1.4322) 360JK yunjiankong" -
101.226.167.211 - - [24/Aug/2014:01:46:42 +0800] "GET /archives/721/ HTTP/1.1" 200 15799 "http://www.521php.com/archives/721/" "Mozilla/5.0 (Windows NT 6.1) AppleWebKit/537.1 (KHTML, like Gecko) Chrome/21.0.1180.89 Safari/537.1; 360Spider" -
37.58.100.82 - - [24/Aug/2014:01:46:54 +0800] "GET /wailian/index.php/html/k/248d566a8cc6c09d7cb98271ea14398c.html HTTP/1.1" 200 51825 "-" "Mozilla/5.0 (compatible; AhrefsBot/5.0; +http://ahrefs.com/robot/)" -
101.226.166.252 - - [24/Aug/2014:01:47:10 +0800] "GET /archives/1634/ HTTP/1.1" 200 54666 "http://www.521php.com/archives/1634/" "Mozilla/5.0 (Windows NT 6.1) AppleWebKit/537.1 (KHTML, like Gecko) Chrome/21.0.1180.89 Safari/537.1; 360Spider" -
180.153.229.140 - - [24/Aug/2014:01:47:59 +0800] "GET /sitemap.html HTTP/1.1" 200 46085 "-" "Mozilla/5.0 (compatible; MSIE 7.0; Windows NT 5.1; .NET CLR 1.1.4322) 360JK yunjiankong" -
101.226.168.228 - - [24/Aug/2014:01:48:46 +0800] "GET /archives/1413/?replytocom=3880 HTTP/1.1" 200 20255 "http://www.521php.com/archives/1413/?replytocom=3880" "Mozilla/5.0 (Windows NT 6.1) AppleWebKit/537.1 (KHTML, like Gecko) Chrome/21.0.1180.89 Safari/537.1; 360Spider" -
123.125.80.235 - - [24/Aug/2014:01:50:36 +0800] "GET /sitemap.html HTTP/1.1" 200 46085 "-" "Mozilla/5.0 (compatible; MSIE 7.0; Windows NT 5.1; .NET CLR 1.1.4322) 360JK yunjiankong" -
101.226.166.251 - - [24/Aug/2014:01:50:42 +0800] "GET /archives/279/ HTTP/1.1" 200 19068 "http://www.521php.com/archives/279/" "Mozilla/5.0 (Windows NT 6.1) AppleWebKit/537.1 (KHTML, like Gecko) Chrome/21.0.1180.89 Safari/537.1; 360Spider" -
123.125.71.70 - - [24/Aug/2014:01:50:59 +0800] "GET /archives/1409/ HTTP/1.1" 200 15651 "-" "Mozilla/5.0 (compatible; Baiduspider/2.0; +http://www.baidu.com/search/spider.html)" -
123.125.80.235 - - [24/Aug/2014:01:51:26 +0800] "GET /sitemap.html HTTP/1.1" 200 46085 "-" "Mozilla/5.0 (compatible; MSIE 7.0; Windows NT 5.1; .NET CLR 1.1.4322) 360JK yunjiankong" -
101.226.166.195 - - [24/Aug/2014:01:51:31 +0800] "GET /archives/865/?replytocom=770 HTTP/1.1" 200 15321 "http://www.521php.com/archives/865/?replytocom=770" "Mozilla/5.0 (Windows NT 6.1) AppleWebKit/537.1 (KHTML, like Gecko) Chrome/21.0.1180.89 Safari/537.1; 360Spider" -
101.226.169.218 - - [24/Aug/2014:01:51:54 +0800] "GET /archives/date/2013/05/ HTTP/1.1" 200 14258 "http://www.521php.com/archives/date/2013/05/" "Mozilla/5.0 (Windows NT 6.1) AppleWebKit/537.1 (KHTML, like Gecko) Chrome/21.0.1180.89 Safari/537.1; 360Spider" -
101.226.166.254 - - [24/Aug/2014:01:52:27 +0800] "GET /archives/category/team/page/3/ HTTP/1.1" 200 14355 "http://www.521php.com/archives/category/team/page/3/" "Mozilla/5.0 (Windows NT 6.1) AppleWebKit/537.1 (KHTML, like Gecko) Chrome/21.0.1180.89 Safari/537.1; 360Spider" -
101.226.167.208 - - [24/Aug/2014:01:52:36 +0800] "GET /archives/date/2013/04/ HTTP/1.1" 200 13916 "http://www.521php.com/archives/date/2013/04/" "Mozilla/5.0 (Windows NT 6.1) AppleWebKit/537.1 (KHTML, like Gecko) Chrome/21.0.1180.89 Safari/537.1; 360Spider" -
180.153.229.140 - - [24/Aug/2014:01:52:59 +0800] "GET /sitemap.html HTTP/1.1" 200 46085 "-" "Mozilla/5.0 (compatible; MSIE 7.0; Windows NT 5.1; .NET CLR 1.1.4322) 360JK yunjiankong" -
37.58.100.82 - - [24/Aug/2014:01:53:09 +0800] "GET /wailian/index.php/html/k/847f9bb244ac147a28e03f19bcbf68d1.html HTTP/1.1" 200 82998 "-" "Mozilla/5.0 (compatible; AhrefsBot/5.0; +http://ahrefs.com/robot/)" -
101.226.169.195 - - [24/Aug/2014:01:53:36 +0800] "GET /archives/category/gongneng/page/5/ HTTP/1.1" 200 14442 "http://www.521php.com/archives/category/gongneng/page/5/" "Mozilla/5.0 (Windows NT 6.1) AppleWebKit/537.1 (KHTML, like Gecko) Chrome/21.0.1180.89 Safari/537.1; 360Spider" -
178.137.84.187 - - [24/Aug/2014:01:54:13 +0800] "GET /archives/tag/liuyan/ HTTP/1.0" 200 50578 "http://www.521php.com/archives/tag/liuyan/" "Mozilla/5.0 (Windows NT 5.1) AppleWebKit/537.36 (KHTML, like Gecko) Chrome/32.0.1700.107 Safari/537.36" -
183.60.214.37 - - [24/Aug/2014:01:55:33 +0800] "GET / HTTP/1.1" 200 14187 "-" "Mozilla/5.0" -
123.125.80.235 - - [24/Aug/2014:01:56:18 +0800] "GET /sitemap.html HTTP/1.1" 200 46085 "-" "Mozilla/5.0 (compatible; MSIE 7.0; Windows NT 5.1; .NET CLR 1.1.4322) 360JK yunjiankong" -
180.153.229.140 - - [24/Aug/2014:01:57:59 +0800] "GET /sitemap.html HTTP/1.1" 200 46085 "-" "Mozilla/5.0 (compatible; MSIE 7.0; Windows NT 5.1; .NET CLR 1.1.4322) 360JK yunjiankong" -
101.1.7.164 - - [24/Aug/2014:01:58:25 +0800] "GET /xiangce/ HTTP/1.0" 200 804 "http://www.521php.com/xiangce/" "Mozilla/4.0 (compatible; MSIE 6.0; Windows NT 5.1; SV1; .NET CLR 2.0.50727)" -
101.1.7.164 - - [24/Aug/2014:01:58:25 +0800] "GET /archives/category/lovephp/ HTTP/1.0" 499 0 "http://www.521php.com/archives/category/lovephp/" "Mozilla/4.0 (compatible; MSIE 6.0; Windows NT 5.1; SV1; .NET CLR 2.0.50727)" -
101.1.7.164 - - [24/Aug/2014:01:58:25 +0800] "GET /archives/category/gongneng/ HTTP/1.0" 499 0 "http://www.521php.com/archives/category/gongneng/" "Mozilla/4.0 (compatible; MSIE 6.0; Windows NT 5.1; SV1; .NET CLR 2.0.50727)" -
101.1.7.164 - - [24/Aug/2014:01:58:25 +0800] "GET /message/ HTTP/1.0" 499 0 "http://www.521php.com/message/" "Mozilla/4.0 (compatible; MSIE 6.0; Windows NT 5.1; SV1; .NET CLR 2.0.50727)" -
101.1.7.164 - - [24/Aug/2014:01:58:25 +0800] "GET /wailian/ HTTP/1.0" 499 0 "http://www.521php.com/wailian/" "Mozilla/4.0 (compatible; MSIE 6.0; Windows NT 5.1; SV1; .NET CLR 2.0.50727)" -
101.1.7.164 - - [24/Aug/2014:01:58:25 +0800] "GET /archives/1784/ HTTP/1.0" 499 0 "http://www.521php.com/archives/1784/" "Mozilla/4.0 (compatible; MSIE 6.0; Windows NT 5.1; SV1; .NET CLR 2.0.50727)" -
101.1.7.164 - - [24/Aug/2014:01:58:25 +0800] "GET /flink/ HTTP/1.0" 499 0 "http://www.521php.com/flink/" "Mozilla/4.0 (compatible; MSIE 6.0; Windows NT 5.1; SV1; .NET CLR 2.0.50727)" -
101.1.7.164 - - [24/Aug/2014:01:58:25 +0800] "GET /feed/ HTTP/1.0" 499 0 "http://www.521php.com/feed/" "Mozilla/4.0 (compatible; MSIE 6.0; Windows NT 5.1; SV1; .NET CLR 2.0.50727)" -
101.1.7.164 - - [24/Aug/2014:01:58:27 +0800] "GET /archives/category/linux/ HTTP/1.0" 200 80396 "http://www.521php.com/archives/category/linux/" "Mozilla/4.0 (compatible; MSIE 6.0; Windows NT 5.1; SV1; .NET CLR 2.0.50727)" -
101.1.7.164 - - [24/Aug/2014:01:58:27 +0800] "GET /video/ HTTP/1.0" 200 53539 "http://www.521php.com/video/" "Mozilla/4.0 (compatible; MSIE 6.0; Windows NT 5.1; SV1; .NET CLR 2.0.50727)" -
101.1.7.164 - - [24/Aug/2014:01:58:29 +0800] "GET /archives/category/cclog/ HTTP/1.0" 200 63744 "http://www.521php.com/archives/category/cclog/" "Mozilla/4.0 (compatible; MSIE 6.0; Windows NT 5.1; SV1; .NET CLR 2.0.50727)" -
101.1.7.164 - - [24/Aug/2014:01:58:29 +0800] "GET /archives/category/team/ HTTP/1.0" 200 43344 "http://www.521php.com/archives/category/team/" "Mozilla/4.0 (compatible; MSIE 6.0; Windows NT 5.1; SV1; .NET CLR 2.0.50727)" -
101.1.7.164 - - [24/Aug/2014:01:58:49 +0800] "GET /archives/date/2014/08/ HTTP/1.0" 200 43344 "http://www.521php.com/archives/date/2014/08/" "Mozilla/4.0 (compatible; MSIE 6.0; Windows NT 5.1; SV1; .NET CLR 2.0.50727)" -
112.253.28.43 - - [24/Aug/2014:02:00:03 +0800] "POST /wp-cron.php?doing_wp_cron HTTP/1.0" 200 93 "-" "Wget/1.12 (linux-gnu)" -
123.125.80.235 - - [24/Aug/2014:02:01:18 +0800] "GET /sitemap.html HTTP/1.1" 200 46085 "-" "Mozilla/5.0 (compatible; MSIE 7.0; Windows NT 5.1; .NET CLR 1.1.4322) 360JK yunjiankong" -
182.118.25.226 - - [24/Aug/2014:02:02:50 +0800] "GET /flink/comment-page-1/?replytocom=6747 HTTP/1.1" 200 14854 "http://www.521php.com/flink/comment-page-1/?replytocom=6747" "Mozilla/5.0 (compatible; MSIE 9.0; Windows NT 6.1; Trident/5.0); 360Spider" -
101.226.168.252 - - [24/Aug/2014:02:02:52 +0800] "GET /archives/tag/blog/page/2/ HTTP/1.1" 200 13963 "http://www.521php.com/archives/tag/blog/page/2/" "Mozilla/5.0 (Windows NT 6.1) AppleWebKit/537.1 (KHTML, like Gecko) Chrome/21.0.1180.89 Safari/537.1; 360Spider" -
180.153.229.140 - - [24/Aug/2014:02:02:59 +0800] "GET /sitemap.html HTTP/1.1" 200 46085 "-" "Mozilla/5.0 (compatible; MSIE 7.0; Windows NT 5.1; .NET CLR 1.1.4322) 360JK yunjiankong" -
123.125.71.102 - - [24/Aug/2014:02:03:01 +0800] "GET /archives/1761/?replytocom=8860 HTTP/1.1" 200 14888 "-" "Mozilla/5.0 (compatible; Baiduspider/2.0; +http://www.baidu.com/search/spider.html)" -
101.226.166.227 - - [24/Aug/2014:02:03:29 +0800] "GET /archives/date/2012/10/page/2/ HTTP/1.1" 200 10402 "http://www.521php.com/archives/date/2012/10/page/2/" "Mozilla/5.0 (Windows NT 6.1) AppleWebKit/537.1 (KHTML, like Gecko) Chrome/21.0.1180.89 Safari/537.1; 360Spider" -
101.226.166.209 - - [24/Aug/2014:02:04:04 +0800] "GET /page/19/?pic=1 HTTP/1.1" 200 16897 "http://www.521php.com/page/19/?pic=1" "Mozilla/5.0 (Windows NT 6.1) AppleWebKit/537.1 (KHTML, like Gecko) Chrome/21.0.1180.89 Safari/537.1; 360Spider" -
101.226.166.222 - - [24/Aug/2014:02:04:10 +0800] "GET /picture/?pic=1replytocom%3D38replytocom%3D38replytocom%3D38replytocom%3D38replytocom%3D38replytocom%3D38replytocom%3D38replytocom%3D38replytocom%3D38replytocom%3D38replytocom%3D38replytocom%3D38replytocom=41 HTTP/1.1" 200 12407 "http://www.521php.com/picture/?pic=1replytocom%3D38replytocom%3D38replytocom%3D38replytocom%3D38replytocom%3D38replytocom%3D38replytocom%3D38replytocom%3D38replytocom%3D38replytocom%3D38replytocom%3D38replytocom%3D38replytocom=41" "Mozilla/5.0 (Windows NT 6.1) AppleWebKit/537.1 (KHTML, like Gecko) Chrome/21.0.1180.89 Safari/537.1; 360Spider" -
182.118.22.217 - - [24/Aug/2014:02:04:11 +0800] "GET /archives/502/ HTTP/1.1" 200 13891 "http://www.521php.com/archives/502/" "Mozilla/5.0 (compatible; MSIE 9.0; Windows NT 6.1; Trident/5.0); 360Spider" -
101.226.167.208 - - [24/Aug/2014:02:05:28 +0800] "GET /page/13/ HTTP/1.1" 200 14311 "http://www.521php.com/page/13/" "Mozilla/5.0 (Windows NT 6.1) AppleWebKit/537.1 (KHTML, like Gecko) Chrome/21.0.1180.89 Safari/537.1; 360Spider" -
101.226.168.206 - - [24/Aug/2014:02:05:46 +0800] "GET /picture/?pic=1replytocom%3D38replytocom%3D38replytocom%3D38replytocom%3D38replytocom%3D38replytocom%3D38replytocom%3D38replytocom%3D38replytocom%3D38replytocom%3D38replytocom%3D41replytocom%3D41replytocom=38 HTTP/1.1" 200 12411 "http://www.521php.com/picture/?pic=1replytocom%3D38replytocom%3D38replytocom%3D38replytocom%3D38replytocom%3D38replytocom%3D38replytocom%3D38replytocom%3D38replytocom%3D38replytocom%3D38replytocom%3D41replytocom%3D41replytocom=38" "Mozilla/5.0 (Windows NT 6.1) AppleWebKit/537.1 (KHTML, like Gecko) Chrome/21.0.1180.89 Safari/537.1; 360Spider" -
104.131.236.195 - - [24/Aug/2014:02:06:14 +0800] "GET / HTTP/1.1" 301 5 "-" "Mozilla/5.0 (Macintosh; Intel Mac OS X 10_9_2) AppleWebKit/537.36 (KHTML, like Gecko) Chrome/36.0.1944.0 Safari/537.36" -
182.118.22.228 - - [24/Aug/2014:02:06:15 +0800] "GET /?pic=1 HTTP/1.1" 200 14125 "http://www.521php.com/?pic=1" "Mozilla/5.0 (compatible; MSIE 9.0; Windows NT 6.1; Trident/5.0); 360Spider" -
104.131.236.195 - - [24/Aug/2014:02:06:16 +0800] "GET / HTTP/1.1" 200 84990 "-" "Mozilla/5.0 (Macintosh; Intel Mac OS X 10_9_2) AppleWebKit/537.36 (KHTML, like Gecko) Chrome/36.0.1944.0 Safari/537.36" -
104.131.236.195 - - [24/Aug/2014:02:06:17 +0800] "GET /xiangce/ HTTP/1.1" 200 804 "-" "Mozilla/5.0 (Macintosh; U; Intel Mac OS X 10.6; en; rv:1.9.2.14pre) Gecko/20101212 Camino/2.1a1pre (like Firefox/3.6.14pre)" -
104.131.236.195 - - [24/Aug/2014:02:06:18 +0800] "GET /archives/tag/mongodb/ HTTP/1.1" 200 53396 "-" "Mozilla/5.0 (Macintosh; Intel Mac OS X 10_9_2) AppleWebKit/537.36 (KHTML, like Gecko) Chrome/36.0.1944.0 Safari/537.36" -
104.131.236.195 - - [24/Aug/2014:02:06:18 +0800] "GET /feed/ HTTP/1.1" 200 25267 "-" "Mozilla/5.0 (Windows NT 5.1; rv:31.0) Gecko/20100101 Firefox/31.0" -
104.131.236.195 - - [24/Aug/2014:02:06:18 +0800] "GET /wailian/ HTTP/1.1" 200 29908 "-" "Mozilla/5.0 (Windows NT 5.1; rv:31.0) Gecko/20100101 Firefox/31.0" -
104.131.236.195 - - [24/Aug/2014:02:06:19 +0800] "GET / HTTP/1.1" 301 5 "-" "Mozilla/5.0 (Macintosh; U; Intel Mac OS X 10.6; en; rv:1.9.2.14pre) Gecko/20101212 Camino/2.1a1pre (like Firefox/3.6.14pre)" -
104.131.236.195 - - [24/Aug/2014:02:06:19 +0800] "GET /video/ HTTP/1.1" 200 53584 "-" "Mozilla/5.0 (compatible; MSIE 10.6; Windows NT 6.1; Trident/5.0; InfoPath.2; SLCC1; .NET CLR 3.0.4506.2152; .NET CLR 3.5.30729; .NET CLR 2.0.50727) 3gpp-gba UNTRUSTED/1.0" -
104.131.236.195 - - [24/Aug/2014:02:06:20 +0800] "GET /archives/category/safe/ HTTP/1.1" 200 77893 "-" "Mozilla/5.0 (Macintosh; U; Intel Mac OS X 10.6; en; rv:1.9.2.14pre) Gecko/20101212 Camino/2.1a1pre (like Firefox/3.6.14pre)" -
104.131.236.195 - - [24/Aug/2014:02:06:20 +0800] "GET /flink/ HTTP/1.1" 200 79564 "-" "Mozilla/5.0 (Macintosh; U; PPC Mac OS X; pl-PL; rv:1.0.1) Gecko/20021111 Chimera/0.6" -
104.131.236.195 - - [24/Aug/2014:02:06:20 +0800] "GET /archives/category/linux/ HTTP/1.1" 200 80449 "-" "Mozilla/5.0 (Macintosh; Intel Mac OS X 10_9_2) AppleWebKit/537.36 (KHTML, like Gecko) Chrome/36.0.1944.0 Safari/537.36" -
104.131.236.195 - - [24/Aug/2014:02:06:20 +0800] "GET /archives/category/lovephp/ HTTP/1.1" 200 81700 "-" "Mozilla/5.0 (Windows NT 5.1; rv:31.0) Gecko/20100101 Firefox/31.0" -
104.131.236.195 - - [24/Aug/2014:02:06:20 +0800] "GET /archives/category/gongneng/ HTTP/1.1" 200 83808 "-" "Mozilla/5.0 (X11; Linux x86_64; rv:17.0) Gecko/20121202 Firefox/17.0 Iceweasel/17.0.1" -
104.131.236.195 - - [24/Aug/2014:02:06:20 +0800] "GET /archives/category/cclog/ HTTP/1.1" 200 79235 "-" "Mozilla/5.0 (Macintosh; U; PPC Mac OS X; pl-PL; rv:1.0.1) Gecko/20021111 Chimera/0.6" -
104.131.236.195 - - [24/Aug/2014:02:06:20 +0800] "GET /archives/category/team/ HTTP/1.1" 200 81305 "-" "Mozilla/5.0 (Macintosh; U; PPC Mac OS X; pl-PL; rv:1.0.1) Gecko/20021111 Chimera/0.6" -
104.131.236.195 - - [24/Aug/2014:02:06:20 +0800] "GET / HTTP/1.1" 200 84990 "-" "Mozilla/5.0 (X11; Linux x86_64; rv:17.0) Gecko/20121202 Firefox/17.0 Iceweasel/17.0.1" -
123.125.80.235 - - [24/Aug/2014:02:06:20 +0800] "GET /sitemap.html HTTP/1.1" 200 46085 "-" "Mozilla/5.0 (compatible; MSIE 7.0; Windows NT 5.1; .NET CLR 1.1.4322) 360JK yunjiankong" -
104.131.236.195 - - [24/Aug/2014:02:06:20 +0800] "GET /archives/category/zong/ HTTP/1.1" 200 79522 "-" "Mozilla/5.0 (Macintosh; U; Intel Mac OS X 10.6; en; rv:1.9.2.14pre) Gecko/20101212 Camino/2.1a1pre (like Firefox/3.6.14pre)" -
104.131.236.195 - - [24/Aug/2014:02:06:20 +0800] "GET / HTTP/1.1" 200 84990 "-" "Mozilla/5.0 (Macintosh; U; Intel Mac OS X 10.6; en; rv:1.9.2.14pre) Gecko/20101212 Camino/2.1a1pre (like Firefox/3.6.14pre)" -
104.131.236.195 - - [24/Aug/2014:02:06:20 +0800] "GET /archives/tag/linux/ HTTP/1.1" 200 80432 "-" "Mozilla/5.0 (Macintosh; Intel Mac OS X 10_9_2) AppleWebKit/537.36 (KHTML, like Gecko) Chrome/36.0.1944.0 Safari/537.36" -
104.131.236.195 - - [24/Aug/2014:02:06:20 +0800] "GET /archives/tag/wenjian/ HTTP/1.1" 200 83116 "-" "Mozilla/5.0 (Macintosh; U; Intel Mac OS X 10.6; en; rv:1.9.2.14pre) Gecko/20101212 Camino/2.1a1pre (like Firefox/3.6.14pre)" -
104.131.236.195 - - [24/Aug/2014:02:06:21 +0800] "GET /message/ HTTP/1.1" 200 55612 "-" "Mozilla/5.0 (Windows NT 5.1; rv:31.0) Gecko/20100101 Firefox/31.0" -
104.131.236.195 - - [24/Aug/2014:02:06:21 +0800] "GET /archives/1784/ HTTP/1.1" 200 286335 "-" "Mozilla/5.0 (Macintosh; Intel Mac OS X 10_9_2) AppleWebKit/537.36 (KHTML, like Gecko) Chrome/36.0.1944.0 Safari/537.36" -
101.226.169.196 - - [24/Aug/2014:02:06:26 +0800] "GET /picture/?pic=1replytocom%3D38replytocom%3D38replytocom%3D38replytocom%3D38replytocom%3D41replytocom%3D41replytocom%3D41replytocom%3D41replytocom%3D41replytocom=41 HTTP/1.1" 200 12405 "http://www.521php.com/picture/?pic=1replytocom%3D38replytocom%3D38replytocom%3D38replytocom%3D38replytocom%3D41replytocom%3D41replytocom%3D41replytocom%3D41replytocom%3D41replytocom=41" "Mozilla/5.0 (Windows NT 6.1) AppleWebKit/537.1 (KHTML, like Gecko) Chrome/21.0.1180.89 Safari/537.1; 360Spider" -
182.118.25.226 - - [24/Aug/2014:02:06:34 +0800] "GET /page/5/ HTTP/1.1" 200 15727 "http://www.521php.com/page/5/" "Mozilla/5.0 (compatible; MSIE 9.0; Windows NT 6.1; Trident/5.0); 360Spider" -
183.60.212.161 - - [24/Aug/2014:02:06:46 +0800] "GET /page/6/?mod=siteinfo&wid=32 HTTP/1.1" 200 15269 "-" "Mozilla/5.0 (compatible; EasouSpider; +http://www.easou.com/search/spider.html)" -
101.226.166.244 - - [24/Aug/2014:02:07:59 +0800] "GET /picture/?pic=1replytocom%3D38replytocom%3D38replytocom%3D38replytocom%3D38replytocom%3D41replytocom%3D41replytocom%3D41replytocom%3D41replytocom%3D38replytocom%3D38replytocom%3D41replytocom%3D41replytocom=41 HTTP/1.1" 200 12411 "http://www.521php.com/picture/?pic=1replytocom%3D38replytocom%3D38replytocom%3D38replytocom%3D38replytocom%3D41replytocom%3D41replytocom%3D41replytocom%3D41replytocom%3D38replytocom%3D38replytocom%3D41replytocom%3D41replytocom=41" "Mozilla/5.0 (Windows NT 6.1) AppleWebKit/537.1 (KHTML, like Gecko) Chrome/21.0.1180.89 Safari/537.1; 360Spider" -
101.226.169.228 - - [24/Aug/2014:02:08:33 +0800] "GET /picture/?pic=1replytocom%3D38replytocom%3D38replytocom%3D38replytocom%3D38replytocom%3D38replytocom%3D41replytocom%3D38replytocom%3D38replytocom=38 HTTP/1.1" 200 12399 "http://www.521php.com/picture/?pic=1replytocom%3D38replytocom%3D38replytocom%3D38replytocom%3D38replytocom%3D38replytocom%3D41replytocom%3D38replytocom%3D38replytocom=38" "Mozilla/5.0 (Windows NT 6.1) AppleWebKit/537.1 (KHTML, like Gecko) Chrome/21.0.1180.89 Safari/537.1; 360Spider" -
180.153.229.140 - - [24/Aug/2014:02:08:42 +0800] "GET /sitemap.html HTTP/1.1" 200 46085 "-" "Mozilla/5.0 (compatible; MSIE 7.0; Windows NT 5.1; .NET CLR 1.1.4322) 360JK yunjiankong" -
182.118.25.235 - - [24/Aug/2014:02:09:10 +0800] "GET /archives/1716/ HTTP/1.1" 200 13850 "http://www.521php.com/archives/1716/" "Mozilla/5.0 (compatible; MSIE 9.0; Windows NT 6.1; Trident/5.0); 360Spider" -
182.118.25.234 - - [24/Aug/2014:02:09:11 +0800] "GET /archives/1752/?replytocom=8734 HTTP/1.1" 200 15776 "http://www.521php.com/archives/1752/?replytocom=8734" "Mozilla/5.0 (compatible; MSIE 9.0; Windows NT 6.1; Trident/5.0); 360Spider" -
101.226.168.252 - - [24/Aug/2014:02:09:32 +0800] "GET /picture/?pic=1replytocom%3D38replytocom%3D41replytocom%3D38replytocom%3D38replytocom%3D41replytocom%3D41replytocom%3D38replytocom%3D38replytocom%3D38replytocom%3D38replytocom=41 HTTP/1.1" 200 12412 "http://www.521php.com/picture/?pic=1replytocom%3D38replytocom%3D41replytocom%3D38replytocom%3D38replytocom%3D41replytocom%3D41replytocom%3D38replytocom%3D38replytocom%3D38replytocom%3D38replytocom=41" "Mozilla/5.0 (Windows NT 6.1) AppleWebKit/537.1 (KHTML, like Gecko) Chrome/21.0.1180.89 Safari/537.1; 360Spider" -
123.124.62.93 - - [24/Aug/2014:02:09:57 +0800] "GET /feed/ HTTP/1.1" 304 20 "-" "Xianguo.com 2 Subscribers" -
101.226.169.219 - - [24/Aug/2014:02:10:11 +0800] "GET /picture/?pic=1replytocom%3D38replytocom%3D38replytocom%3D38replytocom%3D38replytocom%3D38replytocom%3D38replytocom%3D41replytocom%3D41replytocom%3D41replytocom%3D41replytocom%3D38replytocom%3D41replytocom=41 HTTP/1.1" 200 12412 "http://www.521php.com/picture/?pic=1replytocom%3D38replytocom%3D38replytocom%3D38replytocom%3D38replytocom%3D38replytocom%3D38replytocom%3D41replytocom%3D41replytocom%3D41replytocom%3D41replytocom%3D38replytocom%3D41replytocom=41" "Mozilla/5.0 (Windows NT 6.1) AppleWebKit/537.1 (KHTML, like Gecko) Chrome/21.0.1180.89 Safari/537.1; 360Spider" -
182.118.25.217 - - [24/Aug/2014:02:10:40 +0800] "GET /archives/date/2012/11/page/2/ HTTP/1.1" 200 13321 "http://www.521php.com/archives/date/2012/11/page/2/" "Mozilla/5.0 (compatible; MSIE 9.0; Windows NT 6.1; Trident/5.0); 360Spider" -
101.226.169.227 - - [24/Aug/2014:02:10:48 +0800] "GET /picture/?pic=1replytocom%3D38replytocom%3D38replytocom%3D38replytocom%3D38replytocom%3D38replytocom%3D38replytocom%3D38replytocom%3D38replytocom%3D38replytocom%3D41replytocom%3D38replytocom%3D41replytocom%3D38replytocom=41 HTTP/1.1" 200 12418 "http://www.521php.com/picture/?pic=1replytocom%3D38replytocom%3D38replytocom%3D38replytocom%3D38replytocom%3D38replytocom%3D38replytocom%3D38replytocom%3D38replytocom%3D38replytocom%3D41replytocom%3D38replytocom%3D41replytocom%3D38replytocom=41" "Mozilla/5.0 (Windows NT 6.1) AppleWebKit/537.1 (KHTML, like Gecko) Chrome/21.0.1180.89 Safari/537.1; 360Spider" -
123.125.80.235 - - [24/Aug/2014:02:11:18 +0800] "GET /sitemap.html HTTP/1.1" 200 46085 "-" "Mozilla/5.0 (compatible; MSIE 7.0; Windows NT 5.1; .NET CLR 1.1.4322) 360JK yunjiankong" -
66.249.64.228 - - [24/Aug/2014:02:11:48 +0800] "GET /?p=257 HTTP/1.1" 301 31 "-" "Mozilla/5.0 (compatible; Googlebot/2.1; +http://www.google.com/bot.html)" -
66.249.64.228 - - [24/Aug/2014:02:11:49 +0800] "GET /archives/257/ HTTP/1.1" 200 13028 "-" "Mozilla/5.0 (compatible; Googlebot/2.1; +http://www.google.com/bot.html)" -
182.118.20.218 - - [24/Aug/2014:02:12:31 +0800] "GET /archives/category/lovephp/page/11/ HTTP/1.1" 200 14491 "http://www.521php.com/archives/category/lovephp/page/11/" "Mozilla/5.0 (compatible; MSIE 9.0; Windows NT 6.1; Trident/5.0); 360Spider" -
37.58.100.82 - - [24/Aug/2014:02:12:47 +0800] "GET /wailian/index.php/html/k/1f4e16450e7e995d4422ed558e44858a.html HTTP/1.1" 200 4593 "-" "Mozilla/5.0 (compatible; AhrefsBot/5.0; +http://ahrefs.com/robot/)" -
182.118.22.217 - - [24/Aug/2014:02:12:49 +0800] "GET /archives/885/?replytocom=3775 HTTP/1.1" 200 15198 "http://www.521php.com/archives/885/?replytocom=3775" "Mozilla/5.0 (compatible; MSIE 9.0; Windows NT 6.1; Trident/5.0); 360Spider" -
101.226.167.243 - - [24/Aug/2014:02:12:50 +0800] "GET /picture/?pic=1replytocom%3D41replytocom%3D41replytocom%3D38replytocom%3D41replytocom%3D41replytocom%3D38replytocom%3D41replytocom%3D41replytocom=41 HTTP/1.1" 200 12403 "http://www.521php.com/picture/?pic=1replytocom%3D41replytocom%3D41replytocom%3D38replytocom%3D41replytocom%3D41replytocom%3D38replytocom%3D41replytocom%3D41replytocom=41" "Mozilla/5.0 (Windows NT 6.1) AppleWebKit/537.1 (KHTML, like Gecko) Chrome/21.0.1180.89 Safari/537.1; 360Spider" -
101.226.168.228 - - [24/Aug/2014:02:13:14 +0800] "GET /picture/?pic=2replytocom%3D41replytocom%3D38replytocom%3D41replytocom%3D38replytocom=41 HTTP/1.1" 200 12383 "http://www.521php.com/picture/?pic=2replytocom%3D41replytocom%3D38replytocom%3D41replytocom%3D38replytocom=41" "Mozilla/5.0 (Windows NT 6.1) AppleWebKit/537.1 (KHTML, like Gecko) Chrome/21.0.1180.89 Safari/537.1; 360Spider" -
