123.125.80.235 - - [24/Aug/2014:07:01:17 +0800] "GET /sitemap.html HTTP/1.1" 200 46085 "-" "Mozilla/5.0 (compatible; MSIE 7.0; Windows NT 5.1; .NET CLR 1.1.4322) 360JK yunjiankong" -
180.149.143.26 - - [24/Aug/2014:07:01:51 +0800] "GET /archives/1066/ HTTP/1.0" 200 147735 "-" "Mozilla/5.0 (Linux;u;Android 2.3.7;zh-cn;HTC Desire Build) AppleWebKit/533.1 (KHTML,like Gecko) Version/4.0 Mobile Safari/533.1" -
180.153.229.140 - - [24/Aug/2014:07:04:28 +0800] "GET /sitemap.html HTTP/1.1" 200 46085 "-" "Mozilla/5.0 (compatible; MSIE 7.0; Windows NT 5.1; .NET CLR 1.1.4322) 360JK yunjiankong" -
66.249.64.233 - - [24/Aug/2014:07:04:59 +0800] "GET /archives/tag/php/page/9/ HTTP/1.1" 200 14224 "-" "Mozilla/5.0 (compatible; Googlebot/2.1; +http://www.google.com/bot.html)" -
180.149.143.154 - - [24/Aug/2014:07:05:02 +0800] "GET /archives/1210/ HTTP/1.0" 200 88777 "-" "Mozilla/5.0 (Linux;u;Android 2.3.7;zh-cn;HTC Desire Build) AppleWebKit/533.1 (KHTML,like Gecko) Version/4.0 Mobile Safari/533.1" -
123.125.80.235 - - [24/Aug/2014:07:06:18 +0800] "GET /sitemap.html HTTP/1.1" 200 46085 "-" "Mozilla/5.0 (compatible; MSIE 7.0; Windows NT 5.1; .NET CLR 1.1.4322) 360JK yunjiankong" -
193.150.120.24 - - [24/Aug/2014:07:08:15 +0800] "GET /archives/63/ HTTP/1.0" 200 56227 "http://www.521php.com/archives/63/" "Mozilla/4.0 (compatible; MSIE 6.0; Windows NT 5.1; SV1; MRA 4.6 (build 01425); MRSPUTNIK 1, 5, 0, 19 SW)" -
193.150.120.24 - - [24/Aug/2014:07:08:16 +0800] "POST /wp-comments-post.php HTTP/1.0" 500 2985 "http://www.521php.com/archives/63/" "Mozilla/4.0 (compatible; MSIE 6.0; Windows NT 5.1; SV1; MRA 4.6 (build 01425); MRSPUTNIK 1, 5, 0, 19 SW)" -
180.149.143.153 - - [24/Aug/2014:07:08:17 +0800] "GET / HTTP/1.0" 200 84938 "-" "Mozilla/5.0 (Linux;u;Android 2.3.7;zh-cn;HTC Desire Build) AppleWebKit/533.1 (KHTML,like Gecko) Version/4.0 Mobile Safari/533.1" -
180.153.229.140 - - [24/Aug/2014:07:09:29 +0800] "GET /sitemap.html HTTP/1.1" 200 46085 "-" "Mozilla/5.0 (compatible; MSIE 7.0; Windows NT 5.1; .NET CLR 1.1.4322) 360JK yunjiankong" -
46.165.197.141 - - [24/Aug/2014:07:11:00 +0800] "GET /robots.txt HTTP/1.0" 200 197 "-" "Mozilla/5.0 (compatible; MJ12bot/v1.4.5; http://www.majestic12.co.uk/bot.php?+)" -
192.102.204.36 - - [24/Aug/2014:07:11:03 +0800] "GET /feed/ HTTP/1.1" 304 20 "-" "FeedDemon/4.5 (http://www.feeddemon.com/; Microsoft Windows)" -
46.165.197.141 - - [24/Aug/2014:07:11:07 +0800] "GET /archives/tag/%E6%97%A5%E5%BF%97/ HTTP/1.0" 200 76652 "-" "Mozilla/5.0 (compatible; MJ12bot/v1.4.5; http://www.majestic12.co.uk/bot.php?+)" -
123.125.80.235 - - [24/Aug/2014:07:11:17 +0800] "GET /sitemap.html HTTP/1.1" 200 46085 "-" "Mozilla/5.0 (compatible; MSIE 7.0; Windows NT 5.1; .NET CLR 1.1.4322) 360JK yunjiankong" -
66.249.64.238 - - [24/Aug/2014:07:12:08 +0800] "GET /wailian/index.php/reto/id/246 HTTP/1.1" 200 1930 "-" "Mozilla/5.0 (compatible; Googlebot/2.1; +http://www.google.com/bot.html)" -
180.153.229.140 - - [24/Aug/2014:07:14:29 +0800] "GET /sitemap.html HTTP/1.1" 200 46085 "-" "Mozilla/5.0 (compatible; MSIE 7.0; Windows NT 5.1; .NET CLR 1.1.4322) 360JK yunjiankong" -
123.125.80.235 - - [24/Aug/2014:07:16:18 +0800] "GET /sitemap.html HTTP/1.1" 200 46085 "-" "Mozilla/5.0 (compatible; MSIE 7.0; Windows NT 5.1; .NET CLR 1.1.4322) 360JK yunjiankong" -
188.208.6.45 - - [24/Aug/2014:07:18:27 +0800] "GET / HTTP/1.1" 200 14187 "http://www.521php.com/" "Mozilla/5.0 (Windows NT 5.1) AppleWebKit/537.36 (KHTML, like Gecko) Chrome/27.0.1453.116 Safari/537.36" -
188.208.6.45 - - [24/Aug/2014:07:18:29 +0800] "GET /wp-login.php?action=register HTTP/1.1" 404 4030 "http://www.521php.com/" "Mozilla/5.0 (Windows NT 5.1) AppleWebKit/537.36 (KHTML, like Gecko) Chrome/27.0.1453.116 Safari/537.36" -
188.208.6.45 - - [24/Aug/2014:07:18:30 +0800] "GET /wp-login.php?action=register HTTP/1.1" 404 4030 "http://www.521php.com/wp-login.php?action=register" "Mozilla/5.0 (Windows NT 5.1) AppleWebKit/537.36 (KHTML, like Gecko) Chrome/27.0.1453.116 Safari/537.36" -
180.149.143.27 - - [24/Aug/2014:07:18:38 +0800] "GET /archives/1352/?replytocom=1461 HTTP/1.0" 200 75277 "-" "Mozilla/5.0 (Linux;u;Android 2.3.7;zh-cn;HTC Desire Build) AppleWebKit/533.1 (KHTML,like Gecko) Version/4.0 Mobile Safari/533.1" -
183.60.215.31 - - [24/Aug/2014:07:18:42 +0800] "GET /post/html_img_mouseout HTTP/1.1" 404 4030 "-" "Mozilla/5.0 (compatible; EasouSpider; +http://www.easou.com/search/spider.html)" -
180.153.229.140 - - [24/Aug/2014:07:19:28 +0800] "GET /sitemap.html HTTP/1.1" 200 46085 "-" "Mozilla/5.0 (compatible; MSIE 7.0; Windows NT 5.1; .NET CLR 1.1.4322) 360JK yunjiankong" -
61.135.190.198 - - [24/Aug/2014:07:20:21 +0800] "GET /archives/149/?replytocom=45 HTTP/1.0" 200 80612 "-" "Mozilla/5.0 (Linux;u;Android 2.3.7;zh-cn;HTC Desire Build) AppleWebKit/533.1 (KHTML,like Gecko) Version/4.0 Mobile Safari/533.1" -
123.125.80.235 - - [24/Aug/2014:07:21:17 +0800] "GET /sitemap.html HTTP/1.1" 200 46085 "-" "Mozilla/5.0 (compatible; MSIE 7.0; Windows NT 5.1; .NET CLR 1.1.4322) 360JK yunjiankong" -
65.19.138.33 - - [24/Aug/2014:07:21:49 +0800] "GET /feed/ HTTP/1.1" 304 20 "-" "Feedly/1.0 (+http://www.feedly.com/fetcher.html; like FeedFetcher-Google)" -
42.62.36.237 - - [24/Aug/2014:07:22:21 +0800] "GET /siteinfo/973.html HTTP/1.1" 404 4030 "-" "Mozilla/5.0 (compatible; ChinasoSpider; +http://shoulu.jike.com/spider.html)" -
42.62.36.237 - - [24/Aug/2014:07:22:26 +0800] "GET /linkinfo/1.html HTTP/1.1" 404 4030 "-" "Mozilla/5.0 (compatible; ChinasoSpider; +http://shoulu.jike.com/spider.html)" -
42.62.36.237 - - [24/Aug/2014:07:22:31 +0800] "GET /siteinfo/441.html HTTP/1.1" 404 4030 "-" "Mozilla/5.0 (compatible; ChinasoSpider; +http://shoulu.jike.com/spider.html)" -
42.62.36.237 - - [24/Aug/2014:07:22:34 +0800] "GET /wailian/index.php/html/k/6320e8f02e210c2c95b1ff4efee43ddb.html HTTP/1.1" 200 119 "-" "Mozilla/5.0 (compatible; ChinasoSpider; +http://shoulu.jike.com/spider.html)" -
180.153.229.140 - - [24/Aug/2014:07:24:29 +0800] "GET /sitemap.html HTTP/1.1" 200 46085 "-" "Mozilla/5.0 (compatible; MSIE 7.0; Windows NT 5.1; .NET CLR 1.1.4322) 360JK yunjiankong" -
123.125.80.235 - - [24/Aug/2014:07:26:18 +0800] "GET /sitemap.html HTTP/1.1" 200 46085 "-" "Mozilla/5.0 (compatible; MSIE 7.0; Windows NT 5.1; .NET CLR 1.1.4322) 360JK yunjiankong" -
66.249.89.238 - - [24/Aug/2014:07:26:29 +0800] "GET /feed/ HTTP/1.1" 200 9401 "-" "Feedfetcher-Google; (+http://www.google.com/feedfetcher.html; 1 subscribers; feed-id=7401592756936591704)" -
180.153.229.140 - - [24/Aug/2014:07:29:29 +0800] "GET /sitemap.html HTTP/1.1" 200 46085 "-" "Mozilla/5.0 (compatible; MSIE 7.0; Windows NT 5.1; .NET CLR 1.1.4322) 360JK yunjiankong" -
112.253.28.43 - - [24/Aug/2014:07:30:03 +0800] "POST /wp-cron.php?doing_wp_cron HTTP/1.0" 200 93 "-" "Wget/1.12 (linux-gnu)" -
220.181.108.82 - - [24/Aug/2014:07:30:27 +0800] "GET /message/comment-page-4/?replytocom=8606 HTTP/1.1" 200 12860 "-" "Mozilla/5.0 (compatible; Baiduspider/2.0; +http://www.baidu.com/search/spider.html)" -
123.125.80.235 - - [24/Aug/2014:07:31:17 +0800] "GET /sitemap.html HTTP/1.1" 200 46085 "-" "Mozilla/5.0 (compatible; MSIE 7.0; Windows NT 5.1; .NET CLR 1.1.4322) 360JK yunjiankong" -
178.137.82.25 - - [24/Aug/2014:07:32:13 +0800] "GET / HTTP/1.1" 200 45880 "http://alfa-medosmotr.ru/" "Mozilla/4.0 (compatible; MSIE 6.0; Windows NT 5.1; ru) Opera 8.50" -
178.137.82.25 - - [24/Aug/2014:07:32:14 +0800] "GET / HTTP/1.1" 200 45880 "http://alfa-medosmotr.ru/" "Mozilla/4.0 (compatible; MSIE 6.0; Windows NT 5.1; ru) Opera 8.50" -
178.137.82.25 - - [24/Aug/2014:07:32:15 +0800] "GET / HTTP/1.1" 200 45880 "http://alfa-medosmotr.ru/" "Mozilla/4.0 (compatible; MSIE 6.0; Windows NT 5.1; ru) Opera 8.50" -
220.181.108.144 - - [24/Aug/2014:07:32:25 +0800] "GET /archives/812/ HTTP/1.1" 200 13392 "-" "Mozilla/5.0 (compatible; Baiduspider/2.0; +http://www.baidu.com/search/spider.html)" -
123.125.71.116 - - [24/Aug/2014:07:33:16 +0800] "GET /wp-content/uploads/2013/12/QQ%BD%D8%CD%BC20131202095928.png HTTP/1.1" 404 4030 "http://image.baidu.com/i?ct=503316480&z=0&tn=baiduimagedetail" "Baiduspider-image+(+http://www.baidu.com/search/spider.htm)" -
220.181.108.141 - - [24/Aug/2014:07:34:24 +0800] "GET /archives/1728/?replytocom=8731 HTTP/1.1" 200 16637 "-" "Mozilla/5.0 (compatible; Baiduspider/2.0; +http://www.baidu.com/search/spider.html)" -
180.153.229.140 - - [24/Aug/2014:07:34:29 +0800] "GET /sitemap.html HTTP/1.1" 200 46085 "-" "Mozilla/5.0 (compatible; MSIE 7.0; Windows NT 5.1; .NET CLR 1.1.4322) 360JK yunjiankong" -
123.125.80.235 - - [24/Aug/2014:07:36:18 +0800] "GET /sitemap.html HTTP/1.1" 200 46085 "-" "Mozilla/5.0 (compatible; MSIE 7.0; Windows NT 5.1; .NET CLR 1.1.4322) 360JK yunjiankong" -
123.125.71.56 - - [24/Aug/2014:07:36:20 +0800] "GET /archives/1101/ HTTP/1.1" 200 17596 "-" "Mozilla/5.0 (compatible; Baiduspider/2.0; +http://www.baidu.com/search/spider.html)" -
120.84.240.155 - - [24/Aug/2014:07:36:35 +0800] "GET / HTTP/1.1" 301 5 "http://521php.com/" "Mozilla/4.0 (compatible; MSIE 7.0; Windows NT 5.1; .NET CLR 1.1.4322; .NET CLR 2.0.50727; .NET CLR 3.0.04506.30)" -
120.84.240.155 - - [24/Aug/2014:07:36:37 +0800] "GET / HTTP/1.1" 200 85006 "http://521php.com/" "Mozilla/4.0 (compatible; MSIE 7.0; Windows NT 5.1; .NET CLR 1.1.4322; .NET CLR 2.0.50727; .NET CLR 3.0.04506.30)" -
68.71.44.10 - - [24/Aug/2014:07:38:04 +0800] "GET /api/tz/?host=myjsblog.com HTTP/1.1" 200 1180 "http://www.myjsblog.com/" "Mozilla/5.0 (X11; Linux x86_64) AppleWebKit/534.34 (KHTML, like Gecko) wkhtmltoimage Safari/534.34" -
66.249.64.228 - - [24/Aug/2014:07:38:36 +0800] "GET /archives/1761/ HTTP/1.1" 200 14879 "-" "Mozilla/5.0 (iPhone; CPU iPhone OS 6_0 like Mac OS X) AppleWebKit/536.26 (KHTML, like Gecko) Version/6.0 Mobile/10A5376e Safari/8536.25 (compatible; Googlebot/2.1; +http://www.google.com/bot.html)" -
68.71.44.10 - - [24/Aug/2014:07:39:26 +0800] "GET /api/tz/?host=myjsblog.com HTTP/1.1" 200 1180 "http://www.myjsblog.com/" "Mozilla/5.0 (X11; Linux x86_64) AppleWebKit/534.34 (KHTML, like Gecko) wkhtmltoimage Safari/534.34" -
180.153.229.140 - - [24/Aug/2014:07:39:29 +0800] "GET /sitemap.html HTTP/1.1" 200 46085 "-" "Mozilla/5.0 (compatible; MSIE 7.0; Windows NT 5.1; .NET CLR 1.1.4322) 360JK yunjiankong" -
123.125.71.41 - - [24/Aug/2014:07:40:17 +0800] "GET /archives/1274/ HTTP/1.1" 200 14104 "-" "Mozilla/5.0 (compatible; Baiduspider/2.0; +http://www.baidu.com/search/spider.html)" -
123.125.80.235 - - [24/Aug/2014:07:41:17 +0800] "GET /sitemap.html HTTP/1.1" 200 46085 "-" "Mozilla/5.0 (compatible; MSIE 7.0; Windows NT 5.1; .NET CLR 1.1.4322) 360JK yunjiankong" -
66.249.64.228 - - [24/Aug/2014:07:42:31 +0800] "GET /archives/1001/ HTTP/1.1" 200 13792 "-" "Mozilla/5.0 (compatible; Googlebot/2.1; +http://www.google.com/bot.html)" -
183.60.215.31 - - [24/Aug/2014:07:43:44 +0800] "GET /archives/985/?replytocom=804 HTTP/1.1" 200 19209 "-" "Mozilla/5.0 (compatible; EasouSpider; +http://www.easou.com/search/spider.html)" -
180.153.229.140 - - [24/Aug/2014:07:44:29 +0800] "GET /sitemap.html HTTP/1.1" 200 46085 "-" "Mozilla/5.0 (compatible; MSIE 7.0; Windows NT 5.1; .NET CLR 1.1.4322) 360JK yunjiankong" -
183.60.215.31 - - [24/Aug/2014:07:44:45 +0800] "GET /page/18/?scope=news&FORM=Z9LH3 HTTP/1.1" 200 15269 "-" "Mozilla/5.0 (compatible; EasouSpider; +http://www.easou.com/search/spider.html)" -
123.125.80.235 - - [24/Aug/2014:07:46:17 +0800] "GET /sitemap.html HTTP/1.1" 200 46085 "-" "Mozilla/5.0 (compatible; MSIE 7.0; Windows NT 5.1; .NET CLR 1.1.4322) 360JK yunjiankong" -
61.146.178.189 - - [24/Aug/2014:07:48:35 +0800] "GET / HTTP/1.1" 200 14187 "-" "Mozilla/5.0 (Windows NT 6.1; WOW64; rv:17.0) Gecko/20100101 Firefox/17.0" -
180.153.229.140 - - [24/Aug/2014:07:49:29 +0800] "GET /sitemap.html HTTP/1.1" 200 46085 "-" "Mozilla/5.0 (compatible; MSIE 7.0; Windows NT 5.1; .NET CLR 1.1.4322) 360JK yunjiankong" -
123.125.80.235 - - [24/Aug/2014:07:51:18 +0800] "GET /sitemap.html HTTP/1.1" 200 46085 "-" "Mozilla/5.0 (compatible; MSIE 7.0; Windows NT 5.1; .NET CLR 1.1.4322) 360JK yunjiankong" -
220.181.108.171 - - [24/Aug/2014:07:53:24 +0800] "GET /archives/1243/ HTTP/1.1" 200 12980 "-" "Mozilla/5.0 (compatible; Baiduspider/2.0; +http://www.baidu.com/search/spider.html)" -
180.153.229.140 - - [24/Aug/2014:07:54:28 +0800] "GET /sitemap.html HTTP/1.1" 200 46085 "-" "Mozilla/5.0 (compatible; MSIE 7.0; Windows NT 5.1; .NET CLR 1.1.4322) 360JK yunjiankong" -
123.125.80.235 - - [24/Aug/2014:07:56:17 +0800] "GET /sitemap.html HTTP/1.1" 200 46085 "-" "Mozilla/5.0 (compatible; MSIE 7.0; Windows NT 5.1; .NET CLR 1.1.4322) 360JK yunjiankong" -
61.146.178.189 - - [24/Aug/2014:07:57:21 +0800] "GET / HTTP/1.1" 200 14187 "-" "Mozilla/5.0 (Windows NT 5.2; WOW64) AppleWebKit/534.34 (KHTML, like Gecko) PhantomJS/1.8.1 Safari/534.34" -
61.146.178.189 - - [24/Aug/2014:07:57:21 +0800] "GET /wp-content/themes/zeke/style.css HTTP/1.1" 200 27194 "http://www.521php.com/" "Mozilla/5.0 (Windows NT 5.2; WOW64) AppleWebKit/534.34 (KHTML, like Gecko) PhantomJS/1.8.1 Safari/534.34" -
61.146.178.189 - - [24/Aug/2014:07:57:21 +0800] "GET /wp-content/themes/zeke/miaov_style.css HTTP/1.1" 200 261 "http://www.521php.com/" "Mozilla/5.0 (Windows NT 5.2; WOW64) AppleWebKit/534.34 (KHTML, like Gecko) PhantomJS/1.8.1 Safari/534.34" -
61.146.178.189 - - [24/Aug/2014:07:57:21 +0800] "GET /wp-content/plugins/crayon-syntax-highlighter/css/min/crayon.min.css?ver=2.2.0 HTTP/1.1" 200 20907 "http://www.521php.com/" "Mozilla/5.0 (Windows NT 5.2; WOW64) AppleWebKit/534.34 (KHTML, like Gecko) PhantomJS/1.8.1 Safari/534.34" -
61.146.178.189 - - [24/Aug/2014:07:57:21 +0800] "GET /wp-content/plugins/crayon-syntax-highlighter/themes/ado/ado.css?ver=2.2.0 HTTP/1.1" 200 4751 "http://www.521php.com/" "Mozilla/5.0 (Windows NT 5.2; WOW64) AppleWebKit/534.34 (KHTML, like Gecko) PhantomJS/1.8.1 Safari/534.34" -
61.146.178.189 - - [24/Aug/2014:07:57:21 +0800] "GET /wp-content/plugins/crayon-syntax-highlighter/fonts/courier-new.css?ver=2.2.0 HTTP/1.1" 200 86 "http://www.521php.com/" "Mozilla/5.0 (Windows NT 5.2; WOW64) AppleWebKit/534.34 (KHTML, like Gecko) PhantomJS/1.8.1 Safari/534.34" -
61.146.178.189 - - [24/Aug/2014:07:57:21 +0800] "GET /wp-content/plugins/crayon-syntax-highlighter/js/min/crayon.min.js?ver=2.2.0 HTTP/1.1" 200 24247 "http://www.521php.com/" "Mozilla/5.0 (Windows NT 5.2; WOW64) AppleWebKit/534.34 (KHTML, like Gecko) PhantomJS/1.8.1 Safari/534.34" -
61.146.178.189 - - [24/Aug/2014:07:57:21 +0800] "GET /api/tz/ HTTP/1.1" 200 1168 "http://www.521php.com/" "Mozilla/5.0 (Windows NT 5.2; WOW64) AppleWebKit/534.34 (KHTML, like Gecko) PhantomJS/1.8.1 Safari/534.34" -
61.146.178.189 - - [24/Aug/2014:07:57:21 +0800] "GET /wailian/public/scripts/tj.js HTTP/1.1" 200 627 "http://www.521php.com/" "Mozilla/5.0 (Windows NT 5.2; WOW64) AppleWebKit/534.34 (KHTML, like Gecko) PhantomJS/1.8.1 Safari/534.34" -
61.146.178.189 - - [24/Aug/2014:07:57:21 +0800] "GET /wp-content/themes/zeke/MRjs/jquery.lazyload.js HTTP/1.1" 200 1626 "http://www.521php.com/" "Mozilla/5.0 (Windows NT 5.2; WOW64) AppleWebKit/534.34 (KHTML, like Gecko) PhantomJS/1.8.1 Safari/534.34" -
61.146.178.189 - - [24/Aug/2014:07:57:22 +0800] "GET /wp-content/themes/zeke/MRjs/custom.js HTTP/1.1" 200 1694 "http://www.521php.com/" "Mozilla/5.0 (Windows NT 5.2; WOW64) AppleWebKit/534.34 (KHTML, like Gecko) PhantomJS/1.8.1 Safari/534.34" -
61.146.178.189 - - [24/Aug/2014:07:57:22 +0800] "GET /wp-includes/js/jquery/jquery.js?ver=1.7.1 HTTP/1.1" 200 93889 "http://www.521php.com/" "Mozilla/5.0 (Windows NT 5.2; WOW64) AppleWebKit/534.34 (KHTML, like Gecko) PhantomJS/1.8.1 Safari/534.34" -
61.146.178.189 - - [24/Aug/2014:07:57:22 +0800] "GET /wp-content/themes/zeke/miaov.js HTTP/1.1" 200 4099 "http://www.521php.com/" "Mozilla/5.0 (Windows NT 5.2; WOW64) AppleWebKit/534.34 (KHTML, like Gecko) PhantomJS/1.8.1 Safari/534.34" -
61.146.178.189 - - [24/Aug/2014:07:57:22 +0800] "GET /wp-content/themes/zeke/MRjs/jquery.min.js HTTP/1.1" 200 57075 "http://www.521php.com/" "Mozilla/5.0 (Windows NT 5.2; WOW64) AppleWebKit/534.34 (KHTML, like Gecko) PhantomJS/1.8.1 Safari/534.34" -
61.146.178.189 - - [24/Aug/2014:07:57:22 +0800] "GET /wp-content/themes/zeke/MRimg/topbg.png HTTP/1.1" 200 3376 "http://www.521php.com/" "Mozilla/5.0 (Windows NT 5.2; WOW64) AppleWebKit/534.34 (KHTML, like Gecko) PhantomJS/1.8.1 Safari/534.34" -
61.146.178.189 - - [24/Aug/2014:07:57:22 +0800] "GET /wp-content/themes/zeke/random/3.jpg HTTP/1.1" 200 19110 "http://www.521php.com/" "Mozilla/5.0 (Windows NT 5.2; WOW64) AppleWebKit/534.34 (KHTML, like Gecko) PhantomJS/1.8.1 Safari/534.34" -
61.146.178.189 - - [24/Aug/2014:07:57:22 +0800] "GET /wp-content/themes/zeke/random/1.jpg HTTP/1.1" 200 22744 "http://www.521php.com/" "Mozilla/5.0 (Windows NT 5.2; WOW64) AppleWebKit/534.34 (KHTML, like Gecko) PhantomJS/1.8.1 Safari/534.34" -
61.146.178.189 - - [24/Aug/2014:07:57:22 +0800] "GET /wp-content/themes/zeke/logo.png HTTP/1.1" 200 22282 "http://www.521php.com/" "Mozilla/5.0 (Windows NT 5.2; WOW64) AppleWebKit/534.34 (KHTML, like Gecko) PhantomJS/1.8.1 Safari/534.34" -
61.146.178.189 - - [24/Aug/2014:07:57:22 +0800] "GET /images/bgic.gif HTTP/1.1" 200 391 "http://www.521php.com/" "Mozilla/5.0 (Windows NT 5.2; WOW64) AppleWebKit/534.34 (KHTML, like Gecko) PhantomJS/1.8.1 Safari/534.34" -
61.146.178.189 - - [24/Aug/2014:07:57:22 +0800] "GET /wp-content/themes/zeke/random/7.jpg HTTP/1.1" 200 15162 "http://www.521php.com/" "Mozilla/5.0 (Windows NT 5.2; WOW64) AppleWebKit/534.34 (KHTML, like Gecko) PhantomJS/1.8.1 Safari/534.34" -
61.146.178.189 - - [24/Aug/2014:07:57:22 +0800] "GET /wp-content/themes/zeke/random/10.jpg HTTP/1.1" 200 26269 "http://www.521php.com/" "Mozilla/5.0 (Windows NT 5.2; WOW64) AppleWebKit/534.34 (KHTML, like Gecko) PhantomJS/1.8.1 Safari/534.34" -
61.146.178.189 - - [24/Aug/2014:07:57:22 +0800] "GET /wp-content/themes/zeke/MRimg/background.png HTTP/1.1" 200 62951 "http://www.521php.com/" "Mozilla/5.0 (Windows NT 5.2; WOW64) AppleWebKit/534.34 (KHTML, like Gecko) PhantomJS/1.8.1 Safari/534.34" -
61.146.178.189 - - [24/Aug/2014:07:57:22 +0800] "GET /wp-content/themes/zeke/random/5.jpg HTTP/1.1" 200 29061 "http://www.521php.com/" "Mozilla/5.0 (Windows NT 5.2; WOW64) AppleWebKit/534.34 (KHTML, like Gecko) PhantomJS/1.8.1 Safari/534.34" -
61.146.178.189 - - [24/Aug/2014:07:57:22 +0800] "GET /wp-content/themes/zeke/random/6.jpg HTTP/1.1" 200 79518 "http://www.521php.com/" "Mozilla/5.0 (Windows NT 5.2; WOW64) AppleWebKit/534.34 (KHTML, like Gecko) PhantomJS/1.8.1 Safari/534.34" -
61.146.178.189 - - [24/Aug/2014:07:57:22 +0800] "GET /wp-content/themes/zeke/random/8.jpg HTTP/1.1" 200 48700 "http://www.521php.com/" "Mozilla/5.0 (Windows NT 5.2; WOW64) AppleWebKit/534.34 (KHTML, like Gecko) PhantomJS/1.8.1 Safari/534.34" -
61.146.178.189 - - [24/Aug/2014:07:57:22 +0800] "GET /wp-content/themes/zeke/fly.gif HTTP/1.1" 200 113021 "http://www.521php.com/" "Mozilla/5.0 (Windows NT 5.2; WOW64) AppleWebKit/534.34 (KHTML, like Gecko) PhantomJS/1.8.1 Safari/534.34" -
61.146.178.189 - - [24/Aug/2014:07:57:22 +0800] "GET /wp-content/themes/zeke/random/4.jpg HTTP/1.1" 200 74669 "http://www.521php.com/" "Mozilla/5.0 (Windows NT 5.2; WOW64) AppleWebKit/534.34 (KHTML, like Gecko) PhantomJS/1.8.1 Safari/534.34" -
61.146.178.189 - - [24/Aug/2014:07:57:23 +0800] "GET /wp-content/themes/zeke/gx.gif HTTP/1.1" 200 15729 "http://www.521php.com/" "Mozilla/5.0 (Windows NT 5.2; WOW64) AppleWebKit/534.34 (KHTML, like Gecko) PhantomJS/1.8.1 Safari/534.34" -
61.146.178.189 - - [24/Aug/2014:07:57:23 +0800] "GET /avatar/50b2df44915f9ff8bfe2f0a532f60a52.jpg HTTP/1.1" 200 9788 "http://www.521php.com/" "Mozilla/5.0 (Windows NT 5.2; WOW64) AppleWebKit/534.34 (KHTML, like Gecko) PhantomJS/1.8.1 Safari/534.34" -
61.146.178.189 - - [24/Aug/2014:07:57:23 +0800] "GET /avatar/2ce7f7ef9e7ea89209900565fe09e2aa.jpg HTTP/1.1" 200 9788 "http://www.521php.com/" "Mozilla/5.0 (Windows NT 5.2; WOW64) AppleWebKit/534.34 (KHTML, like Gecko) PhantomJS/1.8.1 Safari/534.34" -
61.146.178.189 - - [24/Aug/2014:07:57:23 +0800] "GET /avatar/7dcfae221697844defa96c9d9536bbb8.jpg HTTP/1.1" 200 7724 "http://www.521php.com/" "Mozilla/5.0 (Windows NT 5.2; WOW64) AppleWebKit/534.34 (KHTML, like Gecko) PhantomJS/1.8.1 Safari/534.34" -
61.146.178.189 - - [24/Aug/2014:07:57:23 +0800] "GET /avatar/7d7ef830ae846e5c566a328d01bf4c52.jpg HTTP/1.1" 200 9991 "http://www.521php.com/" "Mozilla/5.0 (Windows NT 5.2; WOW64) AppleWebKit/534.34 (KHTML, like Gecko) PhantomJS/1.8.1 Safari/534.34" -
61.146.178.189 - - [24/Aug/2014:07:57:23 +0800] "GET /avatar/2fec3c5cff0acecd857ee51126e7ec5c.jpg HTTP/1.1" 200 9788 "http://www.521php.com/" "Mozilla/5.0 (Windows NT 5.2; WOW64) AppleWebKit/534.34 (KHTML, like Gecko) PhantomJS/1.8.1 Safari/534.34" -
61.146.178.189 - - [24/Aug/2014:07:57:23 +0800] "GET /wp-content/themes/zeke/MRimg/content_text.png HTTP/1.1" 200 3806 "http://www.521php.com/" "Mozilla/5.0 (Windows NT 5.2; WOW64) AppleWebKit/534.34 (KHTML, like Gecko) PhantomJS/1.8.1 Safari/534.34" -
61.146.178.189 - - [24/Aug/2014:07:57:23 +0800] "GET /wp-content/themes/zeke/none HTTP/1.1" 301 184 "http://www.521php.com/" "Mozilla/5.0 (Windows NT 5.2; WOW64) AppleWebKit/534.34 (KHTML, like Gecko) PhantomJS/1.8.1 Safari/534.34" -
61.146.178.189 - - [24/Aug/2014:07:57:23 +0800] "GET /wp-content/themes/zeke/MRimg/image2.gif HTTP/1.1" 200 145 "http://www.521php.com/" "Mozilla/5.0 (Windows NT 5.2; WOW64) AppleWebKit/534.34 (KHTML, like Gecko) PhantomJS/1.8.1 Safari/534.34" -
61.146.178.189 - - [24/Aug/2014:07:57:23 +0800] "GET /wp-content/themes/zeke/MRimg/image1.gif HTTP/1.1" 200 145 "http://www.521php.com/" "Mozilla/5.0 (Windows NT 5.2; WOW64) AppleWebKit/534.34 (KHTML, like Gecko) PhantomJS/1.8.1 Safari/534.34" -
61.146.178.189 - - [24/Aug/2014:07:57:23 +0800] "GET /wp-content/themes/zeke/btn-index.png HTTP/1.1" 200 3283 "http://www.521php.com/" "Mozilla/5.0 (Windows NT 5.2; WOW64) AppleWebKit/534.34 (KHTML, like Gecko) PhantomJS/1.8.1 Safari/534.34" -
61.146.178.189 - - [24/Aug/2014:07:57:23 +0800] "GET /wp-content/themes/zeke/MRimg/fotbg.png HTTP/1.1" 200 3055 "http://www.521php.com/" "Mozilla/5.0 (Windows NT 5.2; WOW64) AppleWebKit/534.34 (KHTML, like Gecko) PhantomJS/1.8.1 Safari/534.34" -
61.146.178.189 - - [24/Aug/2014:07:57:23 +0800] "GET /wp-content/themes/MRuu2011/MRimg/blank.gif HTTP/1.1" 200 22282 "http://www.521php.com/" "Mozilla/5.0 (Windows NT 5.2; WOW64) AppleWebKit/534.34 (KHTML, like Gecko) PhantomJS/1.8.1 Safari/534.34" -
61.146.178.189 - - [24/Aug/2014:07:57:23 +0800] "GET /wp-content/themes/zeke/none/ HTTP/1.1" 200 1 "http://www.521php.com/" "Mozilla/5.0 (Windows NT 5.2; WOW64) AppleWebKit/534.34 (KHTML, like Gecko) PhantomJS/1.8.1 Safari/534.34" -
180.153.229.140 - - [24/Aug/2014:07:59:29 +0800] "GET /sitemap.html HTTP/1.1" 200 46085 "-" "Mozilla/5.0 (compatible; MSIE 7.0; Windows NT 5.1; .NET CLR 1.1.4322) 360JK yunjiankong" -
112.253.28.43 - - [24/Aug/2014:08:00:05 +0800] "POST /wp-cron.php?doing_wp_cron HTTP/1.0" 200 93 "-" "Wget/1.12 (linux-gnu)" -
123.125.80.235 - - [24/Aug/2014:08:01:18 +0800] "GET /sitemap.html HTTP/1.1" 200 46085 "-" "Mozilla/5.0 (compatible; MSIE 7.0; Windows NT 5.1; .NET CLR 1.1.4322) 360JK yunjiankong" -
180.153.229.140 - - [24/Aug/2014:08:04:29 +0800] "GET /sitemap.html HTTP/1.1" 200 46085 "-" "Mozilla/5.0 (compatible; MSIE 7.0; Windows NT 5.1; .NET CLR 1.1.4322) 360JK yunjiankong" -
123.125.80.235 - - [24/Aug/2014:08:06:17 +0800] "GET /sitemap.html HTTP/1.1" 200 46085 "-" "Mozilla/5.0 (compatible; MSIE 7.0; Windows NT 5.1; .NET CLR 1.1.4322) 360JK yunjiankong" -
220.181.108.167 - - [24/Aug/2014:08:07:12 +0800] "GET /archives/257/ HTTP/1.1" 200 12956 "-" "Mozilla/5.0 (compatible; Baiduspider/2.0; +http://www.baidu.com/search/spider.html)" -
182.118.60.131 - - [24/Aug/2014:08:08:39 +0800] "GET /wailian/ HTTP/1.1" 200 29897 "http://www.521php.com/wailian/" "Mozilla/5.0 (compatible; MSIE 9.0; Windows NT 6.1; Trident/5.0); 360Spider" -
182.118.60.123 - - [24/Aug/2014:08:08:45 +0800] "GET /wailian/index.php/html/k/6a1b8fa969e1fd968a758a4e4f829710.html HTTP/1.1" 200 7127 "http://www.521php.com/wailian/index.php/html/k/6a1b8fa969e1fd968a758a4e4f829710.html" "Mozilla/5.0 (compatible; MSIE 9.0; Windows NT 6.1; Trident/5.0); 360Spider" -
180.153.229.140 - - [24/Aug/2014:08:09:29 +0800] "GET /sitemap.html HTTP/1.1" 200 46085 "-" "Mozilla/5.0 (compatible; MSIE 7.0; Windows NT 5.1; .NET CLR 1.1.4322) 360JK yunjiankong" -
66.249.64.228 - - [24/Aug/2014:08:10:06 +0800] "GET /archives/1388/ HTTP/1.1" 200 13617 "-" "Mozilla/5.0 (compatible; Googlebot/2.1; +http://www.google.com/bot.html)" -
123.125.80.235 - - [24/Aug/2014:08:11:18 +0800] "GET /sitemap.html HTTP/1.1" 200 46085 "-" "Mozilla/5.0 (compatible; MSIE 7.0; Windows NT 5.1; .NET CLR 1.1.4322) 360JK yunjiankong" -
91.200.12.28 - - [24/Aug/2014:08:13:33 +0800] "GET /fckeditor/editor/filemanager/browser/default/connectors/test.html HTTP/1.0" 404 11969 "http://www.521php.com/fckeditor/editor/filemanager/browser/default/connectors/test.html" "Mozilla/4.0 (compatible; MSIE 6.0; Windows NT 5.1; SV1; .NET CLR 2.0.50727)" -
183.60.215.31 - - [24/Aug/2014:08:13:37 +0800] "GET /?p=1295 HTTP/1.1" 301 31 "-" "Mozilla/5.0 (compatible; EasouSpider; +http://www.easou.com/search/spider.html)" -
91.200.12.28 - - [24/Aug/2014:08:13:37 +0800] "GET /admin/fckeditor/editor/filemanager/browser/default/connectors/test.html HTTP/1.0" 404 11969 "http://www.521php.com/admin/fckeditor/editor/filemanager/browser/default/connectors/test.html" "Mozilla/4.0 (compatible; MSIE 6.0; Windows NT 5.1; SV1; .NET CLR 2.0.50727)" -
91.200.12.28 - - [24/Aug/2014:08:13:39 +0800] "GET /editor/filemanager/browser/default/connectors/test.html HTTP/1.0" 404 11969 "http://www.521php.com/editor/filemanager/browser/default/connectors/test.html" "Mozilla/4.0 (compatible; MSIE 6.0; Windows NT 5.1; SV1; .NET CLR 2.0.50727)" -
91.200.12.28 - - [24/Aug/2014:08:13:40 +0800] "GET /editor/FCKeditor/filemanager/browser/default/connectors/test.html HTTP/1.0" 404 11969 "http://www.521php.com/editor/FCKeditor/filemanager/browser/default/connectors/test.html" "Mozilla/4.0 (compatible; MSIE 6.0; Windows NT 5.1; SV1; .NET CLR 2.0.50727)" -
91.200.12.28 - - [24/Aug/2014:08:13:42 +0800] "GET /editors/FCKeditor/filemanager/browser/default/connectors/test.html HTTP/1.0" 404 11969 "http://www.521php.com/editors/FCKeditor/filemanager/browser/default/connectors/test.html" "Mozilla/4.0 (compatible; MSIE 6.0; Windows NT 5.1; SV1; .NET CLR 2.0.50727)" -
91.200.12.28 - - [24/Aug/2014:08:13:43 +0800] "GET /manage/fckeditor/editor/filemanager/browser/default/connectors/test.html HTTP/1.0" 404 11969 "http://www.521php.com/manage/fckeditor/editor/filemanager/browser/default/connectors/test.html" "Mozilla/4.0 (compatible; MSIE 6.0; Windows NT 5.1; SV1; .NET CLR 2.0.50727)" -
91.200.12.28 - - [24/Aug/2014:08:13:44 +0800] "GET /backend/fckeditor/editor/filemanager/browser/default/connectors/test.html HTTP/1.0" 404 11969 "http://www.521php.com/backend/fckeditor/editor/filemanager/browser/default/connectors/test.html" "Mozilla/4.0 (compatible; MSIE 6.0; Windows NT 5.1; SV1; .NET CLR 2.0.50727)" -
91.200.12.28 - - [24/Aug/2014:08:13:46 +0800] "GET /fck/editor/filemanager/browser/default/connectors/test.html HTTP/1.0" 404 11969 "http://www.521php.com/fck/editor/filemanager/browser/default/connectors/test.html" "Mozilla/4.0 (compatible; MSIE 6.0; Windows NT 5.1; SV1; .NET CLR 2.0.50727)" -
91.200.12.28 - - [24/Aug/2014:08:13:47 +0800] "GET /include/fckeditor/editor/filemanager/browser/default/connectors/test.html HTTP/1.0" 404 11969 "http://www.521php.com/include/fckeditor/editor/filemanager/browser/default/connectors/test.html" "Mozilla/4.0 (compatible; MSIE 6.0; Windows NT 5.1; SV1; .NET CLR 2.0.50727)" -
91.200.12.28 - - [24/Aug/2014:08:13:49 +0800] "GET /manager/fckeditor/editor/filemanager/browser/default/connectors/test.html HTTP/1.0" 404 11969 "http://www.521php.com/manager/fckeditor/editor/filemanager/browser/default/connectors/test.html" "Mozilla/4.0 (compatible; MSIE 6.0; Windows NT 5.1; SV1; .NET CLR 2.0.50727)" -
91.200.12.28 - - [24/Aug/2014:08:13:51 +0800] "GET /power/fckeditor/editor/filemanager/browser/default/connectors/test.html HTTP/1.0" 404 11969 "http://www.521php.com/power/fckeditor/editor/filemanager/browser/default/connectors/test.html" "Mozilla/4.0 (compatible; MSIE 6.0; Windows NT 5.1; SV1; .NET CLR 2.0.50727)" -
91.200.12.28 - - [24/Aug/2014:08:13:52 +0800] "GET /super/fckeditor/editor/filemanager/browser/default/connectors/test.html HTTP/1.0" 404 11969 "http://www.521php.com/super/fckeditor/editor/filemanager/browser/default/connectors/test.html" "Mozilla/4.0 (compatible; MSIE 6.0; Windows NT 5.1; SV1; .NET CLR 2.0.50727)" -
91.200.12.28 - - [24/Aug/2014:08:13:54 +0800] "GET /sys/fckeditor/editor/filemanager/browser/default/connectors/test.html HTTP/1.0" 404 11969 "http://www.521php.com/sys/fckeditor/editor/filemanager/browser/default/connectors/test.html" "Mozilla/4.0 (compatible; MSIE 6.0; Windows NT 5.1; SV1; .NET CLR 2.0.50727)" -
91.200.12.28 - - [24/Aug/2014:08:13:55 +0800] "GET /system/fckeditor/editor/filemanager/browser/default/connectors/test.html HTTP/1.0" 404 11969 "http://www.521php.com/system/fckeditor/editor/filemanager/browser/default/connectors/test.html" "Mozilla/4.0 (compatible; MSIE 6.0; Windows NT 5.1; SV1; .NET CLR 2.0.50727)" -
91.200.12.28 - - [24/Aug/2014:08:13:57 +0800] "GET /WebAdmin/fckeditor/editor/filemanager/browser/default/connectors/test.html HTTP/1.0" 404 11969 "http://www.521php.com/WebAdmin/fckeditor/editor/filemanager/browser/default/connectors/test.html" "Mozilla/4.0 (compatible; MSIE 6.0; Windows NT 5.1; SV1; .NET CLR 2.0.50727)" -
91.200.12.28 - - [24/Aug/2014:08:13:58 +0800] "GET /webmaster/fckeditor/editor/filemanager/browser/default/connectors/test.html HTTP/1.0" 404 11969 "http://www.521php.com/webmaster/fckeditor/editor/filemanager/browser/default/connectors/test.html" "Mozilla/4.0 (compatible; MSIE 6.0; Windows NT 5.1; SV1; .NET CLR 2.0.50727)" -
91.200.12.28 - - [24/Aug/2014:08:13:59 +0800] "GET /admin/includes/rte/editor/filemanager/browser/default/connectors/test.html HTTP/1.0" 404 11969 "http://www.521php.com/admin/includes/rte/editor/filemanager/browser/default/connectors/test.html" "Mozilla/4.0 (compatible; MSIE 6.0; Windows NT 5.1; SV1; .NET CLR 2.0.50727)" -
91.200.12.28 - - [24/Aug/2014:08:14:01 +0800] "GET /admin/view/javascript/fckeditor/editor/filemanager/connectors/test.html HTTP/1.0" 404 11969 "http://www.521php.com/admin/view/javascript/fckeditor/editor/filemanager/connectors/test.html" "Mozilla/4.0 (compatible; MSIE 6.0; Windows NT 5.1; SV1; .NET CLR 2.0.50727)" -
91.200.12.28 - - [24/Aug/2014:08:14:02 +0800] "GET /includes/FCKeditor/editor/filemanager/browser/default/connectors/test.html HTTP/1.0" 404 11969 "http://www.521php.com/includes/FCKeditor/editor/filemanager/browser/default/connectors/test.html" "Mozilla/4.0 (compatible; MSIE 6.0; Windows NT 5.1; SV1; .NET CLR 2.0.50727)" -
91.200.12.28 - - [24/Aug/2014:08:14:04 +0800] "GET /mambots/editors/fckeditor/editor/filemanager/upload/test.html HTTP/1.0" 404 11969 "http://www.521php.com/mambots/editors/fckeditor/editor/filemanager/upload/test.html" "Mozilla/4.0 (compatible; MSIE 6.0; Windows NT 5.1; SV1; .NET CLR 2.0.50727)" -
91.200.12.28 - - [24/Aug/2014:08:14:05 +0800] "GET /administrator/FCKeditor/editor/filemanager/upload/test.html HTTP/1.0" 404 11969 "http://www.521php.com/administrator/FCKeditor/editor/filemanager/upload/test.html" "Mozilla/4.0 (compatible; MSIE 6.0; Windows NT 5.1; SV1; .NET CLR 2.0.50727)" -
91.200.12.28 - - [24/Aug/2014:08:14:07 +0800] "GET /wp-content/plugins/sem-wysiwyg/fckeditor/editor/filemanager/connectors/test.html HTTP/1.0" 404 11969 "http://www.521php.com/wp-content/plugins/sem-wysiwyg/fckeditor/editor/filemanager/connectors/test.html" "Mozilla/4.0 (compatible; MSIE 6.0; Windows NT 5.1; SV1; .NET CLR 2.0.50727)" -
91.200.12.28 - - [24/Aug/2014:08:14:08 +0800] "GET /js/fckeditor/editor/filemanager/connectors/test.html HTTP/1.0" 404 11969 "http://www.521php.com/js/fckeditor/editor/filemanager/connectors/test.html" "Mozilla/4.0 (compatible; MSIE 6.0; Windows NT 5.1; SV1; .NET CLR 2.0.50727)" -
91.200.12.28 - - [24/Aug/2014:08:14:10 +0800] "GET /include/js/fckeditor/editor/filemanager/connectors/test.html HTTP/1.0" 404 11969 "http://www.521php.com/include/js/fckeditor/editor/filemanager/connectors/test.html" "Mozilla/4.0 (compatible; MSIE 6.0; Windows NT 5.1; SV1; .NET CLR 2.0.50727)" -
180.153.229.140 - - [24/Aug/2014:08:14:28 +0800] "GET /sitemap.html HTTP/1.1" 200 46085 "-" "Mozilla/5.0 (compatible; MSIE 7.0; Windows NT 5.1; .NET CLR 1.1.4322) 360JK yunjiankong" -
123.125.80.235 - - [24/Aug/2014:08:16:17 +0800] "GET /sitemap.html HTTP/1.1" 200 46085 "-" "Mozilla/5.0 (compatible; MSIE 7.0; Windows NT 5.1; .NET CLR 1.1.4322) 360JK yunjiankong" -
180.153.229.140 - - [24/Aug/2014:08:19:29 +0800] "GET /sitemap.html HTTP/1.1" 200 46085 "-" "Mozilla/5.0 (compatible; MSIE 7.0; Windows NT 5.1; .NET CLR 1.1.4322) 360JK yunjiankong" -
94.153.10.27 - - [24/Aug/2014:08:21:16 +0800] "GET / HTTP/1.1" 200 45880 "http://1m2.com.ua/" "Mozilla/4.0 (compatible; MSIE 7.0b; Windows NT 6.0 ; .NET CLR 2.0.50215; SL Commerce Client v1.0; Tablet PC 2.0" -
94.153.10.27 - - [24/Aug/2014:08:21:18 +0800] "GET / HTTP/1.1" 200 45880 "http://1m2.com.ua/" "Mozilla/4.0 (compatible; MSIE 7.0b; Windows NT 6.0 ; .NET CLR 2.0.50215; SL Commerce Client v1.0; Tablet PC 2.0" -
123.125.80.235 - - [24/Aug/2014:08:21:18 +0800] "GET /sitemap.html HTTP/1.1" 200 46085 "-" "Mozilla/5.0 (compatible; MSIE 7.0; Windows NT 5.1; .NET CLR 1.1.4322) 360JK yunjiankong" -
94.153.10.27 - - [24/Aug/2014:08:21:19 +0800] "GET / HTTP/1.1" 200 45880 "http://1m2.com.ua/" "Mozilla/4.0 (compatible; MSIE 7.0b; Windows NT 6.0 ; .NET CLR 2.0.50215; SL Commerce Client v1.0; Tablet PC 2.0" -
180.153.229.140 - - [24/Aug/2014:08:24:28 +0800] "GET /sitemap.html HTTP/1.1" 200 46085 "-" "Mozilla/5.0 (compatible; MSIE 7.0; Windows NT 5.1; .NET CLR 1.1.4322) 360JK yunjiankong" -
123.125.80.235 - - [24/Aug/2014:08:26:17 +0800] "GET /sitemap.html HTTP/1.1" 200 46085 "-" "Mozilla/5.0 (compatible; MSIE 7.0; Windows NT 5.1; .NET CLR 1.1.4322) 360JK yunjiankong" -
5.255.253.32 - - [24/Aug/2014:08:26:20 +0800] "GET /robots.txt HTTP/1.1" 200 197 "-" "Mozilla/5.0 (compatible; YandexBot/3.0; +http://yandex.com/bots)" -
180.153.229.140 - - [24/Aug/2014:08:29:29 +0800] "GET /sitemap.html HTTP/1.1" 200 46085 "-" "Mozilla/5.0 (compatible; MSIE 7.0; Windows NT 5.1; .NET CLR 1.1.4322) 360JK yunjiankong" -
112.253.28.43 - - [24/Aug/2014:08:30:04 +0800] "POST /wp-cron.php?doing_wp_cron HTTP/1.0" 200 93 "-" "Wget/1.12 (linux-gnu)" -
123.125.80.235 - - [24/Aug/2014:08:31:18 +0800] "GET /sitemap.html HTTP/1.1" 200 46085 "-" "Mozilla/5.0 (compatible; MSIE 7.0; Windows NT 5.1; .NET CLR 1.1.4322) 360JK yunjiankong" -
180.153.229.140 - - [24/Aug/2014:08:34:28 +0800] "GET /sitemap.html HTTP/1.1" 200 46085 "-" "Mozilla/5.0 (compatible; MSIE 7.0; Windows NT 5.1; .NET CLR 1.1.4322) 360JK yunjiankong" -
123.125.80.235 - - [24/Aug/2014:08:36:17 +0800] "GET /sitemap.html HTTP/1.1" 200 46085 "-" "Mozilla/5.0 (compatible; MSIE 7.0; Windows NT 5.1; .NET CLR 1.1.4322) 360JK yunjiankong" -
182.118.70.19 - - [24/Aug/2014:08:38:39 +0800] "GET /wailian/ HTTP/1.1" 200 29701 "http://www.521php.com/wailian/" "Mozilla/5.0 (compatible; MSIE 9.0; Windows NT 6.1; Trident/5.0); 360Spider" -
180.153.229.140 - - [24/Aug/2014:08:39:29 +0800] "GET /sitemap.html HTTP/1.1" 200 46085 "-" "Mozilla/5.0 (compatible; MSIE 7.0; Windows NT 5.1; .NET CLR 1.1.4322) 360JK yunjiankong" -
123.125.80.235 - - [24/Aug/2014:08:41:18 +0800] "GET /sitemap.html HTTP/1.1" 200 46085 "-" "Mozilla/5.0 (compatible; MSIE 7.0; Windows NT 5.1; .NET CLR 1.1.4322) 360JK yunjiankong" -
220.181.108.180 - - [24/Aug/2014:08:44:27 +0800] "GET /wailian/index.php/html/k/db5f277453ba7852b7a16897d800a2b3.html HTTP/1.1" 200 9119 "-" "Mozilla/5.0 (compatible; Baiduspider/2.0; +http://www.baidu.com/search/spider.html)" -
180.153.229.140 - - [24/Aug/2014:08:44:29 +0800] "GET /sitemap.html HTTP/1.1" 200 46085 "-" "Mozilla/5.0 (compatible; MSIE 7.0; Windows NT 5.1; .NET CLR 1.1.4322) 360JK yunjiankong" -
123.125.80.235 - - [24/Aug/2014:08:46:17 +0800] "GET /sitemap.html HTTP/1.1" 200 46085 "-" "Mozilla/5.0 (compatible; MSIE 7.0; Windows NT 5.1; .NET CLR 1.1.4322) 360JK yunjiankong" -
218.30.118.100 - - [24/Aug/2014:08:46:51 +0800] "GET / HTTP/1.1" 200 84982 "-" "Mozilla/5.0 (Windows NT 6.1; rv:7.0.1) Gecko/20100101 Firefox/7.0.1" -
218.30.118.100 - - [24/Aug/2014:08:46:52 +0800] "GET / HTTP/1.1" 200 84982 "http://www.baidu.com/" "Baiduspider+(+http://www.baidu.com/search/spider.htm)" -
218.30.118.100 - - [24/Aug/2014:08:46:52 +0800] "GET / HTTP/1.1" 200 84982 "-" "360spider(http://webscan.360.cn)" -
218.30.118.100 - - [24/Aug/2014:08:46:52 +0800] "GET /wp-content/plugins/crayon-syntax-highlighter/js/min/crayon.min.js HTTP/1.1" 200 24247 "-" "Mozilla/5.0 (Windows NT 6.1; rv:7.0.1) Gecko/20100101 Firefox/7.0.1" -
220.181.158.106 - - [24/Aug/2014:08:46:53 +0800] "GET / HTTP/1.1" 301 5 "-" "Mozilla/5.0 (Windows NT 6.1; rv:7.0.1) Gecko/20100101 Firefox/7.0.1" -
220.181.158.106 - - [24/Aug/2014:08:46:53 +0800] "GET / HTTP/1.1" 200 42672 "-" "Mozilla/5.0 (Windows NT 6.1; rv:7.0.1) Gecko/20100101 Firefox/7.0.1" -
218.30.118.100 - - [24/Aug/2014:08:46:53 +0800] "GET //wp-content/themes/MRjs/iepngfix_tilebg.js HTTP/1.1" 301 5 "-" "Mozilla/5.0 (Windows NT 6.1; rv:7.0.1) Gecko/20100101 Firefox/7.0.1" -
218.30.118.100 - - [24/Aug/2014:08:46:54 +0800] "GET /wp-content/themes/MRjs/iepngfix_tilebg.js HTTP/1.1" 404 11995 "-" "Mozilla/5.0 (Windows NT 6.1; rv:7.0.1) Gecko/20100101 Firefox/7.0.1" -
218.30.118.100 - - [24/Aug/2014:08:46:55 +0800] "GET /wailian/public/scripts/tj.js HTTP/1.1" 200 627 "-" "Mozilla/5.0 (Windows NT 6.1; rv:7.0.1) Gecko/20100101 Firefox/7.0.1" -
218.30.118.100 - - [24/Aug/2014:08:46:55 +0800] "GET /wp-content/themes/zeke/MRjs/custom.js HTTP/1.1" 200 1694 "-" "Mozilla/5.0 (Windows NT 6.1; rv:7.0.1) Gecko/20100101 Firefox/7.0.1" -
218.30.118.100 - - [24/Aug/2014:08:46:55 +0800] "GET /wp-content/themes/zeke/miaov.js HTTP/1.1" 200 4099 "-" "Mozilla/5.0 (Windows NT 6.1; rv:7.0.1) Gecko/20100101 Firefox/7.0.1" -
218.30.118.100 - - [24/Aug/2014:08:46:56 +0800] "GET / HTTP/1.1" 200 84982 "http://www.baidu.com/s?wd=\xE7\x99\xBE\xE5\xAE\xB6\xE4\xB9\x90|\xE5\x8D\x9A\xE5\xBD\xA9|\xE7\x9A\x87\xE5\x86\xA0\xE7\xBD\x91|\xE5\xA4\xAA\xE9\x98\xB3\xE5\x9F\x8E" "Python-urllib/2.6" -
180.153.229.140 - - [24/Aug/2014:08:49:29 +0800] "GET /sitemap.html HTTP/1.1" 200 46085 "-" "Mozilla/5.0 (compatible; MSIE 7.0; Windows NT 5.1; .NET CLR 1.1.4322) 360JK yunjiankong" -
115.48.177.99 - - [24/Aug/2014:08:49:53 +0800] "GET /api/fav/?url=http://www.ledinside.cn/ HTTP/1.1" 200 3652 "http://dazhaoming.com/wlx/website/index" "Mozilla/5.0 (Linux; U; Android 2.3.5; zh-cn; GT-I9100 Build/GINGERBREAD) AppleWebKit/533.1 (KHTML, like Gecko) Version/4.0 Mobile Safari/533.1 MicroMessenger/5.3.1.67_r745169.462 NetType/WIFI" -
115.48.177.99 - - [24/Aug/2014:08:49:53 +0800] "GET /api/fav/?url=http://www.alighting.cn/ HTTP/1.1" 200 2876 "http://dazhaoming.com/wlx/website/index" "Mozilla/5.0 (Linux; U; Android 2.3.5; zh-cn; GT-I9100 Build/GINGERBREAD) AppleWebKit/533.1 (KHTML, like Gecko) Version/4.0 Mobile Safari/533.1 MicroMessenger/5.3.1.67_r745169.462 NetType/WIFI" -
115.48.177.99 - - [24/Aug/2014:08:49:53 +0800] "GET /api/fav/?url=http://www.lightget.com/ HTTP/1.1" 200 1164 "http://dazhaoming.com/wlx/website/index" "Mozilla/5.0 (Linux; U; Android 2.3.5; zh-cn; GT-I9100 Build/GINGERBREAD) AppleWebKit/533.1 (KHTML, like Gecko) Version/4.0 Mobile Safari/533.1 MicroMessenger/5.3.1.67_r745169.462 NetType/WIFI" -
115.48.177.99 - - [24/Aug/2014:08:49:54 +0800] "GET /api/fav/?url=http://lighting.qianjia.com/ HTTP/1.1" 200 1164 "http://dazhaoming.com/wlx/website/index" "Mozilla/5.0 (Linux; U; Android 2.3.5; zh-cn; GT-I9100 Build/GINGERBREAD) AppleWebKit/533.1 (KHTML, like Gecko) Version/4.0 Mobile Safari/533.1 MicroMessenger/5.3.1.67_r745169.462 NetType/WIFI" -
123.125.80.235 - - [24/Aug/2014:08:51:17 +0800] "GET /sitemap.html HTTP/1.1" 200 46085 "-" "Mozilla/5.0 (compatible; MSIE 7.0; Windows NT 5.1; .NET CLR 1.1.4322) 360JK yunjiankong" -
180.153.229.140 - - [24/Aug/2014:08:54:28 +0800] "GET /sitemap.html HTTP/1.1" 200 46085 "-" "Mozilla/5.0 (compatible; MSIE 7.0; Windows NT 5.1; .NET CLR 1.1.4322) 360JK yunjiankong" -
123.125.80.235 - - [24/Aug/2014:08:56:17 +0800] "GET /sitemap.html HTTP/1.1" 200 46085 "-" "Mozilla/5.0 (compatible; MSIE 7.0; Windows NT 5.1; .NET CLR 1.1.4322) 360JK yunjiankong" -
180.153.229.140 - - [24/Aug/2014:08:59:28 +0800] "GET /sitemap.html HTTP/1.1" 200 46085 "-" "Mozilla/5.0 (compatible; MSIE 7.0; Windows NT 5.1; .NET CLR 1.1.4322) 360JK yunjiankong" -
112.253.28.43 - - [24/Aug/2014:09:00:04 +0800] "POST /wp-cron.php?doing_wp_cron HTTP/1.0" 200 93 "-" "Wget/1.12 (linux-gnu)" -
123.125.80.235 - - [24/Aug/2014:09:01:17 +0800] "GET /sitemap.html HTTP/1.1" 200 46085 "-" "Mozilla/5.0 (compatible; MSIE 7.0; Windows NT 5.1; .NET CLR 1.1.4322) 360JK yunjiankong" -
180.153.229.140 - - [24/Aug/2014:09:04:28 +0800] "GET /sitemap.html HTTP/1.1" 200 46085 "-" "Mozilla/5.0 (compatible; MSIE 7.0; Windows NT 5.1; .NET CLR 1.1.4322) 360JK yunjiankong" -
192.151.156.43 - - [24/Aug/2014:09:05:43 +0800] "GET /archives/1654/ HTTP/1.0" 200 75585 "http://www.521php.com/archives/1654/" "Mozilla/5.0 (Windows NT 6.1; WOW64) AppleWebKit/537.36 (KHTML, like Gecko) Chrome/30.0.1599.12785 YaBrowser/13.12.1599.12785 Safari/537.36" -
192.151.156.43 - - [24/Aug/2014:09:05:45 +0800] "POST /wp-comments-post.php HTTP/1.0" 500 2985 "http://www.521php.com/archives/1654/" "Mozilla/5.0 (Windows NT 6.1; WOW64) AppleWebKit/537.36 (KHTML, like Gecko) Chrome/30.0.1599.12785 YaBrowser/13.12.1599.12785 Safari/537.36" -
61.135.186.17 - - [24/Aug/2014:09:05:56 +0800] "GET /wp-content/uploads/2013/08/20130807102050.jpg HTTP/1.1" 200 50944 "http://www.521php.com/" "Mozilla/5.0 (Windows NT 5.1; rv:8.0.1) Gecko/20100101 Firefox/8.0.1" -
123.125.80.235 - - [24/Aug/2014:09:06:17 +0800] "GET /sitemap.html HTTP/1.1" 200 46085 "-" "Mozilla/5.0 (compatible; MSIE 7.0; Windows NT 5.1; .NET CLR 1.1.4322) 360JK yunjiankong" -
66.249.64.228 - - [24/Aug/2014:09:07:56 +0800] "GET /page/18/?iapolo_com HTTP/1.1" 200 15252 "-" "Mozilla/5.0 (compatible; Googlebot/2.1; +http://www.google.com/bot.html)" -
42.62.36.237 - - [24/Aug/2014:09:08:12 +0800] "HEAD /wailian/index.php/lh HTTP/1.1" 200 0 "-" "Mozilla/5.0 (compatible; ChinasoSpider; +http://shoulu.jike.com/spider.html)" -
42.62.36.237 - - [24/Aug/2014:09:08:16 +0800] "GET /wailian/index.php/lh HTTP/1.1" 200 7339 "-" "Mozilla/5.0 (compatible; ChinasoSpider; +http://shoulu.jike.com/spider.html)" -
42.62.36.237 - - [24/Aug/2014:09:08:17 +0800] "GET /siteinfo/1030.html HTTP/1.1" 404 4030 "-" "Mozilla/5.0 (compatible; ChinasoSpider; +http://shoulu.jike.com/spider.html)" -
42.62.36.237 - - [24/Aug/2014:09:08:26 +0800] "GET /archives/1756/?replytocom=8646 HTTP/1.1" 200 17124 "-" "Mozilla/5.0 (compatible; ChinasoSpider; +http://shoulu.jike.com/spider.html)" -
192.102.204.37 - - [24/Aug/2014:09:08:52 +0800] "GET /feed/ HTTP/1.1" 304 20 "-" "FeedDemon/4.5 (http://www.feeddemon.com/; Microsoft Windows)" -
180.153.229.140 - - [24/Aug/2014:09:09:29 +0800] "GET /sitemap.html HTTP/1.1" 200 46085 "-" "Mozilla/5.0 (compatible; MSIE 7.0; Windows NT 5.1; .NET CLR 1.1.4322) 360JK yunjiankong" -
123.125.80.235 - - [24/Aug/2014:09:11:17 +0800] "GET /sitemap.html HTTP/1.1" 200 46085 "-" "Mozilla/5.0 (compatible; MSIE 7.0; Windows NT 5.1; .NET CLR 1.1.4322) 360JK yunjiankong" -
207.172.209.16 - - [24/Aug/2014:09:13:50 +0800] "GET / HTTP/1.1" 200 14187 "-" "Mozilla/5.0 (Windows NT 6.1; WOW64; rv:15.0) Gecko/20100101 Firefox/15.0.1" -
180.153.229.140 - - [24/Aug/2014:09:14:29 +0800] "GET /sitemap.html HTTP/1.1" 200 46085 "-" "Mozilla/5.0 (compatible; MSIE 7.0; Windows NT 5.1; .NET CLR 1.1.4322) 360JK yunjiankong" -
123.125.80.235 - - [24/Aug/2014:09:16:17 +0800] "GET /sitemap.html HTTP/1.1" 200 46085 "-" "Mozilla/5.0 (compatible; MSIE 7.0; Windows NT 5.1; .NET CLR 1.1.4322) 360JK yunjiankong" -
27.159.200.150 - - [24/Aug/2014:09:16:50 +0800] "GET / HTTP/1.0" 200 84937 "http://www.521php.com/" "Mozilla/4.0 (compatible; MSIE 6.0; Windows NT 5.1; SV1; .NET CLR 2.0.50727)" -
183.60.215.31 - - [24/Aug/2014:09:19:19 +0800] "GET /go-www.kunlunxing.com.html HTTP/1.1" 404 4030 "-" "Mozilla/5.0 (compatible; EasouSpider; +http://www.easou.com/search/spider.html)" -
180.153.229.140 - - [24/Aug/2014:09:19:28 +0800] "GET /sitemap.html HTTP/1.1" 200 46085 "-" "Mozilla/5.0 (compatible; MSIE 7.0; Windows NT 5.1; .NET CLR 1.1.4322) 360JK yunjiankong" -
123.125.71.117 - - [24/Aug/2014:09:20:50 +0800] "GET /?p=1257 HTTP/1.1" 301 31 "-" "Mozilla/5.0 (compatible; Baiduspider/2.0; +http://www.baidu.com/search/spider.html)" -
123.125.71.98 - - [24/Aug/2014:09:20:52 +0800] "GET /archives/1257/ HTTP/1.1" 200 15375 "-" "Mozilla/5.0 (compatible; Baiduspider/2.0; +http://www.baidu.com/search/spider.html)" -
123.125.80.235 - - [24/Aug/2014:09:21:17 +0800] "GET /sitemap.html HTTP/1.1" 200 46085 "-" "Mozilla/5.0 (compatible; MSIE 7.0; Windows NT 5.1; .NET CLR 1.1.4322) 360JK yunjiankong" -
42.121.35.73 - - [24/Aug/2014:09:21:20 +0800] "GET /api/pinyin.php?type=1&str=\xE5\x94\x90\xE5\xAF\x85\xE6\xAC\xBE\xE6\xB8\xB8\xE6\x9E\x97\xE5\x9B\xBE-\xE5\x94\x90\xE5\xAF\x85 HTTP/1.1" 200 38 "-" "Python-urllib/2.7" -
42.121.35.73 - - [24/Aug/2014:09:21:20 +0800] "GET /api/pinyin.php?type=1&str=\xE5\x94\x90\xE5\xAF\x85\xE6\xAC\xBE\xE6\xB8\xB8\xE6\x9E\x97\xE5\x9B\xBE-\xE5\x94\x90\xE5\xAF\x85 HTTP/1.1" 200 38 "-" "Python-urllib/2.7" -
180.153.236.53 - - [24/Aug/2014:09:23:15 +0800] "GET /archives/1300/ HTTP/1.1" 200 18419 "http://www.521php.com/archives/1300/" "Mozilla/5.0 (compatible; MSIE 9.0; Windows NT 6.1; Trident/5.0); 360Spider" -
180.153.229.140 - - [24/Aug/2014:09:24:29 +0800] "GET /sitemap.html HTTP/1.1" 200 46085 "-" "Mozilla/5.0 (compatible; MSIE 7.0; Windows NT 5.1; .NET CLR 1.1.4322) 360JK yunjiankong" -
123.125.80.235 - - [24/Aug/2014:09:26:17 +0800] "GET /sitemap.html HTTP/1.1" 200 46085 "-" "Mozilla/5.0 (compatible; MSIE 7.0; Windows NT 5.1; .NET CLR 1.1.4322) 360JK yunjiankong" -
42.121.35.73 - - [24/Aug/2014:09:26:20 +0800] "GET /api/pinyin.php?type=1&str=\xE5\x94\x90\xE5\xAF\x85\xE6\xAC\xBE\xE6\xB8\xB8\xE6\x9E\x97\xE5\x9B\xBE-\xE5\x94\x90\xE5\xAF\x85 HTTP/1.1" 200 38 "-" "Python-urllib/2.7" -
42.121.35.73 - - [24/Aug/2014:09:26:20 +0800] "GET /api/pinyin.php?type=1&str=\xE5\x94\x90\xE5\xAF\x85\xE6\xAC\xBE\xE6\xB8\xB8\xE6\x9E\x97\xE5\x9B\xBE-\xE5\x94\x90\xE5\xAF\x85 HTTP/1.1" 200 38 "-" "Python-urllib/2.7" -
180.153.229.140 - - [24/Aug/2014:09:29:30 +0800] "GET /sitemap.html HTTP/1.1" 200 46085 "-" "Mozilla/5.0 (compatible; MSIE 7.0; Windows NT 5.1; .NET CLR 1.1.4322) 360JK yunjiankong" -
112.253.28.43 - - [24/Aug/2014:09:30:03 +0800] "POST /wp-cron.php?doing_wp_cron HTTP/1.0" 200 93 "-" "Wget/1.12 (linux-gnu)" -
183.60.212.161 - - [24/Aug/2014:09:30:03 +0800] "GET /archives/tag/phome/ HTTP/1.1" 200 12767 "-" "Mozilla/5.0 (compatible; EasouSpider; +http://www.easou.com/search/spider.html)" -
123.125.80.235 - - [24/Aug/2014:09:31:17 +0800] "GET /sitemap.html HTTP/1.1" 200 46085 "-" "Mozilla/5.0 (compatible; MSIE 7.0; Windows NT 5.1; .NET CLR 1.1.4322) 360JK yunjiankong" -
42.121.35.73 - - [24/Aug/2014:09:31:20 +0800] "GET /api/pinyin.php?type=1&str=\xE5\x94\x90\xE5\xAF\x85\xE6\xAC\xBE\xE6\xB8\xB8\xE6\x9E\x97\xE5\x9B\xBE-\xE5\x94\x90\xE5\xAF\x85 HTTP/1.1" 200 38 "-" "Python-urllib/2.7" -
42.121.35.73 - - [24/Aug/2014:09:31:21 +0800] "GET /api/pinyin.php?type=1&str=\xE5\x94\x90\xE5\xAF\x85\xE6\xAC\xBE\xE6\xB8\xB8\xE6\x9E\x97\xE5\x9B\xBE-\xE5\x94\x90\xE5\xAF\x85 HTTP/1.1" 200 38 "-" "Python-urllib/2.7" -
199.15.233.184 - - [24/Aug/2014:09:31:42 +0800] "GET /archives/1027/comment-page-1/ HTTP/1.0" 301 0 "http://521php.com/archives/1027/comment-page-1/" "Mozilla/5.0 (Windows NT 6.1) AppleWebKit/537.36 (KHTML, like Gecko) Chrome/32.0.1700.76 Safari/537.36" -
199.15.233.184 - - [24/Aug/2014:09:31:51 +0800] "GET /archives/1027/comment-page-1/ HTTP/1.0" 200 71021 "http://www.521php.com/archives/1027/comment-page-1/" "Mozilla/5.0 (Windows NT 6.1) AppleWebKit/537.36 (KHTML, like Gecko) Chrome/32.0.1700.76 Safari/537.36" -
220.181.108.176 - - [24/Aug/2014:09:33:54 +0800] "GET /?p=1284 HTTP/1.1" 301 31 "-" "Mozilla/5.0 (compatible; Baiduspider/2.0; +http://www.baidu.com/search/spider.html)" -
220.181.108.143 - - [24/Aug/2014:09:33:55 +0800] "GET /archives/1284/ HTTP/1.1" 200 16064 "-" "Mozilla/5.0 (compatible; Baiduspider/2.0; +http://www.baidu.com/search/spider.html)" -
180.153.229.140 - - [24/Aug/2014:09:34:29 +0800] "GET /sitemap.html HTTP/1.1" 200 46085 "-" "Mozilla/5.0 (compatible; MSIE 7.0; Windows NT 5.1; .NET CLR 1.1.4322) 360JK yunjiankong" -
123.125.80.235 - - [24/Aug/2014:09:36:17 +0800] "GET /sitemap.html HTTP/1.1" 200 46085 "-" "Mozilla/5.0 (compatible; MSIE 7.0; Windows NT 5.1; .NET CLR 1.1.4322) 360JK yunjiankong" -
42.121.35.73 - - [24/Aug/2014:09:36:19 +0800] "GET /api/pinyin.php?type=1&str=\xE8\xAF\x97\xE6\x80\x9D\xE6\x9C\xAA\xE5\xBF\x85\xE5\x9C\xA8\xE9\x9C\x9C\xE6\xA1\xA5-\xE8\x8C\x83\xE6\x9B\xBE HTTP/1.1" 200 42 "-" "Python-urllib/2.7" -
42.121.35.73 - - [24/Aug/2014:09:36:19 +0800] "GET /api/pinyin.php?type=1&str=\xE8\xAF\x97\xE6\x80\x9D\xE6\x9C\xAA\xE5\xBF\x85\xE5\x9C\xA8\xE9\x9C\x9C\xE6\xA1\xA5-\xE8\x8C\x83\xE6\x9B\xBE HTTP/1.1" 200 42 "-" "Python-urllib/2.7" -
42.121.35.73 - - [24/Aug/2014:09:36:20 +0800] "GET /api/pinyin.php?type=1&str=\xE5\x94\x90\xE5\xAF\x85\xE6\xAC\xBE\xE6\xB8\xB8\xE6\x9E\x97\xE5\x9B\xBE-\xE5\x94\x90\xE5\xAF\x85 HTTP/1.1" 200 38 "-" "Python-urllib/2.7" -
42.121.35.73 - - [24/Aug/2014:09:36:20 +0800] "GET /api/pinyin.php?type=1&str=\xE5\x94\x90\xE5\xAF\x85\xE6\xAC\xBE\xE6\xB8\xB8\xE6\x9E\x97\xE5\x9B\xBE-\xE5\x94\x90\xE5\xAF\x85 HTTP/1.1" 200 38 "-" "Python-urllib/2.7" -
